Component: ARM Compiler 5.05 update 1 (build 106) Tool: armlink [4d0efa]

==============================================================================

Section Cross References

    mian.o(i.main) refers to kservice.o(i.rt_kprintf) for rt_kprintf
    mian.o(i.main) refers to usart2.o(i.usart2_init) for usart2_init
    mian.o(i.main) refers to usart3.o(i.usart3_init) for usart3_init
    mian.o(i.main) refers to mian.o(i.bz_init) for bz_init
    mian.o(i.main) refers to encoder.o(i.Encoder_Init_TIM2) for Encoder_Init_TIM2
    mian.o(i.main) refers to encoder.o(i.Encoder_Init_TIM4) for Encoder_Init_TIM4
    mian.o(i.main) refers to motor.o(i.PWM_Init_TIM1) for PWM_Init_TIM1
    mian.o(i.main) refers to thread.o(i.rt_thread_create) for rt_thread_create
    mian.o(i.main) refers to thread.o(i.rt_thread_startup) for rt_thread_startup
    mian.o(i.main) refers to timer.o(i.rt_timer_create) for rt_timer_create
    mian.o(i.main) refers to timer.o(i.rt_timer_start) for rt_timer_start
    mian.o(i.main) refers to thread_mw.o(i.readEncode) for readEncode
    mian.o(i.main) refers to mian.o(.data) for tid1
    mian.o(i.main) refers to thread_mw.o(i.sendData) for sendData
    mian.o(i.main) refers to thread_mw.o(i.controlMotor) for controlMotor
    mian.o(i.main) refers to thread_mw.o(i.timer1_f) for timer1_f
    motor.o(i.balance_mw) refers to fadd.o(.text) for __aeabi_fsub
    motor.o(i.balance_mw) refers to fmul.o(.text) for __aeabi_fmul
    motor.o(i.balance_mw) refers to ffixi.o(.text) for __aeabi_f2iz
    motor.o(i.balance_mw) refers to motor.o(.data) for Bias
    motor.o(i.selfCorrecting) refers to motor.o(i.motor_run) for motor_run
    motor.o(i.velocity_mw) refers to fflti.o(.text) for __aeabi_i2f
    motor.o(i.velocity_mw) refers to fadd.o(.text) for __aeabi_fsub
    motor.o(i.velocity_mw) refers to ffixi.o(.text) for __aeabi_f2iz
    motor.o(i.velocity_mw) refers to f2d.o(.text) for __aeabi_f2d
    motor.o(i.velocity_mw) refers to dmul.o(.text) for __aeabi_dmul
    motor.o(i.velocity_mw) refers to d2f.o(.text) for __aeabi_d2f
    motor.o(i.velocity_mw) refers to dflti.o(.text) for __aeabi_i2d
    motor.o(i.velocity_mw) refers to dadd.o(.text) for __aeabi_dadd
    motor.o(i.velocity_mw) refers to cfrcmple.o(.text) for __aeabi_cfrcmple
    motor.o(i.velocity_mw) refers to cfcmple.o(.text) for __aeabi_cfcmple
    motor.o(i.velocity_mw) refers to fmul.o(.text) for __aeabi_fmul
    motor.o(i.velocity_mw) refers to thread_mw.o(.data) for leftEncoder
    motor.o(i.velocity_mw) refers to motor.o(.data) for Flag_v
    usart1.o(i.PcTx_String) refers to usart1.o(i.PcTx_Byte) for PcTx_Byte
    usart1.o(i.USART1_IRQHandler) refers to irq.o(i.rt_interrupt_enter) for rt_interrupt_enter
    usart1.o(i.USART1_IRQHandler) refers to control.o(i.remoteControl) for remoteControl
    usart1.o(i.USART1_IRQHandler) refers to irq.o(i.rt_interrupt_leave) for rt_interrupt_leave
    usart1.o(i.usart_init) refers to ffltui.o(.text) for __aeabi_ui2f
    usart1.o(i.usart_init) refers to fdiv.o(.text) for __aeabi_fdiv
    usart1.o(i.usart_init) refers to ffixui.o(.text) for __aeabi_f2uiz
    usart1.o(i.usart_init) refers to fadd.o(.text) for __aeabi_frsub
    usart1.o(i.usart_init) refers to fmul.o(.text) for __aeabi_fmul
    usart2.o(i.PcTx_String2) refers to usart2.o(i.PcTx_Byte2) for PcTx_Byte2
    usart2.o(i.USART2_IRQHandler) refers to irq.o(i.rt_interrupt_enter) for rt_interrupt_enter
    usart2.o(i.USART2_IRQHandler) refers to jy901.o(i.CopeSerialData) for CopeSerialData
    usart2.o(i.USART2_IRQHandler) refers to irq.o(i.rt_interrupt_leave) for rt_interrupt_leave
    usart2.o(i.usart2_init) refers to ffltui.o(.text) for __aeabi_ui2f
    usart2.o(i.usart2_init) refers to fdiv.o(.text) for __aeabi_fdiv
    usart2.o(i.usart2_init) refers to ffixui.o(.text) for __aeabi_f2uiz
    usart2.o(i.usart2_init) refers to fadd.o(.text) for __aeabi_frsub
    usart2.o(i.usart2_init) refers to fmul.o(.text) for __aeabi_fmul
    usart3.o(i.PcTx_String3) refers to usart3.o(i.PcTx_Byte3) for PcTx_Byte3
    usart3.o(i.Task_Pc3) refers to xnumx.o(i.xnumx) for xnumx
    usart3.o(i.Task_Pc3) refers to printfa.o(i.__0printf) for __2printf
    usart3.o(i.Task_Pc3) refers to memseta.o(.text) for __aeabi_memclr4
    usart3.o(i.Task_Pc3) refers to usart3.o(.data) for Rx_Len3
    usart3.o(i.Task_Pc3) refers to usart3.o(.bss) for m
    usart3.o(i.USART3_IRQHandler) refers to irq.o(i.rt_interrupt_enter) for rt_interrupt_enter
    usart3.o(i.USART3_IRQHandler) refers to control.o(i.track_zhixian) for track_zhixian
    usart3.o(i.USART3_IRQHandler) refers to irq.o(i.rt_interrupt_leave) for rt_interrupt_leave
    usart3.o(i.USART3_IRQHandler) refers to control.o(.data) for xunji_flag
    usart3.o(i.usart3_init) refers to ffltui.o(.text) for __aeabi_ui2f
    usart3.o(i.usart3_init) refers to fdiv.o(.text) for __aeabi_fdiv
    usart3.o(i.usart3_init) refers to ffixui.o(.text) for __aeabi_f2uiz
    usart3.o(i.usart3_init) refers to fadd.o(.text) for __aeabi_frsub
[...]
    Removing jy901.o(i.clear), (16 bytes).
    Removing jy901.o(i.clear_imu_data), (112 bytes).
    Removing xnumx.o(.rev16_text), (4 bytes).
    Removing xnumx.o(.revsh_text), (4 bytes).
    Removing xnumx.o(.rrx_text), (6 bytes).
    Removing xnumx.o(i.findFirstChar), (28 bytes).
    Removing xnumx.o(i.findLastChar), (36 bytes).
    Removing xnumx.o(i.xnumx), (384 bytes).
    Removing xnumx.o(.constdata), (40 bytes).
    Removing control.o(.rev16_text), (4 bytes).
    Removing control.o(.revsh_text), (4 bytes).
    Removing control.o(.rrx_text), (6 bytes).
    Removing control.o(i.motor), (24 bytes).
    Removing control.o(i.track_zhixian2), (254 bytes).
    Removing ano.o(.rev16_text), (4 bytes).
    Removing ano.o(.revsh_text), (4 bytes).
    Removing ano.o(.rrx_text), (6 bytes).
    Removing startup_stm32f10x_md.o(HEAP), (512 bytes).
    Removing system_stm32f10x.o(.rev16_text), (4 bytes).
    Removing system_stm32f10x.o(.revsh_text), (4 bytes).
    Removing system_stm32f10x.o(.rrx_text), (6 bytes).
    Removing cpuport.o(i.rt_hw_cpu_reset), (16 bytes).
    Removing cpuport.o(i.rt_hw_cpu_shutdown), (28 bytes).
    Removing cpuport.o(i.rt_hw_exception_install), (12 bytes).
    Removing clock.o(i.rt_system_tick_init), (2 bytes).
    Removing clock.o(i.rt_tick_from_millisecond), (32 bytes).
    Removing clock.o(i.rt_tick_set), (28 bytes).
    Removing idle.o(i.rt_thread_idle_gethandler), (8 bytes).
    Removing ipc.o(i.rt_ipc_list_resume_all), (50 bytes).
    Removing ipc.o(i.rt_mb_control), (66 bytes).
    Removing ipc.o(i.rt_mb_create), (82 bytes).
    Removing ipc.o(i.rt_mb_delete), (36 bytes).
    Removing ipc.o(i.rt_mb_detach), (30 bytes).
    Removing ipc.o(i.rt_mb_init), (62 bytes).
    Removing ipc.o(i.rt_mb_recv), (244 bytes).
    Removing ipc.o(i.rt_mb_send), (18 bytes).
    Removing ipc.o(i.rt_mb_send_wait), (246 bytes).
    Removing ipc.o(i.rt_sem_control), (54 bytes).
    Removing ipc.o(i.rt_sem_create), (42 bytes).
    Removing ipc.o(i.rt_sem_delete), (22 bytes).
    Removing ipc.o(i.rt_sem_detach), (22 bytes).
    Removing ipc.o(i.rt_sem_trytake), (14 bytes).
    Removing irq.o(i.rt_interrupt_get_nest), (12 bytes).
    Removing kservice.o(i._rt_errno), (36 bytes).
    Removing kservice.o(i.rt_free_align), (16 bytes).
    Removing kservice.o(i.rt_get_errno), (36 bytes).
    Removing kservice.o(i.rt_kputs), (18 bytes).
    Removing kservice.o(i.rt_malloc_align), (66 bytes).
    Removing kservice.o(i.rt_memcmp), (38 bytes).
    Removing kservice.o(i.rt_memcpy), (124 bytes).
    Removing kservice.o(i.rt_memmove), (66 bytes).
    Removing kservice.o(i.rt_set_errno), (40 bytes).
    Removing kservice.o(i.rt_snprintf), (38 bytes).
    Removing kservice.o(i.rt_sprintf), (34 bytes).
    Removing kservice.o(i.rt_strcasecmp), (48 bytes).
    Removing kservice.o(i.rt_strcmp), (28 bytes).
    Removing kservice.o(i.rt_strdup), (40 bytes).
    Removing kservice.o(i.rt_strncmp), (40 bytes).
    Removing kservice.o(i.rt_strnlen), (24 bytes).
    Removing kservice.o(i.rt_strstr), (58 bytes).
    Removing kservice.o(i.rt_vsprintf), (22 bytes).
    Removing kservice.o(.data), (4 bytes).
    Removing mem.o(i.rt_calloc), (34 bytes).
    Removing mem.o(i.rt_memory_info), (40 bytes).
    Removing mem.o(i.rt_realloc), (296 bytes).
    Removing object.o(i.rt_object_find), (86 bytes).
    Removing object.o(i.rt_object_get_type), (10 bytes).
    Removing object.o(i.rt_system_object_init), (2 bytes).
    Removing scheduler.o(i.rt_critical_level), (12 bytes).
    Removing thread.o(i.rt_thread_control), (118 bytes).
    Removing thread.o(i.rt_thread_delete), (64 bytes).
    Removing thread.o(i.rt_thread_detach), (76 bytes).
    Removing thread.o(i.rt_thread_find), (82 bytes).
    Removing thread.o(i.rt_thread_mdelay), (20 bytes).
    Removing timer.o(i.rt_timer_delete), (32 bytes).
    Removing timer.o(i.rt_timer_list_next_timeout), (28 bytes).
    Removing timer.o(i.rt_timer_next_timeout_tick), (16 bytes).
    Removing board.o(.rev16_text), (4 bytes).
    Removing board.o(.revsh_text), (4 bytes).
    Removing board.o(.rrx_text), (6 bytes).
    Removing ddiv.o(.text), (222 bytes).
    Removing dfltui.o(.text), (26 bytes).
    Removing dfixul.o(.text), (48 bytes).
    Removing cdrcmple.o(.text), (48 bytes).

120 unused section(s) (total 6223 bytes) removed from the image.

==============================================================================

Image Symbol Table

    Local Symbols

    Symbol Name                              Value     Ov Type        Size  Object(Section)

    ../clib/../cmprslib/zerorunl2.c          0x00000000   Number         0  __dczerorl2.o ABSOLUTE
    ../clib/microlib/division.c              0x00000000   Number         0  uidiv.o ABSOLUTE
    ../clib/microlib/division.c              0x00000000   Number         0  uldiv.o ABSOLUTE
    ../clib/microlib/init/entry.s            0x00000000   Number         0  entry.o ABSOLUTE
    ../clib/microlib/init/entry.s            0x00000000   Number         0  entry9b.o ABSOLUTE
    ../clib/microlib/init/entry.s            0x00000000   Number         0  entry8b.o ABSOLUTE
    ../clib/microlib/init/entry.s            0x00000000   Number         0  entry8a.o ABSOLUTE
    ../clib/microlib/init/entry.s            0x00000000   Number         0  entry7b.o ABSOLUTE
    ../clib/microlib/init/entry.s            0x00000000   Number         0  entry10b.o ABSOLUTE
    ../clib/microlib/init/entry.s            0x00000000   Number         0  entry7a.o ABSOLUTE
    ../clib/microlib/init/entry.s            0x00000000   Number         0  entry11a.o ABSOLUTE
    ../clib/microlib/init/entry.s            0x00000000   Number         0  entry5.o ABSOLUTE
    ../clib/microlib/init/entry.s            0x00000000   Number         0  entry2.o ABSOLUTE
    ../clib/microlib/init/entry.s            0x00000000   Number         0  entry11b.o ABSOLUTE
    ../clib/microlib/init/entry.s            0x00000000   Number         0  entry9a.o ABSOLUTE
    ../clib/microlib/init/entry.s            0x00000000   Number         0  entry10a.o ABSOLUTE
    ../clib/microlib/longlong.c              0x00000000   Number         0  llshl.o ABSOLUTE
    ../clib/microlib/longlong.c              0x00000000   Number         0  llsshr.o ABSOLUTE
    ../clib/microlib/longlong.c              0x00000000   Number         0  llushr.o ABSOLUTE
    ../clib/microlib/malloc/malloc.c         0x00000000   Number         0  mallocra.o ABSOLUTE
    ../clib/microlib/malloc/malloc.c         0x00000000   Number         0  malloca.o ABSOLUTE
    ../clib/microlib/malloc/malloc.c         0x00000000   Number         0  malloc.o ABSOLUTE
    ../clib/microlib/malloc/malloc.c         0x00000000   Number         0  mallocr.o ABSOLUTE
    ../clib/microlib/malloc/mvars.c          0x00000000   Number         0  mvars.o ABSOLUTE
    ../clib/microlib/printf/printf.c         0x00000000   Number         0  printf3.o ABSOLUTE
    ../clib/microlib/printf/printf.c         0x00000000   Number         0  printf7.o ABSOLUTE
    ../clib/microlib/printf/printf.c         0x00000000   Number         0  printf2.o ABSOLUTE
    ../clib/microlib/printf/printf.c         0x00000000   Number         0  printfa.o ABSOLUTE
    ../clib/microlib/printf/printf.c         0x00000000   Number         0  printf8.o ABSOLUTE
    ../clib/microlib/printf/printf.c         0x00000000   Number         0  printf6.o ABSOLUTE
    ../clib/microlib/printf/printf.c         0x00000000   Number         0  printf5.o ABSOLUTE
    ../clib/microlib/printf/printf.c         0x00000000   Number         0  printf1.o ABSOLUTE
    ../clib/microlib/printf/printf.c         0x00000000   Number         0  printf0.o ABSOLUTE
    ../clib/microlib/printf/printf.c         0x00000000   Number         0  printfb.o ABSOLUTE
    ../clib/microlib/printf/printf.c         0x00000000   Number         0  printf4.o ABSOLUTE
    ../clib/microlib/printf/stubs.s          0x00000000   Number         0  stubs.o ABSOLUTE
    ../clib/microlib/string/memcpy.c         0x00000000   Number         0  memcpyb.o ABSOLUTE
    ../clib/microlib/string/memcpy.c         0x00000000   Number         0  memcpya.o ABSOLUTE
    ../clib/microlib/string/memset.c         0x00000000   Number         0  memseta.o ABSOLUTE
    ../clib/microlib/stubs.s                 0x00000000   Number         0  iusefp.o ABSOLUTE
    ../fplib/microlib/d2f.c                  0x00000000   Number         0  d2f.o ABSOLUTE
    ../fplib/microlib/f2d.c                  0x00000000   Number         0  f2d.o ABSOLUTE
    ../fplib/microlib/fpadd.c                0x00000000   Number         0  dadd.o ABSOLUTE
    ../fplib/microlib/fpadd.c                0x00000000   Number         0  fadd.o ABSOLUTE
    ../fplib/microlib/fpdiv.c                0x00000000   Number         0  fdiv.o ABSOLUTE
    ../fplib/microlib/fpdiv.c                0x00000000   Number         0  ddiv.o ABSOLUTE
    ../fplib/microlib/fpepilogue.c           0x00000000   Number         0  fepilogue.o ABSOLUTE
    ../fplib/microlib/fpepilogue.c           0x00000000   Number         0  depilogue.o ABSOLUTE
    ../fplib/microlib/fpfix.c                0x00000000   Number         0  ffixui.o ABSOLUTE
    ../fplib/microlib/fpfix.c                0x00000000   Number         0  ffixi.o ABSOLUTE
    ../fplib/microlib/fpfix.c                0x00000000   Number         0  dfixul.o ABSOLUTE
    ../fplib/microlib/fpflt.c                0x00000000   Number         0  dfltui.o ABSOLUTE
    ../fplib/microlib/fpflt.c                0x00000000   Number         0  dflti.o ABSOLUTE
    ../fplib/microlib/fpflt.c                0x00000000   Number         0  fflti.o ABSOLUTE
    ../fplib/microlib/fpflt.c                0x00000000   Number         0  ffltui.o ABSOLUTE
    ../fplib/microlib/fpmul.c                0x00000000   Number         0  dmul.o ABSOLUTE
    ../fplib/microlib/fpmul.c                0x00000000   Number         0  fmul.o ABSOLUTE
    C:\Keil_v5\ARM\PACK\RealThread\RT-Thread\3.1.2\libcpu\arm\cortex-m3\context_rvds.S 0x00000000   Number         0  context_rvds.o ABSOLUTE
    C:\Keil_v5\ARM\PACK\RealThread\RT-Thread\3.1.2\libcpu\arm\cortex-m3\cpuport.c 0x00000000   Number         0  cpuport.o ABSOLUTE
    C:\Keil_v5\ARM\PACK\RealThread\RT-Thread\3.1.2\src\clock.c 0x00000000   Number         0  clock.o ABSOLUTE
    C:\Keil_v5\ARM\PACK\RealThread\RT-Thread\3.1.2\src\components.c 0x00000000   Number         0  components.o ABSOLUTE
    C:\Keil_v5\ARM\PACK\RealThread\RT-Thread\3.1.2\src\device.c 0x00000000   Number         0  device.o ABSOLUTE
    C:\Keil_v5\ARM\PACK\RealThread\RT-Thread\3.1.2\src\idle.c 0x00000000   Number         0  idle.o ABSOLUTE
    C:\Keil_v5\ARM\PACK\RealThread\RT-Thread\3.1.2\src\ipc.c 0x00000000   Number         0  ipc.o ABSOLUTE
    C:\Keil_v5\ARM\PACK\RealThread\RT-Thread\3.1.2\src\irq.c 0x00000000   Number         0  irq.o ABSOLUTE
    C:\Keil_v5\ARM\PACK\RealThread\RT-Thread\3.1.2\src\kservice.c 0x00000000   Number         0  kservice.o ABSOLUTE
    C:\Keil_v5\ARM\PACK\RealThread\RT-Thread\3.1.2\src\mem.c 0x00000000   Number         0  mem.o ABSOLUTE
    C:\Keil_v5\ARM\PACK\RealThread\RT-Thread\3.1.2\src\object.c 0x00000000   Number         0  object.o ABSOLUTE
    C:\Keil_v5\ARM\PACK\RealThread\RT-Thread\3.1.2\src\scheduler.c 0x00000000   Number         0  scheduler.o ABSOLUTE
    C:\Keil_v5\ARM\PACK\RealThread\RT-Thread\3.1.2\src\thread.c 0x00000000   Number         0  thread.o ABSOLUTE
    C:\Keil_v5\ARM\PACK\RealThread\RT-Thread\3.1.2\src\timer.c 0x00000000   Number         0  timer.o ABSOLUTE
    RTE\Device\STM32F103C8\startup_stm32f10x_md.s 0x00000000   Number         0  startup_stm32f10x_md.o ABSOLUTE
    RTE\Device\STM32F103C8\system_stm32f10x.c 0x00000000   Number         0  system_stm32f10x.o ABSOLUTE
    RTE\RTOS\board.c                         0x00000000   Number         0  board.o ABSOLUTE
    RTE\\Device\\STM32F103C8\\system_stm32f10x.c 0x00000000   Number         0  system_stm32f10x.o ABSOLUTE
    RTE\\RTOS\\board.c                       0x00000000   Number         0  board.o ABSOLUTE
    USER\\src\\ANO.c                         0x00000000   Number         0  ano.o ABSOLUTE
    USER\\src\\JY901.c                       0x00000000   Number         0  jy901.o ABSOLUTE
    USER\\src\\control.c                     0x00000000   Number         0  control.o ABSOLUTE
    USER\\src\\encoder.c                     0x00000000   Number         0  encoder.o ABSOLUTE
    USER\\src\\mian.c                        0x00000000   Number         0  mian.o ABSOLUTE
    USER\\src\\motor.c                       0x00000000   Number         0  motor.o ABSOLUTE
    USER\\src\\thread_mw.c                   0x00000000   Number         0  thread_mw.o ABSOLUTE
    USER\\src\\usart1.c                      0x00000000   Number         0  usart1.o ABSOLUTE
    USER\\src\\usart2.c                      0x00000000   Number         0  usart2.o ABSOLUTE
    USER\\src\\usart3.c                      0x00000000   Number         0  usart3.o ABSOLUTE
    USER\\src\\xnumx.c                       0x00000000   Number         0  xnumx.o ABSOLUTE
    USER\src\ANO.c                           0x00000000   Number         0  ano.o ABSOLUTE
    USER\src\JY901.c                         0x00000000   Number         0  jy901.o ABSOLUTE
    USER\src\control.c                       0x00000000   Number         0  control.o ABSOLUTE
    USER\src\encoder.c                       0x00000000   Number         0  encoder.o ABSOLUTE
    USER\src\mian.c                          0x00000000   Number         0  mian.o ABSOLUTE
    USER\src\motor.c                         0x00000000   Number         0  motor.o ABSOLUTE
    USER\src\thread_mw.c                     0x00000000   Number         0  thread_mw.o ABSOLUTE
    USER\src\usart1.c                        0x00000000   Number         0  usart1.o ABSOLUTE
    USER\src\usart2.c                        0x00000000   Number         0  usart2.o ABSOLUTE
    USER\src\usart3.c                        0x00000000   Number         0  usart3.o ABSOLUTE
    USER\src\xnumx.c                         0x00000000   Number         0  xnumx.o ABSOLUTE
    cdrcmple.s                               0x00000000   Number         0  cdrcmple.o ABSOLUTE
    cfcmple.s                                0x00000000   Number         0  cfcmple.o ABSOLUTE
    cfrcmple.s                               0x00000000   Number         0  cfrcmple.o ABSOLUTE
    dc.s                                     0x00000000   Number         0  dc.o ABSOLUTE
    handlers.s                               0x00000000   Number         0  handlers.o ABSOLUTE
    init.s                                   0x00000000   Number         0  init.o ABSOLUTE
    RESET                                    0x08000000   Section      236  startup_stm32f10x_md.o(RESET)
    .ARM.Collect$$$$00000000                 0x080000ec   Section        0  entry.o(.ARM.Collect$$$$00000000)
    .ARM.Collect$$$$00000001                 0x080000ec   Section        4  entry2.o(.ARM.Collect$$$$00000001)
    .ARM.Collect$$$$00000004                 0x080000f0   Section        4  entry5.o(.ARM.Collect$$$$00000004)
    .ARM.Collect$$$$00000008                 0x080000f4   Section        0  entry7b.o(.ARM.Collect$$$$00000008)
    .ARM.Collect$$$$0000000A                 0x080000f4   Section        0  entry8b.o(.ARM.Collect$$$$0000000A)
    .ARM.Collect$$$$0000000B                 0x080000f4   Section        8  entry9a.o(.ARM.Collect$$$$0000000B)
    .ARM.Collect$$$$0000000D                 0x080000fc   Section        0  entry10a.o(.ARM.Collect$$$$0000000D)
    .ARM.Collect$$$$0000000F                 0x080000fc   Section        0  entry11a.o(.ARM.Collect$$$$0000000F)
    .ARM.Collect$$$$00002712                 0x080000fc   Section        4  entry2.o(.ARM.Collect$$$$00002712)
    __lit__00000000                          0x080000fc   Data           4  entry2.o(.ARM.Collect$$$$00002712)
    .text                                    0x08000100   Section       36  startup_stm32f10x_md.o(.text)
    .text                                    0x08000124   Section      244  context_rvds.o(.text)
    .text                                    0x08000218   Section        0  memseta.o(.text)
    .text                                    0x0800023c   Section        0  fadd.o(.text)
    .text                                    0x080002ec   Section        0  fmul.o(.text)
    .text                                    0x08000350   Section        0  fdiv.o(.text)
    .text                                    0x080003cc   Section        0  dadd.o(.text)
    .text                                    0x0800051a   Section        0  dmul.o(.text)
    .text                                    0x080005fe   Section        0  fflti.o(.text)
    .text                                    0x08000610   Section        0  ffltui.o(.text)
    .text                                    0x0800061a   Section        0  dflti.o(.text)
    .text                                    0x0800063c   Section        0  ffixi.o(.text)
    .text                                    0x0800066e   Section        0  ffixui.o(.text)
    .text                                    0x08000696   Section        0  f2d.o(.text)
    .text                                    0x080006bc   Section        0  d2f.o(.text)
    .text                                    0x080006f4   Section       20  cfcmple.o(.text)
    .text                                    0x08000708   Section       20  cfrcmple.o(.text)
    .text                                    0x0800071c   Section        0  llshl.o(.text)
    .text                                    0x0800073a   Section        0  llsshr.o(.text)
    .text                                    0x0800075e   Section        0  iusefp.o(.text)
    .text                                    0x0800075e   Section        0  fepilogue.o(.text)
    .text                                    0x080007cc   Section        0  depilogue.o(.text)
    .text                                    0x08000888   Section       36  init.o(.text)
    .text                                    0x080008ac   Section        0  llushr.o(.text)
    .text                                    0x080008cc   Section        0  __dczerorl2.o(.text)
    i.$Sub$$main                             0x08000922   Section        0  components.o(i.$Sub$$main)
    i.ANO_report                             0x08000930   Section        0  ano.o(i.ANO_report)
    i.ANO_send                               0x080009b2   Section        0  ano.o(i.ANO_send)
    i.CharToLong                             0x08000a0a   Section        0  jy901.o(i.CharToLong)
    i.CopeSerialData                         0x08000a1c   Section        0  jy901.o(i.CopeSerialData)
    i.Encoder_Init_TIM2                      0x08000cd8   Section        0  encoder.o(i.Encoder_Init_TIM2)
    i.Encoder_Init_TIM4                      0x08000d54   Section        0  encoder.o(i.Encoder_Init_TIM4)
    i.PWM_Init_TIM1                          0x08000df0   Section        0  motor.o(i.PWM_Init_TIM1)
    i.PcTx_Byte                              0x08000f0c   Section        0  usart1.o(i.PcTx_Byte)
    i.PcTx_Byte3                             0x08000f28   Section        0  usart3.o(i.PcTx_Byte3)
    i.Read_Encoder                           0x08000f44   Section        0  encoder.o(i.Read_Encoder)
    i.SetSysClock                            0x08000f7c   Section        0  system_stm32f10x.o(i.SetSysClock)
    SetSysClock                              0x08000f7d   Thumb Code     8  system_stm32f10x.o(i.SetSysClock)
    i.SetSysClockTo72                        0x08000f84   Section        0  system_stm32f10x.o(i.SetSysClockTo72)
    SetSysClockTo72                          0x08000f85   Thumb Code   214  system_stm32f10x.o(i.SetSysClockTo72)
    i.SysTick_Handler                        0x08001064   Section        0  board.o(i.SysTick_Handler)
    i.SystemCoreClockUpdate                  0x08001074   Section        0  system_stm32f10x.o(i.SystemCoreClockUpdate)
    i.SystemInit                             0x08001118   Section        0  system_stm32f10x.o(i.SystemInit)
    i.USART1_IRQHandler                      0x08001178   Section        0  usart1.o(i.USART1_IRQHandler)
    i.USART2_IRQHandler                      0x080011a0   Section        0  usart2.o(i.USART2_IRQHandler)
    i.USART3_IRQHandler                      0x080011c8   Section        0  usart3.o(i.USART3_IRQHandler)
    i._SysTick_Config                        0x080011fc   Section        0  board.o(i._SysTick_Config)
    _SysTick_Config                          0x080011fd   Thumb Code    44  board.o(i._SysTick_Config)
    i.__rt_ffs                               0x0800122c   Section        0  kservice.o(i.__rt_ffs)
    i.__scatterload_copy                     0x08001278   Section       14  handlers.o(i.__scatterload_copy)
    i.__scatterload_null                     0x08001286   Section        2  handlers.o(i.__scatterload_null)
    i.__scatterload_zeroinit                 0x08001288   Section       14  handlers.o(i.__scatterload_zeroinit)
    i._has_defunct_thread                    0x08001298   Section        0  idle.o(i._has_defunct_thread)
    _has_defunct_thread                      0x08001299   Thumb Code    16  idle.o(i._has_defunct_thread)
    i._rt_thread_init                        0x080012ac   Section        0  thread.o(i._rt_thread_init)
    _rt_thread_init                          0x080012ad   Thumb Code   124  thread.o(i._rt_thread_init)
    i._rt_timer_init                         0x08001330   Section        0  timer.o(i._rt_timer_init)
    _rt_timer_init                           0x08001331   Thumb Code    66  timer.o(i._rt_timer_init)
    i._rt_timer_remove                       0x08001372   Section        0  timer.o(i._rt_timer_remove)
    _rt_timer_remove                         0x08001373   Thumb Code    46  timer.o(i._rt_timer_remove)
    i.balance_mw                             0x080013a0   Section        0  motor.o(i.balance_mw)
    i.bz_init                                0x080013f0   Section        0  mian.o(i.bz_init)
    i.controlMotor                           0x08001430   Section        0  thread_mw.o(i.controlMotor)
    i.left_right                             0x08001594   Section        0  control.o(i.left_right)
    i.main                                   0x080015b4   Section        0  mian.o(i.main)
    i.main_thread_entry                      0x08001704   Section        0  components.o(i.main_thread_entry)
    i.motor_run                              0x08001714   Section        0  motor.o(i.motor_run)
    i.plug_holes                             0x080017b4   Section        0  mem.o(i.plug_holes)
    plug_holes                               0x080017b5   Thumb Code   108  mem.o(i.plug_holes)
    i.print_number                           0x0800182c   Section        0  kservice.o(i.print_number)
    print_number                             0x0800182d   Thumb Code   400  kservice.o(i.print_number)
    i.readEncode                             0x080019c4   Section        0  thread_mw.o(i.readEncode)
    i.remoteControl                          0x08001a08   Section        0  control.o(i.remoteControl)
    i.rt_application_init                    0x08001a8c   Section        0  components.o(i.rt_application_init)
    i.rt_components_board_init               0x08001ab8   Section        0  components.o(i.rt_components_board_init)
    i.rt_components_init                     0x08001ad4   Section        0  components.o(i.rt_components_init)
    i.rt_enter_critical                      0x08001af0   Section        0  scheduler.o(i.rt_enter_critical)
    i.rt_exit_critical                       0x08001b10   Section        0  scheduler.o(i.rt_exit_critical)
    i.rt_free                                0x08001b4c   Section        0  mem.o(i.rt_free)
    i.rt_heap_begin_get                      0x08001c2c   Section        0  board.o(i.rt_heap_begin_get)
    i.rt_heap_end_get                        0x08001c34   Section        0  board.o(i.rt_heap_end_get)
    i.rt_hw_board_init                       0x08001c3c   Section        0  board.o(i.rt_hw_board_init)
    i.rt_hw_console_output                   0x08001c7c   Section        0  kservice.o(i.rt_hw_console_output)
    i.rt_hw_hard_fault_exception             0x08001c80   Section        0  cpuport.o(i.rt_hw_hard_fault_exception)
    i.rt_hw_stack_init                       0x08001e80   Section        0  cpuport.o(i.rt_hw_stack_init)
    i.rt_interrupt_enter                     0x08001ecc   Section        0  irq.o(i.rt_interrupt_enter)
    i.rt_interrupt_leave                     0x08001eec   Section        0  irq.o(i.rt_interrupt_leave)
    i.rt_ipc_list_resume                     0x08001f0c   Section        0  ipc.o(i.rt_ipc_list_resume)
    rt_ipc_list_resume                       0x08001f0d   Thumb Code    20  ipc.o(i.rt_ipc_list_resume)
    i.rt_ipc_list_suspend                    0x08001f20   Section        0  ipc.o(i.rt_ipc_list_suspend)
    rt_ipc_list_suspend                      0x08001f21   Thumb Code   108  ipc.o(i.rt_ipc_list_suspend)
    i.rt_ipc_object_init                     0x08001f8c   Section        0  ipc.o(i.rt_ipc_object_init)
    rt_ipc_object_init                       0x08001f8d   Thumb Code    16  ipc.o(i.rt_ipc_object_init)
    i.rt_kprintf                             0x08001f9c   Section        0  kservice.o(i.rt_kprintf)
    i.rt_list_init                           0x08001fcc   Section        0  ipc.o(i.rt_list_init)
    rt_list_init                             0x08001fcd   Thumb Code     6  ipc.o(i.rt_list_init)
    i.rt_list_init                           0x08001fd2   Section        0  scheduler.o(i.rt_list_init)
    rt_list_init                             0x08001fd3   Thumb Code     6  scheduler.o(i.rt_list_init)
    i.rt_list_init                           0x08001fd8   Section        0  timer.o(i.rt_list_init)
    rt_list_init                             0x08001fd9   Thumb Code     6  timer.o(i.rt_list_init)
    i.rt_list_insert_after                   0x08001fde   Section        0  object.o(i.rt_list_insert_after)
    rt_list_insert_after                     0x08001fdf   Thumb Code    14  object.o(i.rt_list_insert_after)
    i.rt_list_insert_after                   0x08001fec   Section        0  thread.o(i.rt_list_insert_after)
    rt_list_insert_after                     0x08001fed   Thumb Code    14  thread.o(i.rt_list_insert_after)
    i.rt_list_insert_after                   0x08001ffa   Section        0  timer.o(i.rt_list_insert_after)
    rt_list_insert_after                     0x08001ffb   Thumb Code    14  timer.o(i.rt_list_insert_after)
    i.rt_list_insert_before                  0x08002008   Section        0  ipc.o(i.rt_list_insert_before)
    rt_list_insert_before                    0x08002009   Thumb Code    14  ipc.o(i.rt_list_insert_before)
    i.rt_list_isempty                        0x08002016   Section        0  ipc.o(i.rt_list_isempty)
    rt_list_isempty                          0x08002017   Thumb Code    16  ipc.o(i.rt_list_isempty)
    i.rt_list_isempty                        0x08002026   Section        0  timer.o(i.rt_list_isempty)
    rt_list_isempty                          0x08002027   Thumb Code    16  timer.o(i.rt_list_isempty)
    i.rt_list_remove                         0x08002036   Section        0  object.o(i.rt_list_remove)
    rt_list_remove                           0x08002037   Thumb Code    18  object.o(i.rt_list_remove)
    i.rt_list_remove                         0x08002048   Section        0  thread.o(i.rt_list_remove)
    rt_list_remove                           0x08002049   Thumb Code    18  thread.o(i.rt_list_remove)
    i.rt_malloc                              0x0800205c   Section        0  mem.o(i.rt_malloc)
    i.rt_memset                              0x080021c8   Section        0  kservice.o(i.rt_memset)
    i.rt_object_allocate                     0x08002210   Section        0  object.o(i.rt_object_allocate)
    i.rt_object_delete                       0x08002264   Section        0  object.o(i.rt_object_delete)
    i.rt_object_detach                       0x08002288   Section        0  object.o(i.rt_object_detach)
    i.rt_object_get_information              0x080022a8   Section        0  object.o(i.rt_object_get_information)
    i.rt_object_init                         0x080022d0   Section        0  object.o(i.rt_object_init)
    i.rt_object_is_systemobject              0x0800230c   Section        0  object.o(i.rt_object_is_systemobject)
    i.rt_schedule                            0x08002320   Section        0  scheduler.o(i.rt_schedule)
    i.rt_schedule_insert_thread              0x080023b0   Section        0  scheduler.o(i.rt_schedule_insert_thread)
    i.rt_schedule_remove_thread              0x08002400   Section        0  scheduler.o(i.rt_schedule_remove_thread)
    i.rt_sem_init                            0x08002454   Section        0  ipc.o(i.rt_sem_init)
    i.rt_sem_release                         0x0800247a   Section        0  ipc.o(i.rt_sem_release)
    i.rt_sem_take                            0x080024b4   Section        0  ipc.o(i.rt_sem_take)
    i.rt_show_version                        0x08002528   Section        0  kservice.o(i.rt_show_version)
    i.rt_strlen                              0x080025d8   Section        0  kservice.o(i.rt_strlen)
    i.rt_strncpy                             0x080025ea   Section        0  kservice.o(i.rt_strncpy)
    i.rt_system_heap_init                    0x08002620   Section        0  mem.o(i.rt_system_heap_init)
    i.rt_system_scheduler_init               0x08002718   Section        0  scheduler.o(i.rt_system_scheduler_init)
    i.rt_system_scheduler_start              0x08002764   Section        0  scheduler.o(i.rt_system_scheduler_start)
    i.rt_system_timer_init                   0x08002794   Section        0  timer.o(i.rt_system_timer_init)
    i.rt_system_timer_thread_init            0x080027b0   Section        0  timer.o(i.rt_system_timer_thread_init)
    i.rt_thread_create                       0x080027b2   Section        0  thread.o(i.rt_thread_create)
    i.rt_thread_delay                        0x08002802   Section        0  thread.o(i.rt_thread_delay)
    i.rt_thread_exit                         0x08002810   Section        0  thread.o(i.rt_thread_exit)
    i.rt_thread_idle_entry                   0x08002864   Section        0  idle.o(i.rt_thread_idle_entry)
    rt_thread_idle_entry                     0x08002865   Thumb Code     8  idle.o(i.rt_thread_idle_entry)
    i.rt_thread_idle_excute                  0x0800286c   Section        0  idle.o(i.rt_thread_idle_excute)
    i.rt_thread_idle_init                    0x080028f0   Section        0  idle.o(i.rt_thread_idle_init)
    i.rt_thread_init                         0x0800292c   Section        0  thread.o(i.rt_thread_init)
    i.rt_thread_resume                       0x08002960   Section        0  thread.o(i.rt_thread_resume)
    i.rt_thread_self                         0x0800299c   Section        0  thread.o(i.rt_thread_self)
    i.rt_thread_sleep                        0x080029a8   Section        0  thread.o(i.rt_thread_sleep)
    i.rt_thread_startup                      0x080029ec   Section        0  thread.o(i.rt_thread_startup)
    i.rt_thread_suspend                      0x08002a18   Section        0  thread.o(i.rt_thread_suspend)
    i.rt_thread_timeout                      0x08002a5c   Section        0  thread.o(i.rt_thread_timeout)
    i.rt_thread_yield                        0x08002a7c   Section        0  thread.o(i.rt_thread_yield)
    i.rt_tick_get                            0x08002ae0   Section        0  clock.o(i.rt_tick_get)
    i.rt_tick_increase                       0x08002aec   Section        0  clock.o(i.rt_tick_increase)
    i.rt_timer_check                         0x08002b1c   Section        0  timer.o(i.rt_timer_check)
    i.rt_timer_control                       0x08002b98   Section        0  timer.o(i.rt_timer_control)
    i.rt_timer_create                        0x08002bd0   Section        0  timer.o(i.rt_timer_create)
    i.rt_timer_detach                        0x08002c06   Section        0  timer.o(i.rt_timer_detach)
    i.rt_timer_init                          0x08002c26   Section        0  timer.o(i.rt_timer_init)
    i.rt_timer_start                         0x08002c54   Section        0  timer.o(i.rt_timer_start)
    i.rt_timer_stop                          0x08002d4c   Section        0  timer.o(i.rt_timer_stop)
    i.rt_vsnprintf                           0x08002d7c   Section        0  kservice.o(i.rt_vsnprintf)
    i.rti_board_end                          0x080030a4   Section        0  components.o(i.rti_board_end)
    rti_board_end                            0x080030a5   Thumb Code     4  components.o(i.rti_board_end)
    i.rti_board_start                        0x080030a8   Section        0  components.o(i.rti_board_start)
    rti_board_start                          0x080030a9   Thumb Code     4  components.o(i.rti_board_start)
    i.rti_end                                0x080030ac   Section        0  components.o(i.rti_end)
    rti_end                                  0x080030ad   Thumb Code     4  components.o(i.rti_end)
    i.rti_start                              0x080030b0   Section        0  components.o(i.rti_start)
    rti_start                                0x080030b1   Thumb Code     4  components.o(i.rti_start)
    i.rtthread_startup                       0x080030b4   Section        0  components.o(i.rtthread_startup)
    i.sendData                               0x080030de   Section        0  thread_mw.o(i.sendData)
    i.skip_atoi                              0x080030e0   Section        0  kservice.o(i.skip_atoi)
    skip_atoi                                0x080030e1   Thumb Code    38  kservice.o(i.skip_atoi)
    i.stop_func                              0x08003108   Section        0  control.o(i.stop_func)
    i.timer1_f                               0x08003124   Section        0  thread_mw.o(i.timer1_f)
    i.track_zhixian                          0x08003130   Section        0  control.o(i.track_zhixian)
    i.up_down                                0x080031b0   Section        0  control.o(i.up_down)
    i.usart2_init                            0x080031d0   Section        0  usart2.o(i.usart2_init)
    i.usart3_init                            0x08003370   Section        0  usart3.o(i.usart3_init)
    i.usart_init                             0x08003514   Section        0  usart1.o(i.usart_init)
    i.velocity_mw                            0x080036b8   Section        0  motor.o(i.velocity_mw)
    .constdata                               0x08003808   Section      290  kservice.o(.constdata)
    small_digits                             0x08003908   Data          17  kservice.o(.constdata)
    large_digits                             0x08003919   Data          17  kservice.o(.constdata)
    .rti_fn.0                                0x0800392c   Section        4  components.o(.rti_fn.0)
    __tagsym$$used                           0x0800392c   Number         0  components.o(.rti_fn.0)
    .rti_fn.0.end                            0x08003930   Section        4  components.o(.rti_fn.0.end)
    __tagsym$$used                           0x08003930   Number         0  components.o(.rti_fn.0.end)
    .rti_fn.1.end                            0x08003934   Section        4  components.o(.rti_fn.1.end)
    __tagsym$$used                           0x08003934   Number         0  components.o(.rti_fn.1.end)
    .rti_fn.6.end                            0x08003938   Section        4  components.o(.rti_fn.6.end)
    __tagsym$$used                           0x08003938   Number         0  components.o(.rti_fn.6.end)
    .data                                    0x20000000   Section       20  mian.o(.data)
    .data                                    0x20000014   Section       48  motor.o(.data)
    Bias                                     0x20000024   Data           4  motor.o(.data)
    kp                                       0x20000028   Data           4  motor.o(.data)
    kd                                       0x2000002c   Data           4  motor.o(.data)
    Encoder_Integral                         0x20000030   Data           4  motor.o(.data)
    Velocity                                 0x20000034   Data           4  motor.o(.data)
    encoder                                  0x20000038   Data           4  motor.o(.data)
    Velocity_Kp                              0x2000003c   Data           4  motor.o(.data)
    Velocity_Ki                              0x20000040   Data           4  motor.o(.data)
    .data                                    0x20000044   Section       20  thread_mw.o(.data)
    .data                                    0x20000058   Section       73  jy901.o(.data)
    ucRxCnt                                  0x200000a0   Data           1  jy901.o(.data)
    .data                                    0x200000a1   Section        5  control.o(.data)
    .data                                    0x200000a8   Section       20  system_stm32f10x.o(.data)
    .data                                    0x200000bc   Section       16  cpuport.o(.data)
    rt_exception_hook                        0x200000c8   Data           4  cpuport.o(.data)
    .data                                    0x200000cc   Section        4  clock.o(.data)
    rt_tick                                  0x200000cc   Data           4  clock.o(.data)
    .data                                    0x200000d0   Section        1  irq.o(.data)
    .data                                    0x200000d4   Section       24  mem.o(.data)
    heap_ptr                                 0x200000d4   Data           4  mem.o(.data)
    heap_end                                 0x200000d8   Data           4  mem.o(.data)
    lfree                                    0x200000dc   Data           4  mem.o(.data)
    mem_size_aligned                         0x200000e0   Data           4  mem.o(.data)
    used_mem                                 0x200000e4   Data           4  mem.o(.data)
    max_mem                                  0x200000e8   Data           4  mem.o(.data)
    .data                                    0x200000ec   Section       64  object.o(.data)
    rt_object_container                      0x200000ec   Data          64  object.o(.data)
    .data                                    0x2000012c   Section       24  scheduler.o(.data)
    rt_scheduler_lock_nest                   0x2000012c   Data           2  scheduler.o(.data)
    .data                                    0x20000144   Section       12  timer.o(.data)
    rt_timer_list                            0x20000144   Data           8  timer.o(.data)
    random_nr                                0x2000014c   Data           4  timer.o(.data)
    .bss                                     0x20000150   Section       24  jy901.o(.bss)
    ucRxBuffer                               0x20000150   Data          12  jy901.o(.bss)
    sendANO                                  0x2000015c   Data          12  jy901.o(.bss)
    .bss                                     0x20000168   Section      376  idle.o(.bss)
    idle                                     0x20000168   Data         120  idle.o(.bss)
    rt_thread_stack                          0x200001e0   Data         256  idle.o(.bss)
    .bss                                     0x200002e0   Section      128  kservice.o(.bss)
    rt_log_buf                               0x200002e0   Data         128  kservice.o(.bss)
    .bss                                     0x20000360   Section       32  mem.o(.bss)
    heap_sem                                 0x20000360   Data          32  mem.o(.bss)
    .bss                                     0x20000380   Section       64  scheduler.o(.bss)
    .bss                                     0x200003c0   Section     4096  board.o(.bss)
    rt_heap                                  0x200003c0   Data        4096  board.o(.bss)
    STACK                                    0x200013c0   Section     1024  startup_stm32f10x_md.o(STACK)

    Global Symbols

    Symbol Name                              Value     Ov Type        Size  Object(Section)

    BuildAttributes$$THM_ISAv4$P$D$K$B$S$PE$A:L22UL41UL21$X:L11$S22US41US21$IEEE1$IW$USESV6$~STKCKD$USESV7$~SHL$OTIME$ROPI$EBA8$MICROLIB$REQ8$PRES8$EABIv2 0x00000000   Number         0  anon$$obj.o ABSOLUTE
    __ARM_use_no_argv                        0x00000000   Number         0  mian.o ABSOLUTE
    _printf_a                                0x00000000   Number         0  stubs.o ABSOLUTE
    _printf_c                                0x00000000   Number         0  stubs.o ABSOLUTE
    _printf_charcount                        0x00000000   Number         0  stubs.o ABSOLUTE
    _printf_d                                0x00000000   Number         0  stubs.o ABSOLUTE
    _printf_e                                0x00000000   Number         0  stubs.o ABSOLUTE
    _printf_f                                0x00000000   Number         0  stubs.o ABSOLUTE
    _printf_flags                            0x00000000   Number         0  stubs.o ABSOLUTE
    _printf_fp_dec                           0x00000000   Number         0  stubs.o ABSOLUTE
    _printf_fp_hex                           0x00000000   Number         0  stubs.o ABSOLUTE
    _printf_g                                0x00000000   Number         0  stubs.o ABSOLUTE
    _printf_i                                0x00000000   Number         0  stubs.o ABSOLUTE
    _printf_int_dec                          0x00000000   Number         0  stubs.o ABSOLUTE
    _printf_l                                0x00000000   Number         0  stubs.o ABSOLUTE
    _printf_lc                               0x00000000   Number         0  stubs.o ABSOLUTE
    _printf_ll                               0x00000000   Number         0  stubs.o ABSOLUTE
    _printf_lld                              0x00000000   Number         0  stubs.o ABSOLUTE
    _printf_lli                              0x00000000   Number         0  stubs.o ABSOLUTE
    _printf_llo                              0x00000000   Number         0  stubs.o ABSOLUTE
    _printf_llu                              0x00000000   Number         0  stubs.o ABSOLUTE
    _printf_llx                              0x00000000   Number         0  stubs.o ABSOLUTE
    _printf_longlong_dec                     0x00000000   Number         0  stubs.o ABSOLUTE
    _printf_longlong_hex                     0x00000000   Number         0  stubs.o ABSOLUTE
    _printf_longlong_oct                     0x00000000   Number         0  stubs.o ABSOLUTE
    _printf_ls                               0x00000000   Number         0  stubs.o ABSOLUTE
    _printf_mbtowc                           0x00000000   Number         0  stubs.o ABSOLUTE
    _printf_n                                0x00000000   Number         0  stubs.o ABSOLUTE
    _printf_o                                0x00000000   Number         0  stubs.o ABSOLUTE
    _printf_p                                0x00000000   Number         0  stubs.o ABSOLUTE
    _printf_percent                          0x00000000   Number         0  stubs.o ABSOLUTE
    _printf_pre_padding                      0x00000000   Number         0  stubs.o ABSOLUTE
    _printf_return_value                     0x00000000   Number         0  stubs.o ABSOLUTE
    _printf_s                                0x00000000   Number         0  stubs.o ABSOLUTE
    _printf_sizespec                         0x00000000   Number         0  stubs.o ABSOLUTE
    _printf_str                              0x00000000   Number         0  stubs.o ABSOLUTE
    _printf_truncate_signed                  0x00000000   Number         0  stubs.o ABSOLUTE
    _printf_truncate_unsigned                0x00000000   Number         0  stubs.o ABSOLUTE
    _printf_u                                0x00000000   Number         0  stubs.o ABSOLUTE
    _printf_wc                               0x00000000   Number         0  stubs.o ABSOLUTE
    _printf_wctomb                           0x00000000   Number         0  stubs.o ABSOLUTE
    _printf_widthprec                        0x00000000   Number         0  stubs.o ABSOLUTE
    _printf_x                                0x00000000   Number         0  stubs.o ABSOLUTE
    __cpp_initialize__aeabi_                  - Undefined Weak Reference
    __cxa_finalize                            - Undefined Weak Reference
    _clock_init                               - Undefined Weak Reference
    _microlib_exit                            - Undefined Weak Reference
    __Vectors_Size                           0x000000ec   Number         0  startup_stm32f10x_md.o ABSOLUTE
    __Vectors                                0x08000000   Data           4  startup_stm32f10x_md.o(RESET)
    __Vectors_End                            0x080000ec   Data           0  startup_stm32f10x_md.o(RESET)
    __main                                   0x080000ed   Thumb Code     0  entry.o(.ARM.Collect$$$$00000000)
    _main_stk                                0x080000ed   Thumb Code     0  entry2.o(.ARM.Collect$$$$00000001)
    _main_scatterload                        0x080000f1   Thumb Code     0  entry5.o(.ARM.Collect$$$$00000004)
    __main_after_scatterload                 0x080000f5   Thumb Code     0  entry5.o(.ARM.Collect$$$$00000004)
    _main_clock                              0x080000f5   Thumb Code     0  entry7b.o(.ARM.Collect$$$$00000008)
    _main_cpp_init                           0x080000f5   Thumb Code     0  entry8b.o(.ARM.Collect$$$$0000000A)
    _main_init                               0x080000f5   Thumb Code     0  entry9a.o(.ARM.Collect$$$$0000000B)
    __rt_final_cpp                           0x080000fd   Thumb Code     0  entry10a.o(.ARM.Collect$$$$0000000D)
    __rt_final_exit                          0x080000fd   Thumb Code     0  entry11a.o(.ARM.Collect$$$$0000000F)
    Reset_Handler                            0x08000101   Thumb Code     8  startup_stm32f10x_md.o(.text)
    NMI_Handler                              0x08000109   Thumb Code     2  startup_stm32f10x_md.o(.text)
    MemManage_Handler                        0x0800010d   Thumb Code     2  startup_stm32f10x_md.o(.text)
    BusFault_Handler                         0x0800010f   Thumb Code     2  startup_stm32f10x_md.o(.text)
    UsageFault_Handler                       0x08000111   Thumb Code     2  startup_stm32f10x_md.o(.text)
    SVC_Handler                              0x08000113   Thumb Code     2  startup_stm32f10x_md.o(.text)
    DebugMon_Handler                         0x08000115   Thumb Code     2  startup_stm32f10x_md.o(.text)
    ADC1_2_IRQHandler                        0x0800011b   Thumb Code     0  startup_stm32f10x_md.o(.text)
    CAN1_RX1_IRQHandler                      0x0800011b   Thumb Code     0  startup_stm32f10x_md.o(.text)
    CAN1_SCE_IRQHandler                      0x0800011b   Thumb Code     0  startup_stm32f10x_md.o(.text)
    DMA1_Channel1_IRQHandler                 0x0800011b   Thumb Code     0  startup_stm32f10x_md.o(.text)
    DMA1_Channel2_IRQHandler                 0x0800011b   Thumb Code     0  startup_stm32f10x_md.o(.text)
    DMA1_Channel3_IRQHandler                 0x0800011b   Thumb Code     0  startup_stm32f10x_md.o(.text)
    DMA1_Channel4_IRQHandler                 0x0800011b   Thumb Code     0  startup_stm32f10x_md.o(.text)
    DMA1_Channel5_IRQHandler                 0x0800011b   Thumb Code     0  startup_stm32f10x_md.o(.text)
    DMA1_Channel6_IRQHandler                 0x0800011b   Thumb Code     0  startup_stm32f10x_md.o(.text)
    DMA1_Channel7_IRQHandler                 0x0800011b   Thumb Code     0  startup_stm32f10x_md.o(.text)
    EXTI0_IRQHandler                         0x0800011b   Thumb Code     0  startup_stm32f10x_md.o(.text)
    EXTI15_10_IRQHandler                     0x0800011b   Thumb Code     0  startup_stm32f10x_md.o(.text)
    EXTI1_IRQHandler                         0x0800011b   Thumb Code     0  startup_stm32f10x_md.o(.text)
    EXTI2_IRQHandler                         0x0800011b   Thumb Code     0  startup_stm32f10x_md.o(.text)
    EXTI3_IRQHandler                         0x0800011b   Thumb Code     0  startup_stm32f10x_md.o(.text)
    EXTI4_IRQHandler                         0x0800011b   Thumb Code     0  startup_stm32f10x_md.o(.text)
    EXTI9_5_IRQHandler                       0x0800011b   Thumb Code     0  startup_stm32f10x_md.o(.text)
    FLASH_IRQHandler                         0x0800011b   Thumb Code     0  startup_stm32f10x_md.o(.text)
    I2C1_ER_IRQHandler                       0x0800011b   Thumb Code     0  startup_stm32f10x_md.o(.text)
    I2C1_EV_IRQHandler                       0x0800011b   Thumb Code     0  startup_stm32f10x_md.o(.text)
    I2C2_ER_IRQHandler                       0x0800011b   Thumb Code     0  startup_stm32f10x_md.o(.text)
    I2C2_EV_IRQHandler                       0x0800011b   Thumb Code     0  startup_stm32f10x_md.o(.text)
    PVD_IRQHandler                           0x0800011b   Thumb Code     0  startup_stm32f10x_md.o(.text)
    RCC_IRQHandler                           0x0800011b   Thumb Code     0  startup_stm32f10x_md.o(.text)
    RTCAlarm_IRQHandler                      0x0800011b   Thumb Code     0  startup_stm32f10x_md.o(.text)
    RTC_IRQHandler                           0x0800011b   Thumb Code     0  startup_stm32f10x_md.o(.text)
    SPI1_IRQHandler                          0x0800011b   Thumb Code     0  startup_stm32f10x_md.o(.text)
    SPI2_IRQHandler                          0x0800011b   Thumb Code     0  startup_stm32f10x_md.o(.text)
    TAMPER_IRQHandler                        0x0800011b   Thumb Code     0  startup_stm32f10x_md.o(.text)
    TIM1_BRK_IRQHandler                      0x0800011b   Thumb Code     0  startup_stm32f10x_md.o(.text)
    TIM1_CC_IRQHandler                       0x0800011b   Thumb Code     0  startup_stm32f10x_md.o(.text)
    TIM1_TRG_COM_IRQHandler                  0x0800011b   Thumb Code     0  startup_stm32f10x_md.o(.text)
    TIM1_UP_IRQHandler                       0x0800011b   Thumb Code     0  startup_stm32f10x_md.o(.text)
    TIM2_IRQHandler                          0x0800011b   Thumb Code     0  startup_stm32f10x_md.o(.text)
    TIM3_IRQHandler                          0x0800011b   Thumb Code     0  startup_stm32f10x_md.o(.text)
    TIM4_IRQHandler                          0x0800011b   Thumb Code     0  startup_stm32f10x_md.o(.text)
    USBWakeUp_IRQHandler                     0x0800011b   Thumb Code     0  startup_stm32f10x_md.o(.text)
    USB_HP_CAN1_TX_IRQHandler                0x0800011b   Thumb Code     0  startup_stm32f10x_md.o(.text)
    USB_LP_CAN1_RX0_IRQHandler               0x0800011b   Thumb Code     0  startup_stm32f10x_md.o(.text)
    WWDG_IRQHandler                          0x0800011b   Thumb Code     0  startup_stm32f10x_md.o(.text)
    rt_hw_interrupt_disable                  0x08000125   Thumb Code     8  context_rvds.o(.text)
    rt_hw_interrupt_enable                   0x0800012d   Thumb Code     6  context_rvds.o(.text)
    rt_hw_context_switch                     0x08000133   Thumb Code    32  context_rvds.o(.text)
    rt_hw_context_switch_interrupt           0x08000133   Thumb Code     0  context_rvds.o(.text)
    PendSV_Handler                           0x08000153   Thumb Code    60  context_rvds.o(.text)
    rt_hw_context_switch_to                  0x0800018f   Thumb Code    58  context_rvds.o(.text)
    rt_hw_interrupt_thread_switch            0x080001c9   Thumb Code     2  context_rvds.o(.text)
    HardFault_Handler                        0x080001cb   Thumb Code    52  context_rvds.o(.text)
    __aeabi_memset                           0x08000219   Thumb Code    14  memseta.o(.text)
    __aeabi_memset4                          0x08000219   Thumb Code     0  memseta.o(.text)
    __aeabi_memset8                          0x08000219   Thumb Code     0  memseta.o(.text)
    __aeabi_memclr                           0x08000227   Thumb Code     4  memseta.o(.text)
    __aeabi_memclr4                          0x08000227   Thumb Code     0  memseta.o(.text)
    __aeabi_memclr8                          0x08000227   Thumb Code     0  memseta.o(.text)
    _memset$wrapper                          0x0800022b   Thumb Code    18  memseta.o(.text)
    __aeabi_fadd                             0x0800023d   Thumb Code   164  fadd.o(.text)
    __aeabi_fsub                             0x080002e1   Thumb Code     6  fadd.o(.text)
    __aeabi_frsub                            0x080002e7   Thumb Code     6  fadd.o(.text)
    __aeabi_fmul                             0x080002ed   Thumb Code   100  fmul.o(.text)
    __aeabi_fdiv                             0x08000351   Thumb Code   124  fdiv.o(.text)
    __aeabi_dadd                             0x080003cd   Thumb Code   322  dadd.o(.text)
    __aeabi_dsub                             0x0800050f   Thumb Code     6  dadd.o(.text)
    __aeabi_drsub                            0x08000515   Thumb Code     6  dadd.o(.text)
    __aeabi_dmul                             0x0800051b   Thumb Code   228  dmul.o(.text)
    __aeabi_i2f                              0x080005ff   Thumb Code    18  fflti.o(.text)
    __aeabi_ui2f                             0x08000611   Thumb Code    10  ffltui.o(.text)
    __aeabi_i2d                              0x0800061b   Thumb Code    34  dflti.o(.text)
    __aeabi_f2iz                             0x0800063d   Thumb Code    50  ffixi.o(.text)
    __aeabi_f2uiz                            0x0800066f   Thumb Code    40  ffixui.o(.text)
    __aeabi_f2d                              0x08000697   Thumb Code    38  f2d.o(.text)
    __aeabi_d2f                              0x080006bd   Thumb Code    56  d2f.o(.text)
    __aeabi_cfcmpeq                          0x080006f5   Thumb Code     0  cfcmple.o(.text)
    __aeabi_cfcmple                          0x080006f5   Thumb Code    20  cfcmple.o(.text)
    __aeabi_cfrcmple                         0x08000709   Thumb Code    20  cfrcmple.o(.text)
    __aeabi_llsl                             0x0800071d   Thumb Code    30  llshl.o(.text)
    _ll_shift_l                              0x0800071d   Thumb Code     0  llshl.o(.text)
    __aeabi_lasr                             0x0800073b   Thumb Code    36  llsshr.o(.text)
    _ll_sshift_r                             0x0800073b   Thumb Code     0  llsshr.o(.text)
    __I$use$fp                               0x0800075f   Thumb Code     0  iusefp.o(.text)
    _float_round                             0x0800075f   Thumb Code    18  fepilogue.o(.text)
    _float_epilogue                          0x08000771   Thumb Code    92  fepilogue.o(.text)
    _double_round                            0x080007cd   Thumb Code    30  depilogue.o(.text)
    _double_epilogue                         0x080007eb   Thumb Code   156  depilogue.o(.text)
    __scatterload                            0x08000889   Thumb Code    28  init.o(.text)
    __scatterload_rt2                        0x08000889   Thumb Code     0  init.o(.text)
    __aeabi_llsr                             0x080008ad   Thumb Code    32  llushr.o(.text)
    _ll_ushift_r                             0x080008ad   Thumb Code     0  llushr.o(.text)
    __decompress                             0x080008cd   Thumb Code     0  __dczerorl2.o(.text)
    __decompress1                            0x080008cd   Thumb Code    86  __dczerorl2.o(.text)
    main                                     0x08000923   Thumb Code    14  components.o(i.$Sub$$main)
    ANO_report                               0x08000931   Thumb Code   130  ano.o(i.ANO_report)
    ANO_send                                 0x080009b3   Thumb Code    88  ano.o(i.ANO_send)
    CharToLong                               0x08000a0b   Thumb Code    18  jy901.o(i.CharToLong)
    CopeSerialData                           0x08000a1d   Thumb Code   638  jy901.o(i.CopeSerialData)
    Encoder_Init_TIM2                        0x08000cd9   Thumb Code   114  encoder.o(i.Encoder_Init_TIM2)
    Encoder_Init_TIM4                        0x08000d55   Thumb Code   142  encoder.o(i.Encoder_Init_TIM4)
    PWM_Init_TIM1                            0x08000df1   Thumb Code   268  motor.o(i.PWM_Init_TIM1)
    PcTx_Byte                                0x08000f0d   Thumb Code    22  usart1.o(i.PcTx_Byte)
    PcTx_Byte3                               0x08000f29   Thumb Code    22  usart3.o(i.PcTx_Byte3)
    Read_Encoder                             0x08000f45   Thumb Code    52  encoder.o(i.Read_Encoder)
    SysTick_Handler                          0x08001065   Thumb Code    16  board.o(i.SysTick_Handler)
    SystemCoreClockUpdate                    0x08001075   Thumb Code   142  system_stm32f10x.o(i.SystemCoreClockUpdate)
    SystemInit                               0x08001119   Thumb Code    78  system_stm32f10x.o(i.SystemInit)
    USART1_IRQHandler                        0x08001179   Thumb Code    36  usart1.o(i.USART1_IRQHandler)
    USART2_IRQHandler                        0x080011a1   Thumb Code    36  usart2.o(i.USART2_IRQHandler)
    USART3_IRQHandler                        0x080011c9   Thumb Code    42  usart3.o(i.USART3_IRQHandler)
    __rt_ffs                                 0x0800122d   Thumb Code    70  kservice.o(i.__rt_ffs)
    __scatterload_copy                       0x08001279   Thumb Code    14  handlers.o(i.__scatterload_copy)
    __scatterload_null                       0x08001287   Thumb Code     2  handlers.o(i.__scatterload_null)
    __scatterload_zeroinit                   0x08001289   Thumb Code    14  handlers.o(i.__scatterload_zeroinit)
    balance_mw                               0x080013a1   Thumb Code    66  motor.o(i.balance_mw)
    bz_init                                  0x080013f1   Thumb Code    56  mian.o(i.bz_init)
    controlMotor                             0x08001431   Thumb Code   304  thread_mw.o(i.controlMotor)
    left_right                               0x08001595   Thumb Code    24  control.o(i.left_right)
    $Super$$main                             0x080015b5   Thumb Code   184  mian.o(i.main)
    main_thread_entry                        0x08001705   Thumb Code    14  components.o(i.main_thread_entry)
    motor_run                                0x08001715   Thumb Code   156  motor.o(i.motor_run)
    readEncode                               0x080019c5   Thumb Code    56  thread_mw.o(i.readEncode)
    remoteControl                            0x08001a09   Thumb Code   118  control.o(i.remoteControl)
    rt_application_init                      0x08001a8d   Thumb Code    32  components.o(i.rt_application_init)
    rt_components_board_init                 0x08001ab9   Thumb Code    20  components.o(i.rt_components_board_init)
    rt_components_init                       0x08001ad5   Thumb Code    20  components.o(i.rt_components_init)
    rt_enter_critical                        0x08001af1   Thumb Code    28  scheduler.o(i.rt_enter_critical)
    rt_exit_critical                         0x08001b11   Thumb Code    54  scheduler.o(i.rt_exit_critical)
    rt_free                                  0x08001b4d   Thumb Code   128  mem.o(i.rt_free)
    rt_heap_begin_get                        0x08001c2d   Thumb Code     4  board.o(i.rt_heap_begin_get)
    rt_heap_end_get                          0x08001c35   Thumb Code     4  board.o(i.rt_heap_end_get)
    rt_hw_board_init                         0x08001c3d   Thumb Code    54  board.o(i.rt_hw_board_init)
    rt_hw_console_output                     0x08001c7d   Thumb Code     2  kservice.o(i.rt_hw_console_output)
    rt_hw_hard_fault_exception               0x08001c81   Thumb Code   190  cpuport.o(i.rt_hw_hard_fault_exception)
    rt_hw_stack_init                         0x08001e81   Thumb Code    70  cpuport.o(i.rt_hw_stack_init)
    rt_interrupt_enter                       0x08001ecd   Thumb Code    26  irq.o(i.rt_interrupt_enter)
    rt_interrupt_leave                       0x08001eed   Thumb Code    26  irq.o(i.rt_interrupt_leave)
    rt_kprintf                               0x08001f9d   Thumb Code    44  kservice.o(i.rt_kprintf)
    rt_malloc                                0x0800205d   Thumb Code   336  mem.o(i.rt_malloc)
    rt_memset                                0x080021c9   Thumb Code    72  kservice.o(i.rt_memset)
    rt_object_allocate                       0x08002211   Thumb Code    84  object.o(i.rt_object_allocate)
    rt_object_delete                         0x08002265   Thumb Code    36  object.o(i.rt_object_delete)
    rt_object_detach                         0x08002289   Thumb Code    30  object.o(i.rt_object_detach)
    rt_object_get_information                0x080022a9   Thumb Code    36  object.o(i.rt_object_get_information)
    rt_object_init                           0x080022d1   Thumb Code    60  object.o(i.rt_object_init)
    rt_object_is_systemobject                0x0800230d   Thumb Code    18  object.o(i.rt_object_is_systemobject)
    rt_schedule                              0x08002321   Thumb Code   118  scheduler.o(i.rt_schedule)
    rt_schedule_insert_thread                0x080023b1   Thumb Code    72  scheduler.o(i.rt_schedule_insert_thread)
    rt_schedule_remove_thread                0x08002401   Thumb Code    76  scheduler.o(i.rt_schedule_remove_thread)
    rt_sem_init                              0x08002455   Thumb Code    38  ipc.o(i.rt_sem_init)
    rt_sem_release                           0x0800247b   Thumb Code    58  ipc.o(i.rt_sem_release)
    rt_sem_take                              0x080024b5   Thumb Code   116  ipc.o(i.rt_sem_take)
    rt_show_version                          0x08002529   Thumb Code    38  kservice.o(i.rt_show_version)
    rt_strlen                                0x080025d9   Thumb Code    18  kservice.o(i.rt_strlen)
    rt_strncpy                               0x080025eb   Thumb Code    52  kservice.o(i.rt_strncpy)
    rt_system_heap_init                      0x08002621   Thumb Code   160  mem.o(i.rt_system_heap_init)
    rt_system_scheduler_init                 0x08002719   Thumb Code    52  scheduler.o(i.rt_system_scheduler_init)
    rt_system_scheduler_start                0x08002765   Thumb Code    36  scheduler.o(i.rt_system_scheduler_start)
    rt_system_timer_init                     0x08002795   Thumb Code    24  timer.o(i.rt_system_timer_init)
    rt_system_timer_thread_init              0x080027b1   Thumb Code     2  timer.o(i.rt_system_timer_thread_init)
    rt_thread_create                         0x080027b3   Thumb Code    80  thread.o(i.rt_thread_create)
    rt_thread_delay                          0x08002803   Thumb Code    12  thread.o(i.rt_thread_delay)
    rt_thread_exit                           0x08002811   Thumb Code    76  thread.o(i.rt_thread_exit)
    rt_thread_idle_excute                    0x0800286d   Thumb Code   128  idle.o(i.rt_thread_idle_excute)
    rt_thread_idle_init                      0x080028f1   Thumb Code    38  idle.o(i.rt_thread_idle_init)
    rt_thread_init                           0x0800292d   Thumb Code    52  thread.o(i.rt_thread_init)
    rt_thread_resume                         0x08002961   Thumb Code    60  thread.o(i.rt_thread_resume)
    rt_thread_self                           0x0800299d   Thumb Code     6  thread.o(i.rt_thread_self)
    rt_thread_sleep                          0x080029a9   Thumb Code    62  thread.o(i.rt_thread_sleep)
    rt_thread_startup                        0x080029ed   Thumb Code    44  thread.o(i.rt_thread_startup)
    rt_thread_suspend                        0x08002a19   Thumb Code    68  thread.o(i.rt_thread_suspend)
    rt_thread_timeout                        0x08002a5d   Thumb Code    32  thread.o(i.rt_thread_timeout)
    rt_thread_yield                          0x08002a7d   Thumb Code    92  thread.o(i.rt_thread_yield)
    rt_tick_get                              0x08002ae1   Thumb Code     6  clock.o(i.rt_tick_get)
    rt_tick_increase                         0x08002aed   Thumb Code    42  clock.o(i.rt_tick_increase)
    rt_timer_check                           0x08002b1d   Thumb Code   118  timer.o(i.rt_timer_check)
    rt_timer_control                         0x08002b99   Thumb Code    56  timer.o(i.rt_timer_control)
    rt_timer_create                          0x08002bd1   Thumb Code    54  timer.o(i.rt_timer_create)
    rt_timer_detach                          0x08002c07   Thumb Code    32  timer.o(i.rt_timer_detach)
    rt_timer_init                            0x08002c27   Thumb Code    46  timer.o(i.rt_timer_init)
    rt_timer_start                           0x08002c55   Thumb Code   238  timer.o(i.rt_timer_start)
    rt_timer_stop                            0x08002d4d   Thumb Code    48  timer.o(i.rt_timer_stop)
    rt_vsnprintf                             0x08002d7d   Thumb Code   800  kservice.o(i.rt_vsnprintf)
    rtthread_startup                         0x080030b5   Thumb Code    42  components.o(i.rtthread_startup)
    sendData                                 0x080030df   Thumb Code     2  thread_mw.o(i.sendData)
    stop_func                                0x08003109   Thumb Code    16  control.o(i.stop_func)
    timer1_f                                 0x08003125   Thumb Code    12  thread_mw.o(i.timer1_f)
    track_zhixian                            0x08003131   Thumb Code   124  control.o(i.track_zhixian)
    up_down                                  0x080031b1   Thumb Code    24  control.o(i.up_down)
    usart2_init                              0x080031d1   Thumb Code   392  usart2.o(i.usart2_init)
    usart3_init                              0x08003371   Thumb Code   394  usart3.o(i.usart3_init)
    usart_init                               0x08003515   Thumb Code   394  usart1.o(i.usart_init)
    velocity_mw                              0x080036b9   Thumb Code   274  motor.o(i.velocity_mw)
    __lowest_bit_bitmap                      0x08003808   Data         256  kservice.o(.constdata)
    __rt_init_rti_start                      0x0800392c   Data           4  components.o(.rti_fn.0)
    __rt_init_rti_board_start                0x08003930   Data           4  components.o(.rti_fn.0.end)
    __rt_init_rti_board_end                  0x08003934   Data           4  components.o(.rti_fn.1.end)
    __rt_init_rti_end                        0x08003938   Data           4  components.o(.rti_fn.6.end)
    Region$$Table$$Base                      0x0800393c   Number         0  anon$$obj.o(Region$$Table)
    Region$$Table$$Limit                     0x0800395c   Number         0  anon$$obj.o(Region$$Table)
    tid1                                     0x20000000   Data           4  mian.o(.data)
    tid2                                     0x20000004   Data           4  mian.o(.data)
    tid3                                     0x20000008   Data           4  mian.o(.data)
    tid_time                                 0x2000000c   Data           4  mian.o(.data)
    timer1                                   0x20000010   Data           4  mian.o(.data)
    stop_flag                                0x20000014   Data           4  motor.o(.data)
    ctr_flag                                 0x20000018   Data           4  motor.o(.data)
    Flag_v                                   0x2000001c   Data           4  motor.o(.data)
    Flag_turn                                0x20000020   Data           4  motor.o(.data)
    imuCorrectCount                          0x20000044   Data           2  thread_mw.o(.data)
    imuErrorCount                            0x20000046   Data           2  thread_mw.o(.data)
    readEncodeCount                          0x20000048   Data           2  thread_mw.o(.data)
    sendDataCount                            0x2000004a   Data           2  thread_mw.o(.data)
    controlMotorCount                        0x2000004c   Data           2  thread_mw.o(.data)
    leftEncoder                              0x20000050   Data           4  thread_mw.o(.data)
    rightEncoder                             0x20000054   Data           4  thread_mw.o(.data)
    stcTime                                  0x20000058   Data           8  jy901.o(.data)
    stcAcc                                   0x20000060   Data           8  jy901.o(.data)
    stcGyro                                  0x20000068   Data           8  jy901.o(.data)
    stcAngle                                 0x20000070   Data           8  jy901.o(.data)
    stcMag                                   0x20000078   Data           8  jy901.o(.data)
    stcDStatus                               0x20000080   Data           8  jy901.o(.data)
    stcPress                                 0x20000088   Data           8  jy901.o(.data)
    stcLonLat                                0x20000090   Data           8  jy901.o(.data)
    stcGPSV                                  0x20000098   Data           8  jy901.o(.data)
    cal2                                     0x200000a1   Data           4  control.o(.data)
    xunji_flag                               0x200000a5   Data           1  control.o(.data)
    SystemCoreClock                          0x200000a8   Data           4  system_stm32f10x.o(.data)
    AHBPrescTable                            0x200000ac   Data          16  system_stm32f10x.o(.data)
    rt_interrupt_from_thread                 0x200000bc   Data           4  cpuport.o(.data)
    rt_interrupt_to_thread                   0x200000c0   Data           4  cpuport.o(.data)
    rt_thread_switch_interrupt_flag          0x200000c4   Data           4  cpuport.o(.data)
    rt_interrupt_nest                        0x200000d0   Data           1  irq.o(.data)
    rt_current_thread                        0x20000130   Data           4  scheduler.o(.data)
    rt_current_priority                      0x20000134   Data           1  scheduler.o(.data)
    rt_thread_ready_priority_group           0x20000138   Data           4  scheduler.o(.data)
    rt_thread_defunct                        0x2000013c   Data           8  scheduler.o(.data)
    rt_thread_priority_table                 0x20000380   Data          64  scheduler.o(.bss)
    __initial_sp                             0x200017c0   Data           0  startup_stm32f10x_md.o(STACK)



==============================================================================

Memory Map of the image

  Image Entry point : 0x080000ed

  Load Region LR_IROM1 (Base: 0x08000000, Size: 0x00003aac, Max: 0x00010000, ABSOLUTE, COMPRESSED[0x000039a8])

    Execution Region ER_IROM1 (Base: 0x08000000, Size: 0x0000395c, Max: 0x00010000, ABSOLUTE)

    Base Addr    Size         Type   Attr      Idx    E Section Name        Object

    0x08000000   0x000000ec   Data   RO          689    RESET               startup_stm32f10x_md.o
    0x080000ec   0x00000000   Code   RO         1764  * .ARM.Collect$$$$00000000  mc_w.l(entry.o)
    0x080000ec   0x00000004   Code   RO         2094    .ARM.Collect$$$$00000001  mc_w.l(entry2.o)
    0x080000f0   0x00000004   Code   RO         2097    .ARM.Collect$$$$00000004  mc_w.l(entry5.o)
    0x080000f4   0x00000000   Code   RO         2099    .ARM.Collect$$$$00000008  mc_w.l(entry7b.o)
    0x080000f4   0x00000000   Code   RO         2101    .ARM.Collect$$$$0000000A  mc_w.l(entry8b.o)
    0x080000f4   0x00000008   Code   RO         2102    .ARM.Collect$$$$0000000B  mc_w.l(entry9a.o)
    0x080000fc   0x00000000   Code   RO         2104    .ARM.Collect$$$$0000000D  mc_w.l(entry10a.o)
    0x080000fc   0x00000000   Code   RO         2106    .ARM.Collect$$$$0000000F  mc_w.l(entry11a.o)
    0x080000fc   0x00000004   Code   RO         2095    .ARM.Collect$$$$00002712  mc_w.l(entry2.o)
    0x08000100   0x00000024   Code   RO          690    .text               startup_stm32f10x_md.o
    0x08000124   0x000000f4   Code   RO          740    .text               context_rvds.o
    0x08000218   0x00000024   Code   RO         1769    .text               mc_w.l(memseta.o)
    0x0800023c   0x000000b0   Code   RO         2062    .text               mf_w.l(fadd.o)
    0x080002ec   0x00000064   Code   RO         2064    .text               mf_w.l(fmul.o)
    0x08000350   0x0000007c   Code   RO         2066    .text               mf_w.l(fdiv.o)
    0x080003cc   0x0000014e   Code   RO         2068    .text               mf_w.l(dadd.o)
    0x0800051a   0x000000e4   Code   RO         2070    .text               mf_w.l(dmul.o)
    0x080005fe   0x00000012   Code   RO         2074    .text               mf_w.l(fflti.o)
    0x08000610   0x0000000a   Code   RO         2076    .text               mf_w.l(ffltui.o)
    0x0800061a   0x00000022   Code   RO         2078    .text               mf_w.l(dflti.o)
    0x0800063c   0x00000032   Code   RO         2082    .text               mf_w.l(ffixi.o)
    0x0800066e   0x00000028   Code   RO         2084    .text               mf_w.l(ffixui.o)
    0x08000696   0x00000026   Code   RO         2086    .text               mf_w.l(f2d.o)
    0x080006bc   0x00000038   Code   RO         2088    .text               mf_w.l(d2f.o)
    0x080006f4   0x00000014   Code   RO         2090    .text               mf_w.l(cfcmple.o)
    0x08000708   0x00000014   Code   RO         2092    .text               mf_w.l(cfrcmple.o)
    0x0800071c   0x0000001e   Code   RO         2112    .text               mc_w.l(llshl.o)
    0x0800073a   0x00000024   Code   RO         2114    .text               mc_w.l(llsshr.o)
    0x0800075e   0x00000000   Code   RO         2118    .text               mc_w.l(iusefp.o)
    0x0800075e   0x0000006e   Code   RO         2119    .text               mf_w.l(fepilogue.o)
    0x080007cc   0x000000ba   Code   RO         2121    .text               mf_w.l(depilogue.o)
    0x08000886   0x00000002   PAD
    0x08000888   0x00000024   Code   RO         2127    .text               mc_w.l(init.o)
    0x080008ac   0x00000020   Code   RO         2129    .text               mc_w.l(llushr.o)
    0x080008cc   0x00000056   Code   RO         2139    .text               mc_w.l(__dczerorl2.o)
    0x08000922   0x0000000e   Code   RO          830    i.$Sub$$main        components.o
    0x08000930   0x00000082   Code   RO          650    i.ANO_report        ano.o
    0x080009b2   0x00000058   Code   RO          651    i.ANO_send          ano.o
    0x08000a0a   0x00000012   Code   RO          476    i.CharToLong        jy901.o
    0x08000a1c   0x000002bc   Code   RO          477    i.CopeSerialData    jy901.o
    0x08000cd8   0x0000007c   Code   RO          160    i.Encoder_Init_TIM2  encoder.o
    0x08000d54   0x0000009c   Code   RO          161    i.Encoder_Init_TIM4  encoder.o
    0x08000df0   0x0000011c   Code   RO          196    i.PWM_Init_TIM1     motor.o
    0x08000f0c   0x0000001c   Code   RO          251    i.PcTx_Byte         usart1.o
    0x08000f28   0x0000001c   Code   RO          339    i.PcTx_Byte3        usart3.o
    0x08000f44   0x00000038   Code   RO          162    i.Read_Encoder      encoder.o
    0x08000f7c   0x00000008   Code   RO          697    i.SetSysClock       system_stm32f10x.o
    0x08000f84   0x000000e0   Code   RO          698    i.SetSysClockTo72   system_stm32f10x.o
    0x08001064   0x00000010   Code   RO         1711    i.SysTick_Handler   board.o
    0x08001074   0x000000a4   Code   RO          699    i.SystemCoreClockUpdate  system_stm32f10x.o
    0x08001118   0x00000060   Code   RO          700    i.SystemInit        system_stm32f10x.o
    0x08001178   0x00000028   Code   RO          253    i.USART1_IRQHandler  usart1.o
    0x080011a0   0x00000028   Code   RO          299    i.USART2_IRQHandler  usart2.o
    0x080011c8   0x00000034   Code   RO          342    i.USART3_IRQHandler  usart3.o
    0x080011fc   0x00000030   Code   RO         1712    i._SysTick_Config   board.o
    0x0800122c   0x0000004c   Code   RO         1111    i.__rt_ffs          kservice.o
    0x08001278   0x0000000e   Code   RO         2133    i.__scatterload_copy  mc_w.l(handlers.o)
    0x08001286   0x00000002   Code   RO         2134    i.__scatterload_null  mc_w.l(handlers.o)
    0x08001288   0x0000000e   Code   RO         2135    i.__scatterload_zeroinit  mc_w.l(handlers.o)
    0x08001296   0x00000002   PAD
    0x08001298   0x00000014   Code   RO          904    i._has_defunct_thread  idle.o
    0x080012ac   0x00000084   Code   RO         1480    i._rt_thread_init   thread.o
    0x08001330   0x00000042   Code   RO         1601    i._rt_timer_init    timer.o
    0x08001372   0x0000002e   Code   RO         1602    i._rt_timer_remove  timer.o
    0x080013a0   0x00000050   Code   RO          197    i.balance_mw        motor.o
    0x080013f0   0x00000040   Code   RO            4    i.bz_init           mian.o
    0x08001430   0x00000164   Code   RO          414    i.controlMotor      thread_mw.o
    0x08001594   0x00000020   Code   RO          584    i.left_right        control.o
    0x080015b4   0x00000150   Code   RO            5    i.main              mian.o
    0x08001704   0x0000000e   Code   RO          831    i.main_thread_entry  components.o
    0x08001712   0x00000002   PAD
    0x08001714   0x000000a0   Code   RO          198    i.motor_run         motor.o
    0x080017b4   0x00000078   Code   RO         1288    i.plug_holes        mem.o
    0x0800182c   0x00000198   Code   RO         1113    i.print_number      kservice.o
    0x080019c4   0x00000044   Code   RO          415    i.readEncode        thread_mw.o
    0x08001a08   0x00000084   Code   RO          586    i.remoteControl     control.o
    0x08001a8c   0x0000002c   Code   RO          832    i.rt_application_init  components.o
    0x08001ab8   0x0000001c   Code   RO          833    i.rt_components_board_init  components.o
    0x08001ad4   0x0000001c   Code   RO          834    i.rt_components_init  components.o
    0x08001af0   0x00000020   Code   RO         1414    i.rt_enter_critical  scheduler.o
    0x08001b10   0x0000003c   Code   RO         1415    i.rt_exit_critical  scheduler.o
    0x08001b4c   0x000000e0   Code   RO         1290    i.rt_free           mem.o
    0x08001c2c   0x00000008   Code   RO         1713    i.rt_heap_begin_get  board.o
    0x08001c34   0x00000008   Code   RO         1714    i.rt_heap_end_get   board.o
    0x08001c3c   0x00000040   Code   RO         1715    i.rt_hw_board_init  board.o
    0x08001c7c   0x00000002   Code   RO         1116    i.rt_hw_console_output  kservice.o
    0x08001c7e   0x00000002   PAD
    0x08001c80   0x00000200   Code   RO          747    i.rt_hw_hard_fault_exception  cpuport.o
    0x08001e80   0x0000004c   Code   RO          748    i.rt_hw_stack_init  cpuport.o
    0x08001ecc   0x00000020   Code   RO         1084    i.rt_interrupt_enter  irq.o
    0x08001eec   0x00000020   Code   RO         1086    i.rt_interrupt_leave  irq.o
    0x08001f0c   0x00000014   Code   RO          944    i.rt_ipc_list_resume  ipc.o
    0x08001f20   0x0000006c   Code   RO          946    i.rt_ipc_list_suspend  ipc.o
    0x08001f8c   0x00000010   Code   RO          947    i.rt_ipc_object_init  ipc.o
    0x08001f9c   0x00000030   Code   RO         1117    i.rt_kprintf        kservice.o
    0x08001fcc   0x00000006   Code   RO          948    i.rt_list_init      ipc.o
    0x08001fd2   0x00000006   Code   RO         1416    i.rt_list_init      scheduler.o
    0x08001fd8   0x00000006   Code   RO         1603    i.rt_list_init      timer.o
    0x08001fde   0x0000000e   Code   RO         1338    i.rt_list_insert_after  object.o
    0x08001fec   0x0000000e   Code   RO         1481    i.rt_list_insert_after  thread.o
    0x08001ffa   0x0000000e   Code   RO         1604    i.rt_list_insert_after  timer.o
    0x08002008   0x0000000e   Code   RO          949    i.rt_list_insert_before  ipc.o
    0x08002016   0x00000010   Code   RO          950    i.rt_list_isempty   ipc.o
    0x08002026   0x00000010   Code   RO         1605    i.rt_list_isempty   timer.o
    0x08002036   0x00000012   Code   RO         1339    i.rt_list_remove    object.o
    0x08002048   0x00000012   Code   RO         1482    i.rt_list_remove    thread.o
    0x0800205a   0x00000002   PAD
    0x0800205c   0x0000016c   Code   RO         1291    i.rt_malloc         mem.o
    0x080021c8   0x00000048   Code   RO         1123    i.rt_memset         kservice.o
    0x08002210   0x00000054   Code   RO         1340    i.rt_object_allocate  object.o
    0x08002264   0x00000024   Code   RO         1341    i.rt_object_delete  object.o
    0x08002288   0x0000001e   Code   RO         1342    i.rt_object_detach  object.o
    0x080022a6   0x00000002   PAD
    0x080022a8   0x00000028   Code   RO         1344    i.rt_object_get_information  object.o
    0x080022d0   0x0000003c   Code   RO         1346    i.rt_object_init    object.o
    0x0800230c   0x00000012   Code   RO         1347    i.rt_object_is_systemobject  object.o
    0x0800231e   0x00000002   PAD
    0x08002320   0x00000090   Code   RO         1417    i.rt_schedule       scheduler.o
    0x080023b0   0x00000050   Code   RO         1418    i.rt_schedule_insert_thread  scheduler.o
    0x08002400   0x00000054   Code   RO         1419    i.rt_schedule_remove_thread  scheduler.o
    0x08002454   0x00000026   Code   RO          963    i.rt_sem_init       ipc.o
    0x0800247a   0x0000003a   Code   RO          964    i.rt_sem_release    ipc.o
    0x080024b4   0x00000074   Code   RO          965    i.rt_sem_take       ipc.o
    0x08002528   0x000000b0   Code   RO         1125    i.rt_show_version   kservice.o
    0x080025d8   0x00000012   Code   RO         1131    i.rt_strlen         kservice.o
    0x080025ea   0x00000034   Code   RO         1133    i.rt_strncpy        kservice.o
    0x0800261e   0x00000002   PAD
    0x08002620   0x000000f8   Code   RO         1294    i.rt_system_heap_init  mem.o
    0x08002718   0x0000004c   Code   RO         1420    i.rt_system_scheduler_init  scheduler.o
    0x08002764   0x00000030   Code   RO         1421    i.rt_system_scheduler_start  scheduler.o
    0x08002794   0x0000001c   Code   RO         1606    i.rt_system_timer_init  timer.o
    0x080027b0   0x00000002   Code   RO         1607    i.rt_system_timer_thread_init  timer.o
    0x080027b2   0x00000050   Code   RO         1484    i.rt_thread_create  thread.o
    0x08002802   0x0000000c   Code   RO         1485    i.rt_thread_delay   thread.o
    0x0800280e   0x00000002   PAD
    0x08002810   0x00000054   Code   RO         1488    i.rt_thread_exit    thread.o
    0x08002864   0x00000008   Code   RO          905    i.rt_thread_idle_entry  idle.o
    0x0800286c   0x00000084   Code   RO          906    i.rt_thread_idle_excute  idle.o
    0x080028f0   0x0000003c   Code   RO          908    i.rt_thread_idle_init  idle.o
    0x0800292c   0x00000034   Code   RO         1490    i.rt_thread_init    thread.o
    0x08002960   0x0000003c   Code   RO         1492    i.rt_thread_resume  thread.o
    0x0800299c   0x0000000c   Code   RO         1493    i.rt_thread_self    thread.o
    0x080029a8   0x00000044   Code   RO         1494    i.rt_thread_sleep   thread.o
    0x080029ec   0x0000002c   Code   RO         1495    i.rt_thread_startup  thread.o
    0x08002a18   0x00000044   Code   RO         1496    i.rt_thread_suspend  thread.o
    0x08002a5c   0x00000020   Code   RO         1497    i.rt_thread_timeout  thread.o
    0x08002a7c   0x00000064   Code   RO         1498    i.rt_thread_yield   thread.o
    0x08002ae0   0x0000000c   Code   RO          791    i.rt_tick_get       clock.o
    0x08002aec   0x00000030   Code   RO          792    i.rt_tick_increase  clock.o
    0x08002b1c   0x0000007c   Code   RO         1608    i.rt_timer_check    timer.o
    0x08002b98   0x00000038   Code   RO         1609    i.rt_timer_control  timer.o
    0x08002bd0   0x00000036   Code   RO         1610    i.rt_timer_create   timer.o
    0x08002c06   0x00000020   Code   RO         1612    i.rt_timer_detach   timer.o
    0x08002c26   0x0000002e   Code   RO         1613    i.rt_timer_init     timer.o
    0x08002c54   0x000000f8   Code   RO         1616    i.rt_timer_start    timer.o
    0x08002d4c   0x00000030   Code   RO         1617    i.rt_timer_stop     timer.o
    0x08002d7c   0x00000328   Code   RO         1136    i.rt_vsnprintf      kservice.o
    0x080030a4   0x00000004   Code   RO          835    i.rti_board_end     components.o
    0x080030a8   0x00000004   Code   RO          836    i.rti_board_start   components.o
    0x080030ac   0x00000004   Code   RO          837    i.rti_end           components.o
    0x080030b0   0x00000004   Code   RO          838    i.rti_start         components.o
    0x080030b4   0x0000002a   Code   RO          839    i.rtthread_startup  components.o
    0x080030de   0x00000002   Code   RO          416    i.sendData          thread_mw.o
    0x080030e0   0x00000026   Code   RO         1138    i.skip_atoi         kservice.o
    0x08003106   0x00000002   PAD
    0x08003108   0x0000001c   Code   RO          587    i.stop_func         control.o
    0x08003124   0x0000000c   Code   RO          418    i.timer1_f          thread_mw.o
    0x08003130   0x00000080   Code   RO          588    i.track_zhixian     control.o
    0x080031b0   0x00000020   Code   RO          590    i.up_down           control.o
    0x080031d0   0x000001a0   Code   RO          300    i.usart2_init       usart2.o
    0x08003370   0x000001a4   Code   RO          345    i.usart3_init       usart3.o
    0x08003514   0x000001a4   Code   RO          254    i.usart_init        usart1.o
    0x080036b8   0x00000150   Code   RO          200    i.velocity_mw       motor.o
    0x08003808   0x00000122   Data   RO         1140    .constdata          kservice.o
    0x0800392a   0x00000002   PAD
    0x0800392c   0x00000004   Data   RO          840    .rti_fn.0           components.o
    0x08003930   0x00000004   Data   RO          841    .rti_fn.0.end       components.o
    0x08003934   0x00000004   Data   RO          842    .rti_fn.1.end       components.o
    0x08003938   0x00000004   Data   RO          843    .rti_fn.6.end       components.o
    0x0800393c   0x00000020   Data   RO         2131    Region$$Table       anon$$obj.o


    Execution Region RW_IRAM1 (Base: 0x20000000, Size: 0x000017c0, Max: 0x00005000, ABSOLUTE, COMPRESSED[0x0000004c])

    Base Addr    Size         Type   Attr      Idx    E Section Name        Object

    0x20000000   0x00000014   Data   RW            6    .data               mian.o
    0x20000014   0x00000030   Data   RW          201    .data               motor.o
    0x20000044   0x00000014   Data   RW          420    .data               thread_mw.o
    0x20000058   0x00000049   Data   RW          481    .data               jy901.o
    0x200000a1   0x00000005   Data   RW          591    .data               control.o
    0x200000a6   0x00000002   PAD
    0x200000a8   0x00000014   Data   RW          701    .data               system_stm32f10x.o
    0x200000bc   0x00000010   Data   RW          749    .data               cpuport.o
    0x200000cc   0x00000004   Data   RW          794    .data               clock.o
    0x200000d0   0x00000001   Data   RW         1087    .data               irq.o
    0x200000d1   0x00000003   PAD
    0x200000d4   0x00000018   Data   RW         1296    .data               mem.o
    0x200000ec   0x00000040   Data   RW         1349    .data               object.o
    0x2000012c   0x00000018   Data   RW         1423    .data               scheduler.o
    0x20000144   0x0000000c   Data   RW         1618    .data               timer.o
    0x20000150   0x00000018   Zero   RW          480    .bss                jy901.o
    0x20000168   0x00000178   Zero   RW          909    .bss                idle.o
    0x200002e0   0x00000080   Zero   RW         1139    .bss                kservice.o
    0x20000360   0x00000020   Zero   RW         1295    .bss                mem.o
    0x20000380   0x00000040   Zero   RW         1422    .bss                scheduler.o
    0x200003c0   0x00001000   Zero   RW         1716    .bss                board.o
    0x200013c0   0x00000400   Zero   RW          687    STACK               startup_stm32f10x_md.o


==============================================================================

Image component sizes


      Code (inc. data)   RO Data    RW Data    ZI Data      Debug   Object Name

       218          0          0          0          0       2104   ano.o
       144         22          0          0       4096       2959   board.o
        60         12          0          4          0       1129   clock.o
       186         28         16          0          0       5676   components.o
       244         26          0          0          0        816   context_rvds.o
       352         46          0          5          0       3113   control.o
       588        328          0         16          0       3222   cpuport.o
       336         28          0          0          0       1439   encoder.o
       220         30          0          0        376       5470   idle.o
       392          0          0          0          0       7997   ipc.o
        64         12          0          1          0       1542   irq.o
       718         72          0         73         24       3449   jy901.o
      1698        164        290          0        128       9047   kservice.o
       956        224          0         24         32       3776   mem.o
       400        160          0         20          0     213062   mian.o
       860        102          0         48          0       2717   motor.o
       300          4          0         64          0       7936   object.o
       530         88          0         24         64       8342   scheduler.o
        36          8        236          0       1024        792   startup_stm32f10x_md.o
       492         50          0         20          0       2797   system_stm32f10x.o
       776         36          0          0          0      11475   thread.o
       438         64          0         20          0       2595   thread_mw.o
       786         20          0         12          0      11582   timer.o
       488         36          0          0          0      26840   usart1.o
       456         28          0          0          0       1534   usart2.o
       500         42          0          0          0       1971   usart3.o

    ----------------------------------------------------------------------
     12254       1630        576        336       5744     343382   Object Totals
         0          0         32          0          0          0   (incl. Generated)
        16          0          2          5          0          0   (incl. Padding)

    ----------------------------------------------------------------------

      Code (inc. data)   RO Data    RW Data    ZI Data      Debug   Library Member Name

        86          0          0          0          0          0   __dczerorl2.o
         0          0          0          0          0          0   entry.o
         0          0          0          0          0          0   entry10a.o
         0          0          0          0          0          0   entry11a.o
         8          4          0          0          0          0   entry2.o
         4          0          0          0          0          0   entry5.o
         0          0          0          0          0          0   entry7b.o
         0          0          0          0          0          0   entry8b.o
         8          4          0          0          0          0   entry9a.o
        30          0          0          0          0          0   handlers.o
        36          8          0          0          0         68   init.o
         0          0          0          0          0          0   iusefp.o
        30          0          0          0          0         68   llshl.o
        36          0          0          0          0         68   llsshr.o
        32          0          0          0          0         68   llushr.o
        36          0          0          0          0        108   memseta.o
        20          0          0          0          0         68   cfcmple.o
        20          0          0          0          0         68   cfrcmple.o
        56          0          0          0          0         88   d2f.o
       334          0          0          0          0        148   dadd.o
       186          0          0          0          0        176   depilogue.o
        34          0          0          0          0         76   dflti.o
       228          0          0          0          0         96   dmul.o
        38          0          0          0          0         68   f2d.o
       176          0          0          0          0        140   fadd.o
       124          0          0          0          0         88   fdiv.o
       110          0          0          0          0        168   fepilogue.o
        50          0          0          0          0         68   ffixi.o
        40          0          0          0          0         68   ffixui.o
        18          0          0          0          0         68   fflti.o
        10          0          0          0          0         68   ffltui.o
       100          0          0          0          0         76   fmul.o

    ----------------------------------------------------------------------
      1854         16          0          0          0       1912   Library Totals
         4          0          0          0          0          0   (incl. Padding)

    ----------------------------------------------------------------------

      Code (inc. data)   RO Data    RW Data    ZI Data      Debug   Library Name

       306         16          0          0          0        380   mc_w.l
      1544          0          0          0          0       1532   mf_w.l

    ----------------------------------------------------------------------
      1854         16          0          0          0       1912   Library Totals

    ----------------------------------------------------------------------

==============================================================================


      Code (inc. data)   RO Data    RW Data    ZI Data      Debug   

     14108       1646        576        336       5744     338194   Grand Totals
     14108       1646        576         76       5744     338194   ELF Image Totals (compressed)
     14108       1646        576         76          0          0   ROM Totals

==============================================================================

    Total RO  Size (Code + RO Data)                14684 (  14.34kB)
    Total RW  Size (RW Data + ZI Data)              6080 (   5.94kB)
    Total ROM Size (Code + RO Data + RW Data)      14760 (  14.41kB)

==============================================================================

