Component: ARM Compiler 5.06 update 6 (build 750) Tool: armlink [4d35ed]

==============================================================================

Section Cross References

    mian.o(i.main) refers to kservice.o(i.rt_kprintf) for rt_kprintf
    mian.o(i.main) refers to usart2.o(i.usart2_init) for usart2_init
    mian.o(i.main) refers to usart3.o(i.usart3_init) for usart3_init
    mian.o(i.main) refers to encoder.o(i.Encoder_Init_TIM2) for Encoder_Init_TIM2
    mian.o(i.main) refers to encoder.o(i.Encoder_Init_TIM4) for Encoder_Init_TIM4
    mian.o(i.main) refers to motor.o(i.PWM_Init_TIM1) for PWM_Init_TIM1
    mian.o(i.main) refers to thread.o(i.rt_thread_create) for rt_thread_create
    mian.o(i.main) refers to thread.o(i.rt_thread_startup) for rt_thread_startup
    mian.o(i.main) refers to timer.o(i.rt_timer_create) for rt_timer_create
    mian.o(i.main) refers to timer.o(i.rt_timer_start) for rt_timer_start
    mian.o(i.main) refers to thread_mw.o(i.readEncode) for readEncode
    mian.o(i.main) refers to mian.o(.data) for tid1
    mian.o(i.main) refers to thread_mw.o(i.sendData) for sendData
    mian.o(i.main) refers to thread_mw.o(i.controlMotor) for controlMotor
    mian.o(i.main) refers to thread_mw.o(i.time_thread) for time_thread
    mian.o(i.main) refers to thread_mw.o(i.timer1_f) for timer1_f
    motor.o(i.balance_mw) refers to d2f.o(.text) for __aeabi_d2f
    motor.o(i.balance_mw) refers to fadd.o(.text) for __aeabi_fsub
    motor.o(i.balance_mw) refers to fmul.o(.text) for __aeabi_fmul
    motor.o(i.balance_mw) refers to ffixi.o(.text) for __aeabi_f2iz
    motor.o(i.balance_mw) refers to usart3.o(.bss) for m
    motor.o(i.selfCorrecting) refers to motor.o(i.motor_run) for motor_run
    motor.o(i.velocity_mw) refers to d2f.o(.text) for __aeabi_d2f
    motor.o(i.velocity_mw) refers to f2d.o(.text) for __aeabi_f2d
    motor.o(i.velocity_mw) refers to dmul.o(.text) for __aeabi_dmul
    motor.o(i.velocity_mw) refers to dflti.o(.text) for __aeabi_i2d
    motor.o(i.velocity_mw) refers to dadd.o(.text) for __aeabi_dadd
    motor.o(i.velocity_mw) refers to fadd.o(.text) for __aeabi_fadd
    motor.o(i.velocity_mw) refers to cfrcmple.o(.text) for __aeabi_cfrcmple
    motor.o(i.velocity_mw) refers to cfcmple.o(.text) for __aeabi_cfcmple
    motor.o(i.velocity_mw) refers to fmul.o(.text) for __aeabi_fmul
    motor.o(i.velocity_mw) refers to cdrcmple.o(.text) for __aeabi_cdrcmple
    motor.o(i.velocity_mw) refers to ffixi.o(.text) for __aeabi_f2iz
    motor.o(i.velocity_mw) refers to usart3.o(.bss) for m
    motor.o(i.velocity_mw) refers to motor.o(.data) for Velocity_Kp
    motor.o(i.velocity_mw) refers to thread_mw.o(.data) for leftEncoder
    usart1.o(i.PcTx_String) refers to usart1.o(i.PcTx_Byte) for PcTx_Byte
    usart1.o(i.USART1_IRQHandler) refers to irq.o(i.rt_interrupt_enter) for rt_interrupt_enter
    usart1.o(i.USART1_IRQHandler) refers to irq.o(i.rt_interrupt_leave) for rt_interrupt_leave
    usart1.o(i.usart_init) refers to ffltui.o(.text) for __aeabi_ui2f
    usart1.o(i.usart_init) refers to fdiv.o(.text) for __aeabi_fdiv
    usart1.o(i.usart_init) refers to ffixui.o(.text) for __aeabi_f2uiz
    usart1.o(i.usart_init) refers to fadd.o(.text) for __aeabi_frsub
    usart1.o(i.usart_init) refers to fmul.o(.text) for __aeabi_fmul
    usart2.o(i.PcTx_String2) refers to usart2.o(i.PcTx_Byte2) for PcTx_Byte2
    usart2.o(i.USART2_IRQHandler) refers to irq.o(i.rt_interrupt_enter) for rt_interrupt_enter
    usart2.o(i.USART2_IRQHandler) refers to jy901.o(i.CopeSerialData) for CopeSerialData
    usart2.o(i.USART2_IRQHandler) refers to irq.o(i.rt_interrupt_leave) for rt_interrupt_leave
    usart2.o(i.usart2_init) refers to ffltui.o(.text) for __aeabi_ui2f
    usart2.o(i.usart2_init) refers to fdiv.o(.text) for __aeabi_fdiv
    usart2.o(i.usart2_init) refers to ffixui.o(.text) for __aeabi_f2uiz
    usart2.o(i.usart2_init) refers to fadd.o(.text) for __aeabi_frsub
    usart2.o(i.usart2_init) refers to fmul.o(.text) for __aeabi_fmul
    usart3.o(i.PcTx_String3) refers to usart3.o(i.PcTx_Byte3) for PcTx_Byte3
    usart3.o(i.Task_Pc3) refers to xnumx.o(i.xnumx) for xnumx
    usart3.o(i.Task_Pc3) refers to printfa.o(i.__0printf) for __2printf
    usart3.o(i.Task_Pc3) refers to memseta.o(.text) for __aeabi_memclr4
    usart3.o(i.Task_Pc3) refers to usart3.o(.data) for Rx_Len3
    usart3.o(i.Task_Pc3) refers to usart3.o(.bss) for m
    usart3.o(i.USART3_IRQHandler) refers to irq.o(i.rt_interrupt_enter) for rt_interrupt_enter
    usart3.o(i.USART3_IRQHandler) refers to irq.o(i.rt_interrupt_leave) for rt_interrupt_leave
    usart3.o(i.USART3_IRQHandler) refers to usart3.o(.data) for Rx_End3
    usart3.o(i.USART3_IRQHandler) refers to usart3.o(.bss) for Rx_Buf3
    usart3.o(i.usart3_init) refers to ffltui.o(.text) for __aeabi_ui2f
    usart3.o(i.usart3_init) refers to fdiv.o(.text) for __aeabi_fdiv
    usart3.o(i.usart3_init) refers to ffixui.o(.text) for __aeabi_f2uiz
[...]
    ../fplib/microlib/fpepilogue.c           0x00000000   Number         0  fepilogue.o ABSOLUTE
    ../fplib/microlib/fpfix.c                0x00000000   Number         0  dfixul.o ABSOLUTE
    ../fplib/microlib/fpfix.c                0x00000000   Number         0  ffixui.o ABSOLUTE
    ../fplib/microlib/fpfix.c                0x00000000   Number         0  ffixi.o ABSOLUTE
    ../fplib/microlib/fpflt.c                0x00000000   Number         0  ffltui.o ABSOLUTE
    ../fplib/microlib/fpflt.c                0x00000000   Number         0  dflti.o ABSOLUTE
    ../fplib/microlib/fpflt.c                0x00000000   Number         0  dfltui.o ABSOLUTE
    ../fplib/microlib/fpflt.c                0x00000000   Number         0  fflti.o ABSOLUTE
    ../fplib/microlib/fpmul.c                0x00000000   Number         0  dmul.o ABSOLUTE
    ../fplib/microlib/fpmul.c                0x00000000   Number         0  fmul.o ABSOLUTE
    C:\Keil_v5\ARM\PACK\RealThread\RT-Thread\3.1.2\libcpu\arm\cortex-m3\context_rvds.S 0x00000000   Number         0  context_rvds.o ABSOLUTE
    C:\Keil_v5\ARM\PACK\RealThread\RT-Thread\3.1.2\libcpu\arm\cortex-m3\cpuport.c 0x00000000   Number         0  cpuport.o ABSOLUTE
    C:\Keil_v5\ARM\PACK\RealThread\RT-Thread\3.1.2\src\clock.c 0x00000000   Number         0  clock.o ABSOLUTE
    C:\Keil_v5\ARM\PACK\RealThread\RT-Thread\3.1.2\src\components.c 0x00000000   Number         0  components.o ABSOLUTE
    C:\Keil_v5\ARM\PACK\RealThread\RT-Thread\3.1.2\src\device.c 0x00000000   Number         0  device.o ABSOLUTE
    C:\Keil_v5\ARM\PACK\RealThread\RT-Thread\3.1.2\src\idle.c 0x00000000   Number         0  idle.o ABSOLUTE
    C:\Keil_v5\ARM\PACK\RealThread\RT-Thread\3.1.2\src\ipc.c 0x00000000   Number         0  ipc.o ABSOLUTE
    C:\Keil_v5\ARM\PACK\RealThread\RT-Thread\3.1.2\src\irq.c 0x00000000   Number         0  irq.o ABSOLUTE
    C:\Keil_v5\ARM\PACK\RealThread\RT-Thread\3.1.2\src\kservice.c 0x00000000   Number         0  kservice.o ABSOLUTE
    C:\Keil_v5\ARM\PACK\RealThread\RT-Thread\3.1.2\src\mem.c 0x00000000   Number         0  mem.o ABSOLUTE
    C:\Keil_v5\ARM\PACK\RealThread\RT-Thread\3.1.2\src\object.c 0x00000000   Number         0  object.o ABSOLUTE
    C:\Keil_v5\ARM\PACK\RealThread\RT-Thread\3.1.2\src\scheduler.c 0x00000000   Number         0  scheduler.o ABSOLUTE
    C:\Keil_v5\ARM\PACK\RealThread\RT-Thread\3.1.2\src\thread.c 0x00000000   Number         0  thread.o ABSOLUTE
    C:\Keil_v5\ARM\PACK\RealThread\RT-Thread\3.1.2\src\timer.c 0x00000000   Number         0  timer.o ABSOLUTE
    RTE\Device\STM32F103C8\startup_stm32f10x_md.s 0x00000000   Number         0  startup_stm32f10x_md.o ABSOLUTE
    RTE\Device\STM32F103C8\system_stm32f10x.c 0x00000000   Number         0  system_stm32f10x.o ABSOLUTE
    RTE\RTOS\board.c                         0x00000000   Number         0  board.o ABSOLUTE
    RTE\\Device\\STM32F103C8\\system_stm32f10x.c 0x00000000   Number         0  system_stm32f10x.o ABSOLUTE
    RTE\\RTOS\\board.c                       0x00000000   Number         0  board.o ABSOLUTE
    USER\\src\\JY901.c                       0x00000000   Number         0  jy901.o ABSOLUTE
    USER\\src\\control.c                     0x00000000   Number         0  control.o ABSOLUTE
    USER\\src\\encoder.c                     0x00000000   Number         0  encoder.o ABSOLUTE
    USER\\src\\mian.c                        0x00000000   Number         0  mian.o ABSOLUTE
    USER\\src\\motor.c                       0x00000000   Number         0  motor.o ABSOLUTE
    USER\\src\\thread_mw.c                   0x00000000   Number         0  thread_mw.o ABSOLUTE
    USER\\src\\usart1.c                      0x00000000   Number         0  usart1.o ABSOLUTE
    USER\\src\\usart2.c                      0x00000000   Number         0  usart2.o ABSOLUTE
    USER\\src\\usart3.c                      0x00000000   Number         0  usart3.o ABSOLUTE
    USER\\src\\xnumx.c                       0x00000000   Number         0  xnumx.o ABSOLUTE
    USER\src\JY901.c                         0x00000000   Number         0  jy901.o ABSOLUTE
    USER\src\control.c                       0x00000000   Number         0  control.o ABSOLUTE
    USER\src\encoder.c                       0x00000000   Number         0  encoder.o ABSOLUTE
    USER\src\mian.c                          0x00000000   Number         0  mian.o ABSOLUTE
    USER\src\motor.c                         0x00000000   Number         0  motor.o ABSOLUTE
    USER\src\thread_mw.c                     0x00000000   Number         0  thread_mw.o ABSOLUTE
    USER\src\usart1.c                        0x00000000   Number         0  usart1.o ABSOLUTE
    USER\src\usart2.c                        0x00000000   Number         0  usart2.o ABSOLUTE
    USER\src\usart3.c                        0x00000000   Number         0  usart3.o ABSOLUTE
    USER\src\xnumx.c                         0x00000000   Number         0  xnumx.o ABSOLUTE
    cdrcmple.s                               0x00000000   Number         0  cdrcmple.o ABSOLUTE
    cfcmple.s                                0x00000000   Number         0  cfcmple.o ABSOLUTE
    cfrcmple.s                               0x00000000   Number         0  cfrcmple.o ABSOLUTE
    dc.s                                     0x00000000   Number         0  dc.o ABSOLUTE
    handlers.s                               0x00000000   Number         0  handlers.o ABSOLUTE
    init.s                                   0x00000000   Number         0  init.o ABSOLUTE
    RESET                                    0x08000000   Section      236  startup_stm32f10x_md.o(RESET)
    .ARM.Collect$$$$00000000                 0x080000ec   Section        0  entry.o(.ARM.Collect$$$$00000000)
    .ARM.Collect$$$$00000001                 0x080000ec   Section        4  entry2.o(.ARM.Collect$$$$00000001)
    .ARM.Collect$$$$00000004                 0x080000f0   Section        4  entry5.o(.ARM.Collect$$$$00000004)
    .ARM.Collect$$$$00000008                 0x080000f4   Section        0  entry7b.o(.ARM.Collect$$$$00000008)
    .ARM.Collect$$$$0000000A                 0x080000f4   Section        0  entry8b.o(.ARM.Collect$$$$0000000A)
    .ARM.Collect$$$$0000000B                 0x080000f4   Section        8  entry9a.o(.ARM.Collect$$$$0000000B)
    .ARM.Collect$$$$0000000D                 0x080000fc   Section        0  entry10a.o(.ARM.Collect$$$$0000000D)
    .ARM.Collect$$$$0000000F                 0x080000fc   Section        0  entry11a.o(.ARM.Collect$$$$0000000F)
    .ARM.Collect$$$$00002712                 0x080000fc   Section        4  entry2.o(.ARM.Collect$$$$00002712)
    __lit__00000000                          0x080000fc   Data           4  entry2.o(.ARM.Collect$$$$00002712)
    .text                                    0x08000100   Section       36  startup_stm32f10x_md.o(.text)
    .text                                    0x08000124   Section      244  context_rvds.o(.text)
    .text                                    0x08000218   Section        0  memcpya.o(.text)
    .text                                    0x0800023c   Section        0  memseta.o(.text)
    .text                                    0x08000260   Section        0  fadd.o(.text)
    .text                                    0x08000310   Section        0  fmul.o(.text)
    .text                                    0x08000374   Section        0  fdiv.o(.text)
    .text                                    0x080003f0   Section        0  dadd.o(.text)
    .text                                    0x0800053e   Section        0  dmul.o(.text)
    .text                                    0x08000622   Section        0  ddiv.o(.text)
    .text                                    0x08000700   Section        0  fflti.o(.text)
    .text                                    0x08000712   Section        0  ffltui.o(.text)
    .text                                    0x0800071c   Section        0  dflti.o(.text)
    .text                                    0x0800073e   Section        0  dfltui.o(.text)
    .text                                    0x08000758   Section        0  ffixi.o(.text)
    .text                                    0x0800078a   Section        0  ffixui.o(.text)
    .text                                    0x080007b2   Section        0  f2d.o(.text)
    .text                                    0x080007d8   Section       48  cdrcmple.o(.text)
    .text                                    0x08000808   Section        0  d2f.o(.text)
    .text                                    0x08000840   Section       20  cfcmple.o(.text)
    .text                                    0x08000854   Section       20  cfrcmple.o(.text)
    .text                                    0x08000868   Section        0  uidiv.o(.text)
    .text                                    0x08000894   Section        0  uldiv.o(.text)
    .text                                    0x080008f6   Section        0  llshl.o(.text)
    .text                                    0x08000914   Section        0  llsshr.o(.text)
    .text                                    0x08000938   Section        0  iusefp.o(.text)
    .text                                    0x08000938   Section        0  fepilogue.o(.text)
    .text                                    0x080009a6   Section        0  depilogue.o(.text)
    .text                                    0x08000a60   Section        0  dfixul.o(.text)
    .text                                    0x08000a90   Section       36  init.o(.text)
    .text                                    0x08000ab4   Section        0  llushr.o(.text)
    .text                                    0x08000ad4   Section        0  __dczerorl2.o(.text)
    i.$Sub$$main                             0x08000b2a   Section        0  components.o(i.$Sub$$main)
    i.CharToLong                             0x08000b38   Section        0  jy901.o(i.CharToLong)
    i.CopeSerialData                         0x08000b4c   Section        0  jy901.o(i.CopeSerialData)
    i.Encoder_Init_TIM2                      0x08000ddc   Section        0  encoder.o(i.Encoder_Init_TIM2)
    i.Encoder_Init_TIM4                      0x08000e58   Section        0  encoder.o(i.Encoder_Init_TIM4)
    i.PWM_Init_TIM1                          0x08000ef4   Section        0  motor.o(i.PWM_Init_TIM1)
    i.PcTx_Byte                              0x08001010   Section        0  usart1.o(i.PcTx_Byte)
    i.PcTx_String                            0x0800102c   Section        0  usart1.o(i.PcTx_String)
    i.Read_Encoder                           0x08001044   Section        0  encoder.o(i.Read_Encoder)
    i.SetSysClock                            0x0800107c   Section        0  system_stm32f10x.o(i.SetSysClock)
    SetSysClock                              0x0800107d   Thumb Code     8  system_stm32f10x.o(i.SetSysClock)
    i.SetSysClockTo72                        0x08001084   Section        0  system_stm32f10x.o(i.SetSysClockTo72)
    SetSysClockTo72                          0x08001085   Thumb Code   214  system_stm32f10x.o(i.SetSysClockTo72)
    i.SysTick_Handler                        0x08001164   Section        0  board.o(i.SysTick_Handler)
    i.SystemCoreClockUpdate                  0x08001174   Section        0  system_stm32f10x.o(i.SystemCoreClockUpdate)
    i.SystemInit                             0x08001218   Section        0  system_stm32f10x.o(i.SystemInit)
    i.Task_Pc3                               0x08001278   Section        0  usart3.o(i.Task_Pc3)
    i.USART1_IRQHandler                      0x080013cc   Section        0  usart1.o(i.USART1_IRQHandler)
    i.USART2_IRQHandler                      0x080013d8   Section        0  usart2.o(i.USART2_IRQHandler)
    i.USART3_IRQHandler                      0x08001400   Section        0  usart3.o(i.USART3_IRQHandler)
    i._SysTick_Config                        0x08001458   Section        0  board.o(i._SysTick_Config)
    _SysTick_Config                          0x08001459   Thumb Code    44  board.o(i._SysTick_Config)
    i.__0printf                              0x08001488   Section        0  printfa.o(i.__0printf)
    i.__rt_ffs                               0x080014a8   Section        0  kservice.o(i.__rt_ffs)
    i.__scatterload_copy                     0x080014f4   Section       14  handlers.o(i.__scatterload_copy)
    i.__scatterload_null                     0x08001502   Section        2  handlers.o(i.__scatterload_null)
    i.__scatterload_zeroinit                 0x08001504   Section       14  handlers.o(i.__scatterload_zeroinit)
    i._fp_digits                             0x08001514   Section        0  printfa.o(i._fp_digits)
    _fp_digits                               0x08001515   Thumb Code   366  printfa.o(i._fp_digits)
    i._has_defunct_thread                    0x08001698   Section        0  idle.o(i._has_defunct_thread)
    _has_defunct_thread                      0x08001699   Thumb Code    16  idle.o(i._has_defunct_thread)
    i._printf_core                           0x080016ac   Section        0  printfa.o(i._printf_core)
    _printf_core                             0x080016ad   Thumb Code  1744  printfa.o(i._printf_core)
    i._printf_post_padding                   0x08001d88   Section        0  printfa.o(i._printf_post_padding)
    _printf_post_padding                     0x08001d89   Thumb Code    36  printfa.o(i._printf_post_padding)
    i._printf_pre_padding                    0x08001dac   Section        0  printfa.o(i._printf_pre_padding)
    _printf_pre_padding                      0x08001dad   Thumb Code    46  printfa.o(i._printf_pre_padding)
    i._rt_thread_init                        0x08001ddc   Section        0  thread.o(i._rt_thread_init)
    _rt_thread_init                          0x08001ddd   Thumb Code   124  thread.o(i._rt_thread_init)
    i._rt_timer_init                         0x08001e60   Section        0  timer.o(i._rt_timer_init)
    _rt_timer_init                           0x08001e61   Thumb Code    66  timer.o(i._rt_timer_init)
    i._rt_timer_remove                       0x08001ea2   Section        0  timer.o(i._rt_timer_remove)
    _rt_timer_remove                         0x08001ea3   Thumb Code    46  timer.o(i._rt_timer_remove)
    i.balance_mw                             0x08001ed0   Section        0  motor.o(i.balance_mw)
    i.controlMotor                           0x08001f2c   Section        0  thread_mw.o(i.controlMotor)
    i.findFirstChar                          0x08001fc4   Section        0  xnumx.o(i.findFirstChar)
    i.findLastChar                           0x08001fe0   Section        0  xnumx.o(i.findLastChar)
    i.fputc                                  0x08002004   Section        0  usart3.o(i.fputc)
    i.free                                   0x08002020   Section        0  malloc.o(i.free)
    i.main                                   0x08002070   Section        0  mian.o(i.main)
    i.main_thread_entry                      0x080021f4   Section        0  components.o(i.main_thread_entry)
    i.malloc                                 0x08002204   Section        0  malloc.o(i.malloc)
    i.motor_run                              0x08002270   Section        0  motor.o(i.motor_run)
    i.plug_holes                             0x08002310   Section        0  mem.o(i.plug_holes)
    plug_holes                               0x08002311   Thumb Code   108  mem.o(i.plug_holes)
    i.print_number                           0x08002388   Section        0  kservice.o(i.print_number)
    print_number                             0x08002389   Thumb Code   400  kservice.o(i.print_number)
    i.readEncode                             0x08002520   Section        0  thread_mw.o(i.readEncode)
    i.rt_application_init                    0x08002564   Section        0  components.o(i.rt_application_init)
    i.rt_components_board_init               0x08002590   Section        0  components.o(i.rt_components_board_init)
    i.rt_components_init                     0x080025ac   Section        0  components.o(i.rt_components_init)
    i.rt_enter_critical                      0x080025c8   Section        0  scheduler.o(i.rt_enter_critical)
    i.rt_exit_critical                       0x080025e8   Section        0  scheduler.o(i.rt_exit_critical)
    i.rt_free                                0x08002624   Section        0  mem.o(i.rt_free)
    i.rt_heap_begin_get                      0x08002704   Section        0  board.o(i.rt_heap_begin_get)
    i.rt_heap_end_get                        0x0800270c   Section        0  board.o(i.rt_heap_end_get)
    i.rt_hw_board_init                       0x08002714   Section        0  board.o(i.rt_hw_board_init)
    i.rt_hw_console_output                   0x08002750   Section        0  board.o(i.rt_hw_console_output)
    i.rt_hw_hard_fault_exception             0x08002764   Section        0  cpuport.o(i.rt_hw_hard_fault_exception)
    i.rt_hw_stack_init                       0x08002964   Section        0  cpuport.o(i.rt_hw_stack_init)
    i.rt_interrupt_enter                     0x080029b0   Section        0  irq.o(i.rt_interrupt_enter)
    i.rt_interrupt_leave                     0x080029d0   Section        0  irq.o(i.rt_interrupt_leave)
    i.rt_ipc_list_resume                     0x080029f0   Section        0  ipc.o(i.rt_ipc_list_resume)
    rt_ipc_list_resume                       0x080029f1   Thumb Code    20  ipc.o(i.rt_ipc_list_resume)
    i.rt_ipc_list_suspend                    0x08002a04   Section        0  ipc.o(i.rt_ipc_list_suspend)
    rt_ipc_list_suspend                      0x08002a05   Thumb Code   108  ipc.o(i.rt_ipc_list_suspend)
    i.rt_ipc_object_init                     0x08002a70   Section        0  ipc.o(i.rt_ipc_object_init)
    rt_ipc_object_init                       0x08002a71   Thumb Code    16  ipc.o(i.rt_ipc_object_init)
    i.rt_kprintf                             0x08002a80   Section        0  kservice.o(i.rt_kprintf)
    i.rt_list_init                           0x08002ab0   Section        0  ipc.o(i.rt_list_init)
    rt_list_init                             0x08002ab1   Thumb Code     6  ipc.o(i.rt_list_init)
    i.rt_list_init                           0x08002ab6   Section        0  scheduler.o(i.rt_list_init)
    rt_list_init                             0x08002ab7   Thumb Code     6  scheduler.o(i.rt_list_init)
    i.rt_list_init                           0x08002abc   Section        0  timer.o(i.rt_list_init)
    rt_list_init                             0x08002abd   Thumb Code     6  timer.o(i.rt_list_init)
    i.rt_list_insert_after                   0x08002ac2   Section        0  object.o(i.rt_list_insert_after)
    rt_list_insert_after                     0x08002ac3   Thumb Code    14  object.o(i.rt_list_insert_after)
    i.rt_list_insert_after                   0x08002ad0   Section        0  thread.o(i.rt_list_insert_after)
    rt_list_insert_after                     0x08002ad1   Thumb Code    14  thread.o(i.rt_list_insert_after)
    i.rt_list_insert_after                   0x08002ade   Section        0  timer.o(i.rt_list_insert_after)
    rt_list_insert_after                     0x08002adf   Thumb Code    14  timer.o(i.rt_list_insert_after)
    i.rt_list_insert_before                  0x08002aec   Section        0  ipc.o(i.rt_list_insert_before)
    rt_list_insert_before                    0x08002aed   Thumb Code    14  ipc.o(i.rt_list_insert_before)
    i.rt_list_isempty                        0x08002afa   Section        0  ipc.o(i.rt_list_isempty)
    rt_list_isempty                          0x08002afb   Thumb Code    16  ipc.o(i.rt_list_isempty)
    i.rt_list_isempty                        0x08002b0a   Section        0  timer.o(i.rt_list_isempty)
    rt_list_isempty                          0x08002b0b   Thumb Code    16  timer.o(i.rt_list_isempty)
    i.rt_list_remove                         0x08002b1a   Section        0  object.o(i.rt_list_remove)
    rt_list_remove                           0x08002b1b   Thumb Code    18  object.o(i.rt_list_remove)
    i.rt_list_remove                         0x08002b2c   Section        0  thread.o(i.rt_list_remove)
    rt_list_remove                           0x08002b2d   Thumb Code    18  thread.o(i.rt_list_remove)
    i.rt_malloc                              0x08002b40   Section        0  mem.o(i.rt_malloc)
    i.rt_memset                              0x08002cac   Section        0  kservice.o(i.rt_memset)
    i.rt_object_allocate                     0x08002cf4   Section        0  object.o(i.rt_object_allocate)
    i.rt_object_delete                       0x08002d48   Section        0  object.o(i.rt_object_delete)
    i.rt_object_detach                       0x08002d6c   Section        0  object.o(i.rt_object_detach)
    i.rt_object_get_information              0x08002d8c   Section        0  object.o(i.rt_object_get_information)
    i.rt_object_init                         0x08002db4   Section        0  object.o(i.rt_object_init)
    i.rt_object_is_systemobject              0x08002df0   Section        0  object.o(i.rt_object_is_systemobject)
    i.rt_schedule                            0x08002e04   Section        0  scheduler.o(i.rt_schedule)
    i.rt_schedule_insert_thread              0x08002e94   Section        0  scheduler.o(i.rt_schedule_insert_thread)
    i.rt_schedule_remove_thread              0x08002ee4   Section        0  scheduler.o(i.rt_schedule_remove_thread)
    i.rt_sem_init                            0x08002f38   Section        0  ipc.o(i.rt_sem_init)
    i.rt_sem_release                         0x08002f5e   Section        0  ipc.o(i.rt_sem_release)
    i.rt_sem_take                            0x08002f98   Section        0  ipc.o(i.rt_sem_take)
    i.rt_show_version                        0x0800300c   Section        0  kservice.o(i.rt_show_version)
    i.rt_strlen                              0x080030bc   Section        0  kservice.o(i.rt_strlen)
    i.rt_strncpy                             0x080030ce   Section        0  kservice.o(i.rt_strncpy)
    i.rt_system_heap_init                    0x08003104   Section        0  mem.o(i.rt_system_heap_init)
    i.rt_system_scheduler_init               0x080031fc   Section        0  scheduler.o(i.rt_system_scheduler_init)
    i.rt_system_scheduler_start              0x08003248   Section        0  scheduler.o(i.rt_system_scheduler_start)
    i.rt_system_timer_init                   0x08003278   Section        0  timer.o(i.rt_system_timer_init)
    i.rt_system_timer_thread_init            0x08003294   Section        0  timer.o(i.rt_system_timer_thread_init)
    i.rt_thread_create                       0x08003296   Section        0  thread.o(i.rt_thread_create)
    i.rt_thread_delay                        0x080032e6   Section        0  thread.o(i.rt_thread_delay)
    i.rt_thread_exit                         0x080032f4   Section        0  thread.o(i.rt_thread_exit)
    i.rt_thread_idle_entry                   0x08003348   Section        0  idle.o(i.rt_thread_idle_entry)
    rt_thread_idle_entry                     0x08003349   Thumb Code     8  idle.o(i.rt_thread_idle_entry)
    i.rt_thread_idle_excute                  0x08003350   Section        0  idle.o(i.rt_thread_idle_excute)
    i.rt_thread_idle_init                    0x080033d4   Section        0  idle.o(i.rt_thread_idle_init)
    i.rt_thread_init                         0x08003410   Section        0  thread.o(i.rt_thread_init)
    i.rt_thread_resume                       0x08003444   Section        0  thread.o(i.rt_thread_resume)
    i.rt_thread_self                         0x08003480   Section        0  thread.o(i.rt_thread_self)
    i.rt_thread_sleep                        0x0800348c   Section        0  thread.o(i.rt_thread_sleep)
    i.rt_thread_startup                      0x080034d0   Section        0  thread.o(i.rt_thread_startup)
    i.rt_thread_suspend                      0x080034fc   Section        0  thread.o(i.rt_thread_suspend)
    i.rt_thread_timeout                      0x08003540   Section        0  thread.o(i.rt_thread_timeout)
    i.rt_thread_yield                        0x08003560   Section        0  thread.o(i.rt_thread_yield)
    i.rt_tick_get                            0x080035c4   Section        0  clock.o(i.rt_tick_get)
    i.rt_tick_increase                       0x080035d0   Section        0  clock.o(i.rt_tick_increase)
    i.rt_timer_check                         0x08003600   Section        0  timer.o(i.rt_timer_check)
    i.rt_timer_control                       0x0800367c   Section        0  timer.o(i.rt_timer_control)
    i.rt_timer_create                        0x080036b4   Section        0  timer.o(i.rt_timer_create)
    i.rt_timer_detach                        0x080036ea   Section        0  timer.o(i.rt_timer_detach)
    i.rt_timer_init                          0x0800370a   Section        0  timer.o(i.rt_timer_init)
    i.rt_timer_start                         0x08003738   Section        0  timer.o(i.rt_timer_start)
    i.rt_timer_stop                          0x08003830   Section        0  timer.o(i.rt_timer_stop)
    i.rt_vsnprintf                           0x08003860   Section        0  kservice.o(i.rt_vsnprintf)
    i.rti_board_end                          0x08003b88   Section        0  components.o(i.rti_board_end)
    rti_board_end                            0x08003b89   Thumb Code     4  components.o(i.rti_board_end)
    i.rti_board_start                        0x08003b8c   Section        0  components.o(i.rti_board_start)
    rti_board_start                          0x08003b8d   Thumb Code     4  components.o(i.rti_board_start)
    i.rti_end                                0x08003b90   Section        0  components.o(i.rti_end)
    rti_end                                  0x08003b91   Thumb Code     4  components.o(i.rti_end)
    i.rti_start                              0x08003b94   Section        0  components.o(i.rti_start)
    rti_start                                0x08003b95   Thumb Code     4  components.o(i.rti_start)
    i.rtthread_startup                       0x08003b98   Section        0  components.o(i.rtthread_startup)
    i.sendData                               0x08003bc2   Section        0  thread_mw.o(i.sendData)
    i.skip_atoi                              0x08003bc4   Section        0  kservice.o(i.skip_atoi)
    skip_atoi                                0x08003bc5   Thumb Code    38  kservice.o(i.skip_atoi)
    i.time_thread                            0x08003bec   Section        0  thread_mw.o(i.time_thread)
    i.timer1_f                               0x08003cdc   Section        0  thread_mw.o(i.timer1_f)
    i.usart2_init                            0x08003cfc   Section        0  usart2.o(i.usart2_init)
    i.usart3_init                            0x08003e9c   Section        0  usart3.o(i.usart3_init)
    i.usart_init                             0x08004040   Section        0  usart1.o(i.usart_init)
    i.velocity_mw                            0x080041e4   Section        0  motor.o(i.velocity_mw)
    i.xnumx                                  0x08004334   Section        0  xnumx.o(i.xnumx)
    .constdata                               0x080044b4   Section       40  xnumx.o(.constdata)
    .constdata                               0x080044dc   Section      290  kservice.o(.constdata)
    small_digits                             0x080045dc   Data          17  kservice.o(.constdata)
    large_digits                             0x080045ed   Data          17  kservice.o(.constdata)
    .conststring                             0x08004600   Section       95  thread_mw.o(.conststring)
    .rti_fn.0                                0x08004660   Section        4  components.o(.rti_fn.0)
    __tagsym$$used                           0x08004660   Number         0  components.o(.rti_fn.0)
    .rti_fn.0.end                            0x08004664   Section        4  components.o(.rti_fn.0.end)
    __tagsym$$used                           0x08004664   Number         0  components.o(.rti_fn.0.end)
    .rti_fn.1.end                            0x08004668   Section        4  components.o(.rti_fn.1.end)
    __tagsym$$used                           0x08004668   Number         0  components.o(.rti_fn.1.end)
    .rti_fn.6.end                            0x0800466c   Section        4  components.o(.rti_fn.6.end)
    __tagsym$$used                           0x0800466c   Number         0  components.o(.rti_fn.6.end)
    .data                                    0x20000000   Section       20  mian.o(.data)
    .data                                    0x20000014   Section       20  motor.o(.data)
    Encoder_Integral                         0x20000014   Data           4  motor.o(.data)
    Velocity                                 0x20000018   Data           4  motor.o(.data)
    encoder                                  0x2000001c   Data           4  motor.o(.data)
    Velocity_Kp                              0x20000020   Data           4  motor.o(.data)
    Velocity_Ki                              0x20000024   Data           4  motor.o(.data)
    .data                                    0x20000028   Section       20  usart3.o(.data)
    .data                                    0x2000003c   Section       20  thread_mw.o(.data)
    .data                                    0x20000050   Section       73  jy901.o(.data)
    ucRxCnt                                  0x20000098   Data           1  jy901.o(.data)
    .data                                    0x2000009c   Section       20  system_stm32f10x.o(.data)
    .data                                    0x200000b0   Section       16  cpuport.o(.data)
    rt_exception_hook                        0x200000bc   Data           4  cpuport.o(.data)
    .data                                    0x200000c0   Section        4  clock.o(.data)
    rt_tick                                  0x200000c0   Data           4  clock.o(.data)
    .data                                    0x200000c4   Section        1  irq.o(.data)
    .data                                    0x200000c8   Section       24  mem.o(.data)
    heap_ptr                                 0x200000c8   Data           4  mem.o(.data)
    heap_end                                 0x200000cc   Data           4  mem.o(.data)
    lfree                                    0x200000d0   Data           4  mem.o(.data)
    mem_size_aligned                         0x200000d4   Data           4  mem.o(.data)
    used_mem                                 0x200000d8   Data           4  mem.o(.data)
    max_mem                                  0x200000dc   Data           4  mem.o(.data)
    .data                                    0x200000e0   Section       64  object.o(.data)
    rt_object_container                      0x200000e0   Data          64  object.o(.data)
    .data                                    0x20000120   Section       24  scheduler.o(.data)
    rt_scheduler_lock_nest                   0x20000120   Data           2  scheduler.o(.data)
    .data                                    0x20000138   Section       12  timer.o(.data)
    rt_timer_list                            0x20000138   Data           8  timer.o(.data)
    random_nr                                0x20000140   Data           4  timer.o(.data)
    .data                                    0x20000144   Section        4  mvars.o(.data)
    .data                                    0x20000148   Section        4  mvars.o(.data)
    .bss                                     0x20000150   Section      592  usart3.o(.bss)
    .bss                                     0x200003a0   Section       12  jy901.o(.bss)
    ucRxBuffer                               0x200003a0   Data          12  jy901.o(.bss)
    .bss                                     0x200003ac   Section      376  idle.o(.bss)
    idle                                     0x200003ac   Data         120  idle.o(.bss)
    rt_thread_stack                          0x20000424   Data         256  idle.o(.bss)
    .bss                                     0x20000524   Section      128  kservice.o(.bss)
    rt_log_buf                               0x20000524   Data         128  kservice.o(.bss)
    .bss                                     0x200005a4   Section       32  mem.o(.bss)
    heap_sem                                 0x200005a4   Data          32  mem.o(.bss)
    .bss                                     0x200005c4   Section       64  scheduler.o(.bss)
    .bss                                     0x20000604   Section     4096  board.o(.bss)
    rt_heap                                  0x20000604   Data        4096  board.o(.bss)
    HEAP                                     0x20001608   Section      512  startup_stm32f10x_md.o(HEAP)
    STACK                                    0x20001808   Section     1024  startup_stm32f10x_md.o(STACK)

    Global Symbols

    Symbol Name                              Value     Ov Type        Size  Object(Section)

    BuildAttributes$$THM_ISAv4$P$D$K$B$S$PE$A:L22UL41UL21$X:L11$S22US41US21$IEEE1$IW$USESV6$~STKCKD$USESV7$~SHL$OTIME$ROPI$EBA8$MICROLIB$REQ8$PRES8$EABIv2 0x00000000   Number         0  anon$$obj.o ABSOLUTE
    __ARM_use_no_argv                        0x00000000   Number         0  mian.o ABSOLUTE
    _printf_a                                0x00000000   Number         0  stubs.o ABSOLUTE
    _printf_c                                0x00000000   Number         0  stubs.o ABSOLUTE
    _printf_charcount                        0x00000000   Number         0  stubs.o ABSOLUTE
    _printf_d                                0x00000000   Number         0  stubs.o ABSOLUTE
    _printf_e                                0x00000000   Number         0  stubs.o ABSOLUTE
    _printf_f                                0x00000000   Number         0  stubs.o ABSOLUTE
    _printf_flags                            0x00000000   Number         0  stubs.o ABSOLUTE
    _printf_fp_dec                           0x00000000   Number         0  stubs.o ABSOLUTE
    _printf_fp_hex                           0x00000000   Number         0  stubs.o ABSOLUTE
    _printf_g                                0x00000000   Number         0  stubs.o ABSOLUTE
    _printf_i                                0x00000000   Number         0  stubs.o ABSOLUTE
    _printf_int_dec                          0x00000000   Number         0  stubs.o ABSOLUTE
    _printf_l                                0x00000000   Number         0  stubs.o ABSOLUTE
    _printf_lc                               0x00000000   Number         0  stubs.o ABSOLUTE
    _printf_ll                               0x00000000   Number         0  stubs.o ABSOLUTE
    _printf_lld                              0x00000000   Number         0  stubs.o ABSOLUTE
    _printf_lli                              0x00000000   Number         0  stubs.o ABSOLUTE
    _printf_llo                              0x00000000   Number         0  stubs.o ABSOLUTE
    _printf_llu                              0x00000000   Number         0  stubs.o ABSOLUTE
    _printf_llx                              0x00000000   Number         0  stubs.o ABSOLUTE
    _printf_longlong_dec                     0x00000000   Number         0  stubs.o ABSOLUTE
    _printf_longlong_hex                     0x00000000   Number         0  stubs.o ABSOLUTE
    _printf_longlong_oct                     0x00000000   Number         0  stubs.o ABSOLUTE
    _printf_ls                               0x00000000   Number         0  stubs.o ABSOLUTE
    _printf_mbtowc                           0x00000000   Number         0  stubs.o ABSOLUTE
    _printf_n                                0x00000000   Number         0  stubs.o ABSOLUTE
    _printf_o                                0x00000000   Number         0  stubs.o ABSOLUTE
    _printf_p                                0x00000000   Number         0  stubs.o ABSOLUTE
    _printf_percent                          0x00000000   Number         0  stubs.o ABSOLUTE
    _printf_pre_padding                      0x00000000   Number         0  stubs.o ABSOLUTE
    _printf_return_value                     0x00000000   Number         0  stubs.o ABSOLUTE
    _printf_s                                0x00000000   Number         0  stubs.o ABSOLUTE
    _printf_sizespec                         0x00000000   Number         0  stubs.o ABSOLUTE
    _printf_str                              0x00000000   Number         0  stubs.o ABSOLUTE
    _printf_truncate_signed                  0x00000000   Number         0  stubs.o ABSOLUTE
    _printf_truncate_unsigned                0x00000000   Number         0  stubs.o ABSOLUTE
    _printf_u                                0x00000000   Number         0  stubs.o ABSOLUTE
    _printf_wc                               0x00000000   Number         0  stubs.o ABSOLUTE
    _printf_wctomb                           0x00000000   Number         0  stubs.o ABSOLUTE
    _printf_widthprec                        0x00000000   Number         0  stubs.o ABSOLUTE
    _printf_x                                0x00000000   Number         0  stubs.o ABSOLUTE
    __cpp_initialize__aeabi_                  - Undefined Weak Reference
    __cxa_finalize                            - Undefined Weak Reference
    _clock_init                               - Undefined Weak Reference
    _microlib_exit                            - Undefined Weak Reference
    __Vectors_Size                           0x000000ec   Number         0  startup_stm32f10x_md.o ABSOLUTE
    __Vectors                                0x08000000   Data           4  startup_stm32f10x_md.o(RESET)
    __Vectors_End                            0x080000ec   Data           0  startup_stm32f10x_md.o(RESET)
    __main                                   0x080000ed   Thumb Code     0  entry.o(.ARM.Collect$$$$00000000)
    _main_stk                                0x080000ed   Thumb Code     0  entry2.o(.ARM.Collect$$$$00000001)
    _main_scatterload                        0x080000f1   Thumb Code     0  entry5.o(.ARM.Collect$$$$00000004)
    __main_after_scatterload                 0x080000f5   Thumb Code     0  entry5.o(.ARM.Collect$$$$00000004)
    _main_clock                              0x080000f5   Thumb Code     0  entry7b.o(.ARM.Collect$$$$00000008)
    _main_cpp_init                           0x080000f5   Thumb Code     0  entry8b.o(.ARM.Collect$$$$0000000A)
    _main_init                               0x080000f5   Thumb Code     0  entry9a.o(.ARM.Collect$$$$0000000B)
    __rt_final_cpp                           0x080000fd   Thumb Code     0  entry10a.o(.ARM.Collect$$$$0000000D)
    __rt_final_exit                          0x080000fd   Thumb Code     0  entry11a.o(.ARM.Collect$$$$0000000F)
    Reset_Handler                            0x08000101   Thumb Code     8  startup_stm32f10x_md.o(.text)
    NMI_Handler                              0x08000109   Thumb Code     2  startup_stm32f10x_md.o(.text)
    MemManage_Handler                        0x0800010d   Thumb Code     2  startup_stm32f10x_md.o(.text)
    BusFault_Handler                         0x0800010f   Thumb Code     2  startup_stm32f10x_md.o(.text)
    UsageFault_Handler                       0x08000111   Thumb Code     2  startup_stm32f10x_md.o(.text)
    SVC_Handler                              0x08000113   Thumb Code     2  startup_stm32f10x_md.o(.text)
    DebugMon_Handler                         0x08000115   Thumb Code     2  startup_stm32f10x_md.o(.text)
    ADC1_2_IRQHandler                        0x0800011b   Thumb Code     0  startup_stm32f10x_md.o(.text)
    CAN1_RX1_IRQHandler                      0x0800011b   Thumb Code     0  startup_stm32f10x_md.o(.text)
    CAN1_SCE_IRQHandler                      0x0800011b   Thumb Code     0  startup_stm32f10x_md.o(.text)
    DMA1_Channel1_IRQHandler                 0x0800011b   Thumb Code     0  startup_stm32f10x_md.o(.text)
    DMA1_Channel2_IRQHandler                 0x0800011b   Thumb Code     0  startup_stm32f10x_md.o(.text)
    DMA1_Channel3_IRQHandler                 0x0800011b   Thumb Code     0  startup_stm32f10x_md.o(.text)
    DMA1_Channel4_IRQHandler                 0x0800011b   Thumb Code     0  startup_stm32f10x_md.o(.text)
    DMA1_Channel5_IRQHandler                 0x0800011b   Thumb Code     0  startup_stm32f10x_md.o(.text)
    DMA1_Channel6_IRQHandler                 0x0800011b   Thumb Code     0  startup_stm32f10x_md.o(.text)
    DMA1_Channel7_IRQHandler                 0x0800011b   Thumb Code     0  startup_stm32f10x_md.o(.text)
    EXTI0_IRQHandler                         0x0800011b   Thumb Code     0  startup_stm32f10x_md.o(.text)
    EXTI15_10_IRQHandler                     0x0800011b   Thumb Code     0  startup_stm32f10x_md.o(.text)
    EXTI1_IRQHandler                         0x0800011b   Thumb Code     0  startup_stm32f10x_md.o(.text)
    EXTI2_IRQHandler                         0x0800011b   Thumb Code     0  startup_stm32f10x_md.o(.text)
    EXTI3_IRQHandler                         0x0800011b   Thumb Code     0  startup_stm32f10x_md.o(.text)
    EXTI4_IRQHandler                         0x0800011b   Thumb Code     0  startup_stm32f10x_md.o(.text)
    EXTI9_5_IRQHandler                       0x0800011b   Thumb Code     0  startup_stm32f10x_md.o(.text)
    FLASH_IRQHandler                         0x0800011b   Thumb Code     0  startup_stm32f10x_md.o(.text)
    I2C1_ER_IRQHandler                       0x0800011b   Thumb Code     0  startup_stm32f10x_md.o(.text)
    I2C1_EV_IRQHandler                       0x0800011b   Thumb Code     0  startup_stm32f10x_md.o(.text)
    I2C2_ER_IRQHandler                       0x0800011b   Thumb Code     0  startup_stm32f10x_md.o(.text)
    I2C2_EV_IRQHandler                       0x0800011b   Thumb Code     0  startup_stm32f10x_md.o(.text)
    PVD_IRQHandler                           0x0800011b   Thumb Code     0  startup_stm32f10x_md.o(.text)
    RCC_IRQHandler                           0x0800011b   Thumb Code     0  startup_stm32f10x_md.o(.text)
    RTCAlarm_IRQHandler                      0x0800011b   Thumb Code     0  startup_stm32f10x_md.o(.text)
    RTC_IRQHandler                           0x0800011b   Thumb Code     0  startup_stm32f10x_md.o(.text)
    SPI1_IRQHandler                          0x0800011b   Thumb Code     0  startup_stm32f10x_md.o(.text)
    SPI2_IRQHandler                          0x0800011b   Thumb Code     0  startup_stm32f10x_md.o(.text)
    TAMPER_IRQHandler                        0x0800011b   Thumb Code     0  startup_stm32f10x_md.o(.text)
    TIM1_BRK_IRQHandler                      0x0800011b   Thumb Code     0  startup_stm32f10x_md.o(.text)
    TIM1_CC_IRQHandler                       0x0800011b   Thumb Code     0  startup_stm32f10x_md.o(.text)
    TIM1_TRG_COM_IRQHandler                  0x0800011b   Thumb Code     0  startup_stm32f10x_md.o(.text)
    TIM1_UP_IRQHandler                       0x0800011b   Thumb Code     0  startup_stm32f10x_md.o(.text)
    TIM2_IRQHandler                          0x0800011b   Thumb Code     0  startup_stm32f10x_md.o(.text)
    TIM3_IRQHandler                          0x0800011b   Thumb Code     0  startup_stm32f10x_md.o(.text)
    TIM4_IRQHandler                          0x0800011b   Thumb Code     0  startup_stm32f10x_md.o(.text)
    USBWakeUp_IRQHandler                     0x0800011b   Thumb Code     0  startup_stm32f10x_md.o(.text)
    USB_HP_CAN1_TX_IRQHandler                0x0800011b   Thumb Code     0  startup_stm32f10x_md.o(.text)
    USB_LP_CAN1_RX0_IRQHandler               0x0800011b   Thumb Code     0  startup_stm32f10x_md.o(.text)
    WWDG_IRQHandler                          0x0800011b   Thumb Code     0  startup_stm32f10x_md.o(.text)
    rt_hw_interrupt_disable                  0x08000125   Thumb Code     8  context_rvds.o(.text)
    rt_hw_interrupt_enable                   0x0800012d   Thumb Code     6  context_rvds.o(.text)
    rt_hw_context_switch                     0x08000133   Thumb Code    32  context_rvds.o(.text)
    rt_hw_context_switch_interrupt           0x08000133   Thumb Code     0  context_rvds.o(.text)
    PendSV_Handler                           0x08000153   Thumb Code    60  context_rvds.o(.text)
    rt_hw_context_switch_to                  0x0800018f   Thumb Code    58  context_rvds.o(.text)
    rt_hw_interrupt_thread_switch            0x080001c9   Thumb Code     2  context_rvds.o(.text)
    HardFault_Handler                        0x080001cb   Thumb Code    52  context_rvds.o(.text)
    __aeabi_memcpy                           0x08000219   Thumb Code    36  memcpya.o(.text)
    __aeabi_memcpy4                          0x08000219   Thumb Code     0  memcpya.o(.text)
    __aeabi_memcpy8                          0x08000219   Thumb Code     0  memcpya.o(.text)
    __aeabi_memset                           0x0800023d   Thumb Code    14  memseta.o(.text)
    __aeabi_memset4                          0x0800023d   Thumb Code     0  memseta.o(.text)
    __aeabi_memset8                          0x0800023d   Thumb Code     0  memseta.o(.text)
    __aeabi_memclr                           0x0800024b   Thumb Code     4  memseta.o(.text)
    __aeabi_memclr4                          0x0800024b   Thumb Code     0  memseta.o(.text)
    __aeabi_memclr8                          0x0800024b   Thumb Code     0  memseta.o(.text)
    _memset$wrapper                          0x0800024f   Thumb Code    18  memseta.o(.text)
    __aeabi_fadd                             0x08000261   Thumb Code   164  fadd.o(.text)
    __aeabi_fsub                             0x08000305   Thumb Code     6  fadd.o(.text)
    __aeabi_frsub                            0x0800030b   Thumb Code     6  fadd.o(.text)
    __aeabi_fmul                             0x08000311   Thumb Code   100  fmul.o(.text)
    __aeabi_fdiv                             0x08000375   Thumb Code   124  fdiv.o(.text)
    __aeabi_dadd                             0x080003f1   Thumb Code   322  dadd.o(.text)
    __aeabi_dsub                             0x08000533   Thumb Code     6  dadd.o(.text)
    __aeabi_drsub                            0x08000539   Thumb Code     6  dadd.o(.text)
    __aeabi_dmul                             0x0800053f   Thumb Code   228  dmul.o(.text)
    __aeabi_ddiv                             0x08000623   Thumb Code   222  ddiv.o(.text)
    __aeabi_i2f                              0x08000701   Thumb Code    18  fflti.o(.text)
    __aeabi_ui2f                             0x08000713   Thumb Code    10  ffltui.o(.text)
    __aeabi_i2d                              0x0800071d   Thumb Code    34  dflti.o(.text)
    __aeabi_ui2d                             0x0800073f   Thumb Code    26  dfltui.o(.text)
    __aeabi_f2iz                             0x08000759   Thumb Code    50  ffixi.o(.text)
    __aeabi_f2uiz                            0x0800078b   Thumb Code    40  ffixui.o(.text)
    __aeabi_f2d                              0x080007b3   Thumb Code    38  f2d.o(.text)
    __aeabi_cdrcmple                         0x080007d9   Thumb Code    48  cdrcmple.o(.text)
    __aeabi_d2f                              0x08000809   Thumb Code    56  d2f.o(.text)
    __aeabi_cfcmpeq                          0x08000841   Thumb Code     0  cfcmple.o(.text)
    __aeabi_cfcmple                          0x08000841   Thumb Code    20  cfcmple.o(.text)
    __aeabi_cfrcmple                         0x08000855   Thumb Code    20  cfrcmple.o(.text)
    __aeabi_uidiv                            0x08000869   Thumb Code     0  uidiv.o(.text)
    __aeabi_uidivmod                         0x08000869   Thumb Code    44  uidiv.o(.text)
    __aeabi_uldivmod                         0x08000895   Thumb Code    98  uldiv.o(.text)
    __aeabi_llsl                             0x080008f7   Thumb Code    30  llshl.o(.text)
    _ll_shift_l                              0x080008f7   Thumb Code     0  llshl.o(.text)
    __aeabi_lasr                             0x08000915   Thumb Code    36  llsshr.o(.text)
    _ll_sshift_r                             0x08000915   Thumb Code     0  llsshr.o(.text)
    __I$use$fp                               0x08000939   Thumb Code     0  iusefp.o(.text)
    _float_round                             0x08000939   Thumb Code    18  fepilogue.o(.text)
    _float_epilogue                          0x0800094b   Thumb Code    92  fepilogue.o(.text)
    _double_round                            0x080009a7   Thumb Code    30  depilogue.o(.text)
    _double_epilogue                         0x080009c5   Thumb Code   156  depilogue.o(.text)
    __aeabi_d2ulz                            0x08000a61   Thumb Code    48  dfixul.o(.text)
    __scatterload                            0x08000a91   Thumb Code    28  init.o(.text)
    __scatterload_rt2                        0x08000a91   Thumb Code     0  init.o(.text)
    __aeabi_llsr                             0x08000ab5   Thumb Code    32  llushr.o(.text)
    _ll_ushift_r                             0x08000ab5   Thumb Code     0  llushr.o(.text)
    __decompress                             0x08000ad5   Thumb Code     0  __dczerorl2.o(.text)
    __decompress1                            0x08000ad5   Thumb Code    86  __dczerorl2.o(.text)
    main                                     0x08000b2b   Thumb Code    14  components.o(i.$Sub$$main)
    CharToLong                               0x08000b39   Thumb Code    18  jy901.o(i.CharToLong)
    CopeSerialData                           0x08000b4d   Thumb Code   604  jy901.o(i.CopeSerialData)
    Encoder_Init_TIM2                        0x08000ddd   Thumb Code   114  encoder.o(i.Encoder_Init_TIM2)
    Encoder_Init_TIM4                        0x08000e59   Thumb Code   142  encoder.o(i.Encoder_Init_TIM4)
    PWM_Init_TIM1                            0x08000ef5   Thumb Code   268  motor.o(i.PWM_Init_TIM1)
    PcTx_Byte                                0x08001011   Thumb Code    22  usart1.o(i.PcTx_Byte)
    PcTx_String                              0x0800102d   Thumb Code    22  usart1.o(i.PcTx_String)
    Read_Encoder                             0x08001045   Thumb Code    52  encoder.o(i.Read_Encoder)
    SysTick_Handler                          0x08001165   Thumb Code    16  board.o(i.SysTick_Handler)
    SystemCoreClockUpdate                    0x08001175   Thumb Code   142  system_stm32f10x.o(i.SystemCoreClockUpdate)
    SystemInit                               0x08001219   Thumb Code    78  system_stm32f10x.o(i.SystemInit)
    Task_Pc3                                 0x08001279   Thumb Code   174  usart3.o(i.Task_Pc3)
    USART1_IRQHandler                        0x080013cd   Thumb Code    12  usart1.o(i.USART1_IRQHandler)
    USART2_IRQHandler                        0x080013d9   Thumb Code    36  usart2.o(i.USART2_IRQHandler)
    USART3_IRQHandler                        0x08001401   Thumb Code    68  usart3.o(i.USART3_IRQHandler)
    __0printf                                0x08001489   Thumb Code    22  printfa.o(i.__0printf)
    __1printf                                0x08001489   Thumb Code     0  printfa.o(i.__0printf)
    __2printf                                0x08001489   Thumb Code     0  printfa.o(i.__0printf)
    __c89printf                              0x08001489   Thumb Code     0  printfa.o(i.__0printf)
    printf                                   0x08001489   Thumb Code     0  printfa.o(i.__0printf)
    __rt_ffs                                 0x080014a9   Thumb Code    70  kservice.o(i.__rt_ffs)
    __scatterload_copy                       0x080014f5   Thumb Code    14  handlers.o(i.__scatterload_copy)
    __scatterload_null                       0x08001503   Thumb Code     2  handlers.o(i.__scatterload_null)
    __scatterload_zeroinit                   0x08001505   Thumb Code    14  handlers.o(i.__scatterload_zeroinit)
    balance_mw                               0x08001ed1   Thumb Code    86  motor.o(i.balance_mw)
    controlMotor                             0x08001f2d   Thumb Code   130  thread_mw.o(i.controlMotor)
    findFirstChar                            0x08001fc5   Thumb Code    28  xnumx.o(i.findFirstChar)
    findLastChar                             0x08001fe1   Thumb Code    36  xnumx.o(i.findLastChar)
    fputc                                    0x08002005   Thumb Code    24  usart3.o(i.fputc)
    free                                     0x08002021   Thumb Code    76  malloc.o(i.free)
    $Super$$main                             0x08002071   Thumb Code   214  mian.o(i.main)
    main_thread_entry                        0x080021f5   Thumb Code    14  components.o(i.main_thread_entry)
    malloc                                   0x08002205   Thumb Code    92  malloc.o(i.malloc)
    motor_run                                0x08002271   Thumb Code   156  motor.o(i.motor_run)
    readEncode                               0x08002521   Thumb Code    56  thread_mw.o(i.readEncode)
    rt_application_init                      0x08002565   Thumb Code    32  components.o(i.rt_application_init)
    rt_components_board_init                 0x08002591   Thumb Code    20  components.o(i.rt_components_board_init)
    rt_components_init                       0x080025ad   Thumb Code    20  components.o(i.rt_components_init)
    rt_enter_critical                        0x080025c9   Thumb Code    28  scheduler.o(i.rt_enter_critical)
    rt_exit_critical                         0x080025e9   Thumb Code    54  scheduler.o(i.rt_exit_critical)
    rt_free                                  0x08002625   Thumb Code   128  mem.o(i.rt_free)
    rt_heap_begin_get                        0x08002705   Thumb Code     4  board.o(i.rt_heap_begin_get)
    rt_heap_end_get                          0x0800270d   Thumb Code     4  board.o(i.rt_heap_end_get)
    rt_hw_board_init                         0x08002715   Thumb Code    56  board.o(i.rt_hw_board_init)
    rt_hw_console_output                     0x08002751   Thumb Code    20  board.o(i.rt_hw_console_output)
    rt_hw_hard_fault_exception               0x08002765   Thumb Code   190  cpuport.o(i.rt_hw_hard_fault_exception)
    rt_hw_stack_init                         0x08002965   Thumb Code    70  cpuport.o(i.rt_hw_stack_init)
    rt_interrupt_enter                       0x080029b1   Thumb Code    26  irq.o(i.rt_interrupt_enter)
    rt_interrupt_leave                       0x080029d1   Thumb Code    26  irq.o(i.rt_interrupt_leave)
    rt_kprintf                               0x08002a81   Thumb Code    44  kservice.o(i.rt_kprintf)
    rt_malloc                                0x08002b41   Thumb Code   336  mem.o(i.rt_malloc)
    rt_memset                                0x08002cad   Thumb Code    72  kservice.o(i.rt_memset)
    rt_object_allocate                       0x08002cf5   Thumb Code    84  object.o(i.rt_object_allocate)
    rt_object_delete                         0x08002d49   Thumb Code    36  object.o(i.rt_object_delete)
    rt_object_detach                         0x08002d6d   Thumb Code    30  object.o(i.rt_object_detach)
    rt_object_get_information                0x08002d8d   Thumb Code    36  object.o(i.rt_object_get_information)
    rt_object_init                           0x08002db5   Thumb Code    60  object.o(i.rt_object_init)
    rt_object_is_systemobject                0x08002df1   Thumb Code    18  object.o(i.rt_object_is_systemobject)
    rt_schedule                              0x08002e05   Thumb Code   118  scheduler.o(i.rt_schedule)
    rt_schedule_insert_thread                0x08002e95   Thumb Code    72  scheduler.o(i.rt_schedule_insert_thread)
    rt_schedule_remove_thread                0x08002ee5   Thumb Code    76  scheduler.o(i.rt_schedule_remove_thread)
    rt_sem_init                              0x08002f39   Thumb Code    38  ipc.o(i.rt_sem_init)
    rt_sem_release                           0x08002f5f   Thumb Code    58  ipc.o(i.rt_sem_release)
    rt_sem_take                              0x08002f99   Thumb Code   116  ipc.o(i.rt_sem_take)
    rt_show_version                          0x0800300d   Thumb Code    38  kservice.o(i.rt_show_version)
    rt_strlen                                0x080030bd   Thumb Code    18  kservice.o(i.rt_strlen)
    rt_strncpy                               0x080030cf   Thumb Code    52  kservice.o(i.rt_strncpy)
    rt_system_heap_init                      0x08003105   Thumb Code   160  mem.o(i.rt_system_heap_init)
    rt_system_scheduler_init                 0x080031fd   Thumb Code    52  scheduler.o(i.rt_system_scheduler_init)
    rt_system_scheduler_start                0x08003249   Thumb Code    36  scheduler.o(i.rt_system_scheduler_start)
    rt_system_timer_init                     0x08003279   Thumb Code    24  timer.o(i.rt_system_timer_init)
    rt_system_timer_thread_init              0x08003295   Thumb Code     2  timer.o(i.rt_system_timer_thread_init)
    rt_thread_create                         0x08003297   Thumb Code    80  thread.o(i.rt_thread_create)
    rt_thread_delay                          0x080032e7   Thumb Code    12  thread.o(i.rt_thread_delay)
    rt_thread_exit                           0x080032f5   Thumb Code    76  thread.o(i.rt_thread_exit)
    rt_thread_idle_excute                    0x08003351   Thumb Code   128  idle.o(i.rt_thread_idle_excute)
    rt_thread_idle_init                      0x080033d5   Thumb Code    38  idle.o(i.rt_thread_idle_init)
    rt_thread_init                           0x08003411   Thumb Code    52  thread.o(i.rt_thread_init)
    rt_thread_resume                         0x08003445   Thumb Code    60  thread.o(i.rt_thread_resume)
    rt_thread_self                           0x08003481   Thumb Code     6  thread.o(i.rt_thread_self)
    rt_thread_sleep                          0x0800348d   Thumb Code    62  thread.o(i.rt_thread_sleep)
    rt_thread_startup                        0x080034d1   Thumb Code    44  thread.o(i.rt_thread_startup)
    rt_thread_suspend                        0x080034fd   Thumb Code    68  thread.o(i.rt_thread_suspend)
    rt_thread_timeout                        0x08003541   Thumb Code    32  thread.o(i.rt_thread_timeout)
    rt_thread_yield                          0x08003561   Thumb Code    92  thread.o(i.rt_thread_yield)
    rt_tick_get                              0x080035c5   Thumb Code     6  clock.o(i.rt_tick_get)
    rt_tick_increase                         0x080035d1   Thumb Code    42  clock.o(i.rt_tick_increase)
    rt_timer_check                           0x08003601   Thumb Code   118  timer.o(i.rt_timer_check)
    rt_timer_control                         0x0800367d   Thumb Code    56  timer.o(i.rt_timer_control)
    rt_timer_create                          0x080036b5   Thumb Code    54  timer.o(i.rt_timer_create)
    rt_timer_detach                          0x080036eb   Thumb Code    32  timer.o(i.rt_timer_detach)
    rt_timer_init                            0x0800370b   Thumb Code    46  timer.o(i.rt_timer_init)
    rt_timer_start                           0x08003739   Thumb Code   238  timer.o(i.rt_timer_start)
    rt_timer_stop                            0x08003831   Thumb Code    48  timer.o(i.rt_timer_stop)
    rt_vsnprintf                             0x08003861   Thumb Code   800  kservice.o(i.rt_vsnprintf)
    rtthread_startup                         0x08003b99   Thumb Code    42  components.o(i.rtthread_startup)
    sendData                                 0x08003bc3   Thumb Code     2  thread_mw.o(i.sendData)
    time_thread                              0x08003bed   Thumb Code   174  thread_mw.o(i.time_thread)
    timer1_f                                 0x08003cdd   Thumb Code    28  thread_mw.o(i.timer1_f)
    usart2_init                              0x08003cfd   Thumb Code   392  usart2.o(i.usart2_init)
    usart3_init                              0x08003e9d   Thumb Code   394  usart3.o(i.usart3_init)
    usart_init                               0x08004041   Thumb Code   394  usart1.o(i.usart_init)
    velocity_mw                              0x080041e5   Thumb Code   282  motor.o(i.velocity_mw)
    xnumx                                    0x08004335   Thumb Code   378  xnumx.o(i.xnumx)
    __lowest_bit_bitmap                      0x080044dc   Data         256  kservice.o(.constdata)
    __rt_init_rti_start                      0x08004660   Data           4  components.o(.rti_fn.0)
    __rt_init_rti_board_start                0x08004664   Data           4  components.o(.rti_fn.0.end)
    __rt_init_rti_board_end                  0x08004668   Data           4  components.o(.rti_fn.1.end)
    __rt_init_rti_end                        0x0800466c   Data           4  components.o(.rti_fn.6.end)
    Region$$Table$$Base                      0x08004670   Number         0  anon$$obj.o(Region$$Table)
    Region$$Table$$Limit                     0x08004690   Number         0  anon$$obj.o(Region$$Table)
    tid1                                     0x20000000   Data           4  mian.o(.data)
    tid2                                     0x20000004   Data           4  mian.o(.data)
    tid3                                     0x20000008   Data           4  mian.o(.data)
    tid_time                                 0x2000000c   Data           4  mian.o(.data)
    timer1                                   0x20000010   Data           4  mian.o(.data)
    s                                        0x20000028   Data           9  usart3.o(.data)
    Rx_End3                                  0x20000032   Data           2  usart3.o(.data)
    Rx_Len3                                  0x20000034   Data           2  usart3.o(.data)
    Rx_Tm3                                   0x20000036   Data           2  usart3.o(.data)
    __stdout                                 0x20000038   Data           4  usart3.o(.data)
    imuCorrectCount                          0x2000003c   Data           2  thread_mw.o(.data)
    imuErrorCount                            0x2000003e   Data           2  thread_mw.o(.data)
    readEncodeCount                          0x20000040   Data           2  thread_mw.o(.data)
    sendDataCount                            0x20000042   Data           2  thread_mw.o(.data)
    controlMotorCount                        0x20000044   Data           2  thread_mw.o(.data)
    leftEncoder                              0x20000048   Data           4  thread_mw.o(.data)
    rightEncoder                             0x2000004c   Data           4  thread_mw.o(.data)
    stcTime                                  0x20000050   Data           8  jy901.o(.data)
    stcAcc                                   0x20000058   Data           8  jy901.o(.data)
    stcGyro                                  0x20000060   Data           8  jy901.o(.data)
    stcAngle                                 0x20000068   Data           8  jy901.o(.data)
    stcMag                                   0x20000070   Data           8  jy901.o(.data)
    stcDStatus                               0x20000078   Data           8  jy901.o(.data)
    stcPress                                 0x20000080   Data           8  jy901.o(.data)
    stcLonLat                                0x20000088   Data           8  jy901.o(.data)
    stcGPSV                                  0x20000090   Data           8  jy901.o(.data)
    SystemCoreClock                          0x2000009c   Data           4  system_stm32f10x.o(.data)
    AHBPrescTable                            0x200000a0   Data          16  system_stm32f10x.o(.data)
    rt_interrupt_from_thread                 0x200000b0   Data           4  cpuport.o(.data)
    rt_interrupt_to_thread                   0x200000b4   Data           4  cpuport.o(.data)
    rt_thread_switch_interrupt_flag          0x200000b8   Data           4  cpuport.o(.data)
    rt_interrupt_nest                        0x200000c4   Data           1  irq.o(.data)
    rt_current_thread                        0x20000124   Data           4  scheduler.o(.data)
    rt_current_priority                      0x20000128   Data           1  scheduler.o(.data)
    rt_thread_ready_priority_group           0x2000012c   Data           4  scheduler.o(.data)
    rt_thread_defunct                        0x20000130   Data           8  scheduler.o(.data)
    __microlib_freelist                      0x20000144   Data           4  mvars.o(.data)
    __microlib_freelist_initialised          0x20000148   Data           4  mvars.o(.data)
    m                                        0x20000150   Data          80  usart3.o(.bss)
    Rx_Buf3                                  0x200001a0   Data         512  usart3.o(.bss)
    rt_thread_priority_table                 0x200005c4   Data          64  scheduler.o(.bss)
    __heap_base                              0x20001608   Data           0  startup_stm32f10x_md.o(HEAP)
    __heap_limit                             0x20001808   Data           0  startup_stm32f10x_md.o(HEAP)
    __initial_sp                             0x20001c08   Data           0  startup_stm32f10x_md.o(STACK)



==============================================================================

Memory Map of the image

  Image Entry point : 0x080000ed

  Load Region LR_IROM1 (Base: 0x08000000, Size: 0x000047dc, Max: 0x00010000, ABSOLUTE, COMPRESSED[0x000046d4])

    Execution Region ER_IROM1 (Exec base: 0x08000000, Load base: 0x08000000, Size: 0x00004690, Max: 0x00010000, ABSOLUTE)

    Exec Addr    Load Addr    Size         Type   Attr      Idx    E Section Name        Object

    0x08000000   0x08000000   0x000000ec   Data   RO          602    RESET               startup_stm32f10x_md.o
    0x080000ec   0x080000ec   0x00000000   Code   RO         1683  * .ARM.Collect$$$$00000000  mc_w.l(entry.o)
    0x080000ec   0x080000ec   0x00000004   Code   RO         2015    .ARM.Collect$$$$00000001  mc_w.l(entry2.o)
    0x080000f0   0x080000f0   0x00000004   Code   RO         2018    .ARM.Collect$$$$00000004  mc_w.l(entry5.o)
    0x080000f4   0x080000f4   0x00000000   Code   RO         2020    .ARM.Collect$$$$00000008  mc_w.l(entry7b.o)
    0x080000f4   0x080000f4   0x00000000   Code   RO         2022    .ARM.Collect$$$$0000000A  mc_w.l(entry8b.o)
    0x080000f4   0x080000f4   0x00000008   Code   RO         2023    .ARM.Collect$$$$0000000B  mc_w.l(entry9a.o)
    0x080000fc   0x080000fc   0x00000000   Code   RO         2025    .ARM.Collect$$$$0000000D  mc_w.l(entry10a.o)
    0x080000fc   0x080000fc   0x00000000   Code   RO         2027    .ARM.Collect$$$$0000000F  mc_w.l(entry11a.o)
    0x080000fc   0x080000fc   0x00000004   Code   RO         2016    .ARM.Collect$$$$00002712  mc_w.l(entry2.o)
    0x08000100   0x08000100   0x00000024   Code   RO          603    .text               startup_stm32f10x_md.o
    0x08000124   0x08000124   0x000000f4   Code   RO          653    .text               context_rvds.o
    0x08000218   0x08000218   0x00000024   Code   RO         1686    .text               mc_w.l(memcpya.o)
    0x0800023c   0x0800023c   0x00000024   Code   RO         1688    .text               mc_w.l(memseta.o)
    0x08000260   0x08000260   0x000000b0   Code   RO         1981    .text               mf_w.l(fadd.o)
    0x08000310   0x08000310   0x00000064   Code   RO         1983    .text               mf_w.l(fmul.o)
    0x08000374   0x08000374   0x0000007c   Code   RO         1985    .text               mf_w.l(fdiv.o)
    0x080003f0   0x080003f0   0x0000014e   Code   RO         1987    .text               mf_w.l(dadd.o)
    0x0800053e   0x0800053e   0x000000e4   Code   RO         1989    .text               mf_w.l(dmul.o)
    0x08000622   0x08000622   0x000000de   Code   RO         1991    .text               mf_w.l(ddiv.o)
    0x08000700   0x08000700   0x00000012   Code   RO         1993    .text               mf_w.l(fflti.o)
    0x08000712   0x08000712   0x0000000a   Code   RO         1995    .text               mf_w.l(ffltui.o)
    0x0800071c   0x0800071c   0x00000022   Code   RO         1997    .text               mf_w.l(dflti.o)
    0x0800073e   0x0800073e   0x0000001a   Code   RO         1999    .text               mf_w.l(dfltui.o)
    0x08000758   0x08000758   0x00000032   Code   RO         2001    .text               mf_w.l(ffixi.o)
    0x0800078a   0x0800078a   0x00000028   Code   RO         2003    .text               mf_w.l(ffixui.o)
    0x080007b2   0x080007b2   0x00000026   Code   RO         2005    .text               mf_w.l(f2d.o)
    0x080007d8   0x080007d8   0x00000030   Code   RO         2007    .text               mf_w.l(cdrcmple.o)
    0x08000808   0x08000808   0x00000038   Code   RO         2009    .text               mf_w.l(d2f.o)
    0x08000840   0x08000840   0x00000014   Code   RO         2011    .text               mf_w.l(cfcmple.o)
    0x08000854   0x08000854   0x00000014   Code   RO         2013    .text               mf_w.l(cfrcmple.o)
    0x08000868   0x08000868   0x0000002c   Code   RO         2029    .text               mc_w.l(uidiv.o)
    0x08000894   0x08000894   0x00000062   Code   RO         2031    .text               mc_w.l(uldiv.o)
    0x080008f6   0x080008f6   0x0000001e   Code   RO         2033    .text               mc_w.l(llshl.o)
    0x08000914   0x08000914   0x00000024   Code   RO         2035    .text               mc_w.l(llsshr.o)
    0x08000938   0x08000938   0x00000000   Code   RO         2039    .text               mc_w.l(iusefp.o)
    0x08000938   0x08000938   0x0000006e   Code   RO         2040    .text               mf_w.l(fepilogue.o)
    0x080009a6   0x080009a6   0x000000ba   Code   RO         2042    .text               mf_w.l(depilogue.o)
    0x08000a60   0x08000a60   0x00000030   Code   RO         2044    .text               mf_w.l(dfixul.o)
    0x08000a90   0x08000a90   0x00000024   Code   RO         2046    .text               mc_w.l(init.o)
    0x08000ab4   0x08000ab4   0x00000020   Code   RO         2048    .text               mc_w.l(llushr.o)
    0x08000ad4   0x08000ad4   0x00000056   Code   RO         2058    .text               mc_w.l(__dczerorl2.o)
    0x08000b2a   0x08000b2a   0x0000000e   Code   RO          743    i.$Sub$$main        components.o
    0x08000b38   0x08000b38   0x00000012   Code   RO          463    i.CharToLong        jy901.o
    0x08000b4a   0x08000b4a   0x00000002   PAD
    0x08000b4c   0x08000b4c   0x00000290   Code   RO          464    i.CopeSerialData    jy901.o
    0x08000ddc   0x08000ddc   0x0000007c   Code   RO          156    i.Encoder_Init_TIM2  encoder.o
    0x08000e58   0x08000e58   0x0000009c   Code   RO          157    i.Encoder_Init_TIM4  encoder.o
    0x08000ef4   0x08000ef4   0x0000011c   Code   RO          192    i.PWM_Init_TIM1     motor.o
    0x08001010   0x08001010   0x0000001c   Code   RO          241    i.PcTx_Byte         usart1.o
    0x0800102c   0x0800102c   0x00000016   Code   RO          242    i.PcTx_String       usart1.o
    0x08001042   0x08001042   0x00000002   PAD
    0x08001044   0x08001044   0x00000038   Code   RO          158    i.Read_Encoder      encoder.o
    0x0800107c   0x0800107c   0x00000008   Code   RO          610    i.SetSysClock       system_stm32f10x.o
    0x08001084   0x08001084   0x000000e0   Code   RO          611    i.SetSysClockTo72   system_stm32f10x.o
    0x08001164   0x08001164   0x00000010   Code   RO         1624    i.SysTick_Handler   board.o
    0x08001174   0x08001174   0x000000a4   Code   RO          612    i.SystemCoreClockUpdate  system_stm32f10x.o
    0x08001218   0x08001218   0x00000060   Code   RO          613    i.SystemInit        system_stm32f10x.o
    0x08001278   0x08001278   0x00000154   Code   RO          331    i.Task_Pc3          usart3.o
    0x080013cc   0x080013cc   0x0000000c   Code   RO          243    i.USART1_IRQHandler  usart1.o
    0x080013d8   0x080013d8   0x00000028   Code   RO          289    i.USART2_IRQHandler  usart2.o
    0x08001400   0x08001400   0x00000058   Code   RO          332    i.USART3_IRQHandler  usart3.o
    0x08001458   0x08001458   0x00000030   Code   RO         1625    i._SysTick_Config   board.o
    0x08001488   0x08001488   0x00000020   Code   RO         1925    i.__0printf         mc_w.l(printfa.o)
    0x080014a8   0x080014a8   0x0000004c   Code   RO         1024    i.__rt_ffs          kservice.o
    0x080014f4   0x080014f4   0x0000000e   Code   RO         2052    i.__scatterload_copy  mc_w.l(handlers.o)
    0x08001502   0x08001502   0x00000002   Code   RO         2053    i.__scatterload_null  mc_w.l(handlers.o)
    0x08001504   0x08001504   0x0000000e   Code   RO         2054    i.__scatterload_zeroinit  mc_w.l(handlers.o)
    0x08001512   0x08001512   0x00000002   PAD
    0x08001514   0x08001514   0x00000184   Code   RO         1932    i._fp_digits        mc_w.l(printfa.o)
    0x08001698   0x08001698   0x00000014   Code   RO          817    i._has_defunct_thread  idle.o
    0x080016ac   0x080016ac   0x000006dc   Code   RO         1933    i._printf_core      mc_w.l(printfa.o)
    0x08001d88   0x08001d88   0x00000024   Code   RO         1934    i._printf_post_padding  mc_w.l(printfa.o)
    0x08001dac   0x08001dac   0x0000002e   Code   RO         1935    i._printf_pre_padding  mc_w.l(printfa.o)
    0x08001dda   0x08001dda   0x00000002   PAD
    0x08001ddc   0x08001ddc   0x00000084   Code   RO         1393    i._rt_thread_init   thread.o
    0x08001e60   0x08001e60   0x00000042   Code   RO         1514    i._rt_timer_init    timer.o
    0x08001ea2   0x08001ea2   0x0000002e   Code   RO         1515    i._rt_timer_remove  timer.o
    0x08001ed0   0x08001ed0   0x0000005c   Code   RO          193    i.balance_mw        motor.o
    0x08001f2c   0x08001f2c   0x00000098   Code   RO          404    i.controlMotor      thread_mw.o
    0x08001fc4   0x08001fc4   0x0000001c   Code   RO          525    i.findFirstChar     xnumx.o
    0x08001fe0   0x08001fe0   0x00000024   Code   RO          526    i.findLastChar      xnumx.o
    0x08002004   0x08002004   0x0000001c   Code   RO          334    i.fputc             usart3.o
    0x08002020   0x08002020   0x00000050   Code   RO         1953    i.free              mc_w.l(malloc.o)
    0x08002070   0x08002070   0x00000184   Code   RO            4    i.main              mian.o
    0x080021f4   0x080021f4   0x0000000e   Code   RO          744    i.main_thread_entry  components.o
    0x08002202   0x08002202   0x00000002   PAD
    0x08002204   0x08002204   0x0000006c   Code   RO         1954    i.malloc            mc_w.l(malloc.o)
    0x08002270   0x08002270   0x000000a0   Code   RO          194    i.motor_run         motor.o
    0x08002310   0x08002310   0x00000078   Code   RO         1201    i.plug_holes        mem.o
    0x08002388   0x08002388   0x00000198   Code   RO         1026    i.print_number      kservice.o
    0x08002520   0x08002520   0x00000044   Code   RO          405    i.readEncode        thread_mw.o
    0x08002564   0x08002564   0x0000002c   Code   RO          745    i.rt_application_init  components.o
    0x08002590   0x08002590   0x0000001c   Code   RO          746    i.rt_components_board_init  components.o
    0x080025ac   0x080025ac   0x0000001c   Code   RO          747    i.rt_components_init  components.o
    0x080025c8   0x080025c8   0x00000020   Code   RO         1327    i.rt_enter_critical  scheduler.o
    0x080025e8   0x080025e8   0x0000003c   Code   RO         1328    i.rt_exit_critical  scheduler.o
    0x08002624   0x08002624   0x000000e0   Code   RO         1203    i.rt_free           mem.o
    0x08002704   0x08002704   0x00000008   Code   RO         1626    i.rt_heap_begin_get  board.o
    0x0800270c   0x0800270c   0x00000008   Code   RO         1627    i.rt_heap_end_get   board.o
    0x08002714   0x08002714   0x0000003c   Code   RO         1628    i.rt_hw_board_init  board.o
    0x08002750   0x08002750   0x00000014   Code   RO         1629    i.rt_hw_console_output  board.o
    0x08002764   0x08002764   0x00000200   Code   RO          660    i.rt_hw_hard_fault_exception  cpuport.o
    0x08002964   0x08002964   0x0000004c   Code   RO          661    i.rt_hw_stack_init  cpuport.o
    0x080029b0   0x080029b0   0x00000020   Code   RO          997    i.rt_interrupt_enter  irq.o
    0x080029d0   0x080029d0   0x00000020   Code   RO          999    i.rt_interrupt_leave  irq.o
    0x080029f0   0x080029f0   0x00000014   Code   RO          857    i.rt_ipc_list_resume  ipc.o
    0x08002a04   0x08002a04   0x0000006c   Code   RO          859    i.rt_ipc_list_suspend  ipc.o
    0x08002a70   0x08002a70   0x00000010   Code   RO          860    i.rt_ipc_object_init  ipc.o
    0x08002a80   0x08002a80   0x00000030   Code   RO         1030    i.rt_kprintf        kservice.o
    0x08002ab0   0x08002ab0   0x00000006   Code   RO          861    i.rt_list_init      ipc.o
    0x08002ab6   0x08002ab6   0x00000006   Code   RO         1329    i.rt_list_init      scheduler.o
    0x08002abc   0x08002abc   0x00000006   Code   RO         1516    i.rt_list_init      timer.o
    0x08002ac2   0x08002ac2   0x0000000e   Code   RO         1251    i.rt_list_insert_after  object.o
    0x08002ad0   0x08002ad0   0x0000000e   Code   RO         1394    i.rt_list_insert_after  thread.o
    0x08002ade   0x08002ade   0x0000000e   Code   RO         1517    i.rt_list_insert_after  timer.o
    0x08002aec   0x08002aec   0x0000000e   Code   RO          862    i.rt_list_insert_before  ipc.o
    0x08002afa   0x08002afa   0x00000010   Code   RO          863    i.rt_list_isempty   ipc.o
    0x08002b0a   0x08002b0a   0x00000010   Code   RO         1518    i.rt_list_isempty   timer.o
    0x08002b1a   0x08002b1a   0x00000012   Code   RO         1252    i.rt_list_remove    object.o
    0x08002b2c   0x08002b2c   0x00000012   Code   RO         1395    i.rt_list_remove    thread.o
    0x08002b3e   0x08002b3e   0x00000002   PAD
    0x08002b40   0x08002b40   0x0000016c   Code   RO         1204    i.rt_malloc         mem.o
    0x08002cac   0x08002cac   0x00000048   Code   RO         1036    i.rt_memset         kservice.o
    0x08002cf4   0x08002cf4   0x00000054   Code   RO         1253    i.rt_object_allocate  object.o
    0x08002d48   0x08002d48   0x00000024   Code   RO         1254    i.rt_object_delete  object.o
    0x08002d6c   0x08002d6c   0x0000001e   Code   RO         1255    i.rt_object_detach  object.o
    0x08002d8a   0x08002d8a   0x00000002   PAD
    0x08002d8c   0x08002d8c   0x00000028   Code   RO         1257    i.rt_object_get_information  object.o
    0x08002db4   0x08002db4   0x0000003c   Code   RO         1259    i.rt_object_init    object.o
    0x08002df0   0x08002df0   0x00000012   Code   RO         1260    i.rt_object_is_systemobject  object.o
    0x08002e02   0x08002e02   0x00000002   PAD
    0x08002e04   0x08002e04   0x00000090   Code   RO         1330    i.rt_schedule       scheduler.o
    0x08002e94   0x08002e94   0x00000050   Code   RO         1331    i.rt_schedule_insert_thread  scheduler.o
    0x08002ee4   0x08002ee4   0x00000054   Code   RO         1332    i.rt_schedule_remove_thread  scheduler.o
    0x08002f38   0x08002f38   0x00000026   Code   RO          876    i.rt_sem_init       ipc.o
    0x08002f5e   0x08002f5e   0x0000003a   Code   RO          877    i.rt_sem_release    ipc.o
    0x08002f98   0x08002f98   0x00000074   Code   RO          878    i.rt_sem_take       ipc.o
    0x0800300c   0x0800300c   0x000000b0   Code   RO         1038    i.rt_show_version   kservice.o
    0x080030bc   0x080030bc   0x00000012   Code   RO         1044    i.rt_strlen         kservice.o
    0x080030ce   0x080030ce   0x00000034   Code   RO         1046    i.rt_strncpy        kservice.o
    0x08003102   0x08003102   0x00000002   PAD
    0x08003104   0x08003104   0x000000f8   Code   RO         1207    i.rt_system_heap_init  mem.o
    0x080031fc   0x080031fc   0x0000004c   Code   RO         1333    i.rt_system_scheduler_init  scheduler.o
    0x08003248   0x08003248   0x00000030   Code   RO         1334    i.rt_system_scheduler_start  scheduler.o
    0x08003278   0x08003278   0x0000001c   Code   RO         1519    i.rt_system_timer_init  timer.o
    0x08003294   0x08003294   0x00000002   Code   RO         1520    i.rt_system_timer_thread_init  timer.o
    0x08003296   0x08003296   0x00000050   Code   RO         1397    i.rt_thread_create  thread.o
    0x080032e6   0x080032e6   0x0000000c   Code   RO         1398    i.rt_thread_delay   thread.o
    0x080032f2   0x080032f2   0x00000002   PAD
    0x080032f4   0x080032f4   0x00000054   Code   RO         1401    i.rt_thread_exit    thread.o
    0x08003348   0x08003348   0x00000008   Code   RO          818    i.rt_thread_idle_entry  idle.o
    0x08003350   0x08003350   0x00000084   Code   RO          819    i.rt_thread_idle_excute  idle.o
    0x080033d4   0x080033d4   0x0000003c   Code   RO          821    i.rt_thread_idle_init  idle.o
    0x08003410   0x08003410   0x00000034   Code   RO         1403    i.rt_thread_init    thread.o
    0x08003444   0x08003444   0x0000003c   Code   RO         1405    i.rt_thread_resume  thread.o
    0x08003480   0x08003480   0x0000000c   Code   RO         1406    i.rt_thread_self    thread.o
    0x0800348c   0x0800348c   0x00000044   Code   RO         1407    i.rt_thread_sleep   thread.o
    0x080034d0   0x080034d0   0x0000002c   Code   RO         1408    i.rt_thread_startup  thread.o
    0x080034fc   0x080034fc   0x00000044   Code   RO         1409    i.rt_thread_suspend  thread.o
    0x08003540   0x08003540   0x00000020   Code   RO         1410    i.rt_thread_timeout  thread.o
    0x08003560   0x08003560   0x00000064   Code   RO         1411    i.rt_thread_yield   thread.o
    0x080035c4   0x080035c4   0x0000000c   Code   RO          704    i.rt_tick_get       clock.o
    0x080035d0   0x080035d0   0x00000030   Code   RO          705    i.rt_tick_increase  clock.o
    0x08003600   0x08003600   0x0000007c   Code   RO         1521    i.rt_timer_check    timer.o
    0x0800367c   0x0800367c   0x00000038   Code   RO         1522    i.rt_timer_control  timer.o
    0x080036b4   0x080036b4   0x00000036   Code   RO         1523    i.rt_timer_create   timer.o
    0x080036ea   0x080036ea   0x00000020   Code   RO         1525    i.rt_timer_detach   timer.o
    0x0800370a   0x0800370a   0x0000002e   Code   RO         1526    i.rt_timer_init     timer.o
    0x08003738   0x08003738   0x000000f8   Code   RO         1529    i.rt_timer_start    timer.o
    0x08003830   0x08003830   0x00000030   Code   RO         1530    i.rt_timer_stop     timer.o
    0x08003860   0x08003860   0x00000328   Code   RO         1049    i.rt_vsnprintf      kservice.o
    0x08003b88   0x08003b88   0x00000004   Code   RO          748    i.rti_board_end     components.o
    0x08003b8c   0x08003b8c   0x00000004   Code   RO          749    i.rti_board_start   components.o
    0x08003b90   0x08003b90   0x00000004   Code   RO          750    i.rti_end           components.o
    0x08003b94   0x08003b94   0x00000004   Code   RO          751    i.rti_start         components.o
    0x08003b98   0x08003b98   0x0000002a   Code   RO          752    i.rtthread_startup  components.o
    0x08003bc2   0x08003bc2   0x00000002   Code   RO          406    i.sendData          thread_mw.o
    0x08003bc4   0x08003bc4   0x00000026   Code   RO         1051    i.skip_atoi         kservice.o
    0x08003bea   0x08003bea   0x00000002   PAD
    0x08003bec   0x08003bec   0x000000f0   Code   RO          407    i.time_thread       thread_mw.o
    0x08003cdc   0x08003cdc   0x00000020   Code   RO          408    i.timer1_f          thread_mw.o
    0x08003cfc   0x08003cfc   0x000001a0   Code   RO          290    i.usart2_init       usart2.o
    0x08003e9c   0x08003e9c   0x000001a4   Code   RO          335    i.usart3_init       usart3.o
    0x08004040   0x08004040   0x000001a4   Code   RO          244    i.usart_init        usart1.o
    0x080041e4   0x080041e4   0x00000150   Code   RO          196    i.velocity_mw       motor.o
    0x08004334   0x08004334   0x00000180   Code   RO          527    i.xnumx             xnumx.o
    0x080044b4   0x080044b4   0x00000028   Data   RO          528    .constdata          xnumx.o
    0x080044dc   0x080044dc   0x00000122   Data   RO         1053    .constdata          kservice.o
    0x080045fe   0x080045fe   0x00000002   PAD
    0x08004600   0x08004600   0x0000005f   Data   RO          409    .conststring        thread_mw.o
    0x0800465f   0x0800465f   0x00000001   PAD
    0x08004660   0x08004660   0x00000004   Data   RO          753    .rti_fn.0           components.o
    0x08004664   0x08004664   0x00000004   Data   RO          754    .rti_fn.0.end       components.o
    0x08004668   0x08004668   0x00000004   Data   RO          755    .rti_fn.1.end       components.o
    0x0800466c   0x0800466c   0x00000004   Data   RO          756    .rti_fn.6.end       components.o
    0x08004670   0x08004670   0x00000020   Data   RO         2050    Region$$Table       anon$$obj.o


    Execution Region RW_IRAM1 (Exec base: 0x20000000, Load base: 0x08004690, Size: 0x00001c08, Max: 0x00005000, ABSOLUTE, COMPRESSED[0x00000044])

    Exec Addr    Load Addr    Size         Type   Attr      Idx    E Section Name        Object

    0x20000000   COMPRESSED   0x00000014   Data   RW            5    .data               mian.o
    0x20000014   COMPRESSED   0x00000014   Data   RW          197    .data               motor.o
    0x20000028   COMPRESSED   0x00000014   Data   RW          337    .data               usart3.o
    0x2000003c   COMPRESSED   0x00000014   Data   RW          410    .data               thread_mw.o
    0x20000050   COMPRESSED   0x00000049   Data   RW          468    .data               jy901.o
    0x20000099   COMPRESSED   0x00000003   PAD
    0x2000009c   COMPRESSED   0x00000014   Data   RW          614    .data               system_stm32f10x.o
    0x200000b0   COMPRESSED   0x00000010   Data   RW          662    .data               cpuport.o
    0x200000c0   COMPRESSED   0x00000004   Data   RW          707    .data               clock.o
    0x200000c4   COMPRESSED   0x00000001   Data   RW         1000    .data               irq.o
    0x200000c5   COMPRESSED   0x00000003   PAD
    0x200000c8   COMPRESSED   0x00000018   Data   RW         1209    .data               mem.o
    0x200000e0   COMPRESSED   0x00000040   Data   RW         1262    .data               object.o
    0x20000120   COMPRESSED   0x00000018   Data   RW         1336    .data               scheduler.o
    0x20000138   COMPRESSED   0x0000000c   Data   RW         1531    .data               timer.o
    0x20000144   COMPRESSED   0x00000004   Data   RW         2037    .data               mc_w.l(mvars.o)
    0x20000148   COMPRESSED   0x00000004   Data   RW         2038    .data               mc_w.l(mvars.o)
    0x2000014c   COMPRESSED   0x00000004   PAD
    0x20000150        -       0x00000250   Zero   RW          336    .bss                usart3.o
    0x200003a0        -       0x0000000c   Zero   RW          467    .bss                jy901.o
    0x200003ac        -       0x00000178   Zero   RW          822    .bss                idle.o
    0x20000524        -       0x00000080   Zero   RW         1052    .bss                kservice.o
    0x200005a4        -       0x00000020   Zero   RW         1208    .bss                mem.o
    0x200005c4        -       0x00000040   Zero   RW         1335    .bss                scheduler.o
    0x20000604        -       0x00001000   Zero   RW         1630    .bss                board.o
    0x20001604   COMPRESSED   0x00000004   PAD
    0x20001608        -       0x00000200   Zero   RW          601    HEAP                startup_stm32f10x_md.o
    0x20001808        -       0x00000400   Zero   RW          600    STACK               startup_stm32f10x_md.o


==============================================================================

Image component sizes


      Code (inc. data)   RO Data    RW Data    ZI Data      Debug   Object Name

       160         16          0          0       4096       3478   board.o
        60         12          0          4          0       1129   clock.o
       186         28         16          0          0       5688   components.o
       244         26          0          0          0        820   context_rvds.o
       588        328          0         16          0       3266   cpuport.o
       336         28          0          0          0       1447   encoder.o
       220         30          0          0        376       5494   idle.o
       392          0          0          0          0       8133   ipc.o
        64         12          0          1          0       1542   irq.o
       674         62          0         73         12       3373   jy901.o
      1696        164        290          0        128       8652   kservice.o
       956        224          0         24         32       3824   mem.o
       388        174          0         20          0     212792   mian.o
       872         86          0         20          0       2459   motor.o
       300          4          0         64          0       8032   object.o
       530         88          0         24         64       8358   scheduler.o
        36          8        236          0       1536        796   startup_stm32f10x_md.o
       492         50          0         20          0       2797   system_stm32f10x.o
       776         36          0          0          0      11659   thread.o
       494        104         95         20          0       3005   thread_mw.o
       786         20          0         12          0      11774   timer.o
       482         32          0          0          0      27882   usart1.o
       456         28          0          0          0       1554   usart2.o
       876        216          0         20        592       4370   usart3.o
       448          6         40          0          0       2583   xnumx.o

    ----------------------------------------------------------------------
     12530       1782        712        324       6840     344907   Object Totals
         0          0         32          0          0          0   (incl. Generated)
        18          0          3          6          4          0   (incl. Padding)

    ----------------------------------------------------------------------

      Code (inc. data)   RO Data    RW Data    ZI Data      Debug   Library Member Name

        86          0          0          0          0          0   __dczerorl2.o
         0          0          0          0          0          0   entry.o
         0          0          0          0          0          0   entry10a.o
         0          0          0          0          0          0   entry11a.o
         8          4          0          0          0          0   entry2.o
         4          0          0          0          0          0   entry5.o
         0          0          0          0          0          0   entry7b.o
         0          0          0          0          0          0   entry8b.o
         8          4          0          0          0          0   entry9a.o
        30          0          0          0          0          0   handlers.o
        36          8          0          0          0         68   init.o
         0          0          0          0          0          0   iusefp.o
        30          0          0          0          0         68   llshl.o
        36          0          0          0          0         68   llsshr.o
        32          0          0          0          0         68   llushr.o
       188         20          0          0          0        160   malloc.o
        36          0          0          0          0         68   memcpya.o
        36          0          0          0          0        108   memseta.o
         0          0          0          8          0          0   mvars.o
      2258         90          0          0          0        452   printfa.o
        44          0          0          0          0         80   uidiv.o
        98          0          0          0          0         92   uldiv.o
        48          0          0          0          0         68   cdrcmple.o
        20          0          0          0          0         68   cfcmple.o
        20          0          0          0          0         68   cfrcmple.o
        56          0          0          0          0         88   d2f.o
       334          0          0          0          0        148   dadd.o
       222          0          0          0          0        100   ddiv.o
       186          0          0          0          0        176   depilogue.o
        48          0          0          0          0         68   dfixul.o
        34          0          0          0          0         76   dflti.o
        26          0          0          0          0         76   dfltui.o
       228          0          0          0          0         96   dmul.o
        38          0          0          0          0         68   f2d.o
       176          0          0          0          0        140   fadd.o
       124          0          0          0          0         88   fdiv.o
       110          0          0          0          0        168   fepilogue.o
        50          0          0          0          0         68   ffixi.o
        40          0          0          0          0         68   ffixui.o
        18          0          0          0          0         68   fflti.o
        10          0          0          0          0         68   ffltui.o
       100          0          0          0          0         76   fmul.o

    ----------------------------------------------------------------------
      4822        126          0          8          4       3076   Library Totals
         4          0          0          0          4          0   (incl. Padding)

    ----------------------------------------------------------------------

      Code (inc. data)   RO Data    RW Data    ZI Data      Debug   Library Name

      2930        126          0          8          0       1232   mc_w.l
      1888          0          0          0          0       1844   mf_w.l

    ----------------------------------------------------------------------
      4822        126          0          8          4       3076   Library Totals

    ----------------------------------------------------------------------

==============================================================================


      Code (inc. data)   RO Data    RW Data    ZI Data      Debug   

     17352       1908        712        332       6844     340259   Grand Totals
     17352       1908        712         68       6844     340259   ELF Image Totals (compressed)
     17352       1908        712         68          0          0   ROM Totals

==============================================================================

    Total RO  Size (Code + RO Data)                18064 (  17.64kB)
    Total RW  Size (RW Data + ZI Data)              7176 (   7.01kB)
    Total ROM Size (Code + RO Data + RW Data)      18132 (  17.71kB)

==============================================================================

