Component: ARM Compiler 5.06 update 5 (build 528) Tool: armlink [4d35e2]

==============================================================================

Section Cross References

    mian.o(i.main) refers to kservice.o(i.rt_kprintf) for rt_kprintf
    mian.o(i.main) refers to usart2.o(i.usart2_init) for usart2_init
    mian.o(i.main) refers to usart3.o(i.usart3_init) for usart3_init
    mian.o(i.main) refers to encoder.o(i.Encoder_Init_TIM2) for Encoder_Init_TIM2
    mian.o(i.main) refers to encoder.o(i.Encoder_Init_TIM4) for Encoder_Init_TIM4
    mian.o(i.main) refers to motor.o(i.PWM_Init_TIM1) for PWM_Init_TIM1
    mian.o(i.main) refers to thread.o(i.rt_thread_create) for rt_thread_create
    mian.o(i.main) refers to thread.o(i.rt_thread_startup) for rt_thread_startup
    mian.o(i.main) refers to timer.o(i.rt_timer_create) for rt_timer_create
    mian.o(i.main) refers to timer.o(i.rt_timer_start) for rt_timer_start
    mian.o(i.main) refers to thread_mw.o(i.readEncode) for readEncode
    mian.o(i.main) refers to mian.o(.data) for tid1
    mian.o(i.main) refers to thread_mw.o(i.sendData) for sendData
    mian.o(i.main) refers to thread_mw.o(i.controlMotor) for controlMotor
    mian.o(i.main) refers to thread_mw.o(i.time_thread) for time_thread
    mian.o(i.main) refers to thread_mw.o(i.timer1_f) for timer1_f
    motor.o(i.balance) refers to fadd.o(.text) for __aeabi_fsub
    motor.o(i.balance) refers to fmul.o(.text) for __aeabi_fmul
    motor.o(i.balance) refers to ffixi.o(.text) for __aeabi_f2iz
    motor.o(i.selfCorrecting) refers to motor.o(i.motor_run) for motor_run
    usart1.o(i.PcTx_String) refers to usart1.o(i.PcTx_Byte) for PcTx_Byte
    usart1.o(i.usart_init) refers to ffltui.o(.text) for __aeabi_ui2f
    usart1.o(i.usart_init) refers to fdiv.o(.text) for __aeabi_fdiv
    usart1.o(i.usart_init) refers to ffixui.o(.text) for __aeabi_f2uiz
    usart1.o(i.usart_init) refers to fadd.o(.text) for __aeabi_frsub
    usart1.o(i.usart_init) refers to fmul.o(.text) for __aeabi_fmul
    usart2.o(i.PcTx_String2) refers to usart2.o(i.PcTx_Byte2) for PcTx_Byte2
    usart2.o(i.USART2_IRQHandler) refers to jy901.o(i.CopeSerialData) for CopeSerialData
    usart2.o(i.usart2_init) refers to ffltui.o(.text) for __aeabi_ui2f
    usart2.o(i.usart2_init) refers to fdiv.o(.text) for __aeabi_fdiv
    usart2.o(i.usart2_init) refers to ffixui.o(.text) for __aeabi_f2uiz
    usart2.o(i.usart2_init) refers to fadd.o(.text) for __aeabi_frsub
    usart2.o(i.usart2_init) refers to fmul.o(.text) for __aeabi_fmul
    usart3.o(i.PcTx_String3) refers to usart3.o(i.PcTx_Byte3) for PcTx_Byte3
    usart3.o(i.Task_Pc3) refers to xnumx.o(i.xnumx) for xnumx
    usart3.o(i.Task_Pc3) refers to f2d.o(.text) for __aeabi_f2d
    usart3.o(i.Task_Pc3) refers to printfa.o(i.__0printf) for __2printf
    usart3.o(i.Task_Pc3) refers to memseta.o(.text) for __aeabi_memclr
    usart3.o(i.Task_Pc3) refers to usart3.o(.data) for Rx_Len3
    usart3.o(i.Task_Pc3) refers to usart3.o(.bss) for Rx_Buf3
    usart3.o(i.USART3_IRQHandler) refers to usart3.o(.data) for Rx_End3
    usart3.o(i.USART3_IRQHandler) refers to usart3.o(.bss) for Rx_Buf3
    usart3.o(i.usart3_init) refers to ffltui.o(.text) for __aeabi_ui2f
    usart3.o(i.usart3_init) refers to fdiv.o(.text) for __aeabi_fdiv
    usart3.o(i.usart3_init) refers to ffixui.o(.text) for __aeabi_f2uiz
    usart3.o(i.usart3_init) refers to fadd.o(.text) for __aeabi_frsub
    usart3.o(i.usart3_init) refers to fmul.o(.text) for __aeabi_fmul
    thread_mw.o(i.controlMotor) refers to thread.o(i.rt_thread_delay) for rt_thread_delay
    thread_mw.o(i.controlMotor) refers to timer.o(i.rt_timer_check) for rt_timer_check
    thread_mw.o(i.controlMotor) refers to thread_mw.o(.data) for controlMotorCount
    thread_mw.o(i.readEncode) refers to encoder.o(i.Read_Encoder) for Read_Encoder
    thread_mw.o(i.readEncode) refers to thread.o(i.rt_thread_delay) for rt_thread_delay
    thread_mw.o(i.readEncode) refers to timer.o(i.rt_timer_check) for rt_timer_check
    thread_mw.o(i.readEncode) refers to thread_mw.o(.data) for readEncodeCount
    thread_mw.o(i.sendData) refers to thread.o(i.rt_thread_delay) for rt_thread_delay
    thread_mw.o(i.sendData) refers to timer.o(i.rt_timer_check) for rt_timer_check
    thread_mw.o(i.sendData) refers to thread_mw.o(.data) for sendDataCount
    thread_mw.o(i.time_thread) refers to clock.o(i.rt_tick_get) for rt_tick_get
    thread_mw.o(i.time_thread) refers to kservice.o(i.rt_kprintf) for rt_kprintf
    thread_mw.o(i.time_thread) refers to thread.o(i.rt_thread_delay) for rt_thread_delay
    thread_mw.o(i.time_thread) refers to thread_mw.o(.data) for imuCorrectCount
    thread_mw.o(i.time_thread) refers to thread_mw.o(.conststring) for .conststring
    thread_mw.o(i.timer1_f) refers to usart3.o(i.Task_Pc3) for Task_Pc3
    thread_mw.o(i.timer1_f) refers to usart3.o(.data) for Rx_Tm3
    jy901.o(i.CopeSerialData) refers to jy901.o(i.CharToLong) for CharToLong
[...]
    Removing board.o(.rev16_text), (4 bytes).
    Removing board.o(.revsh_text), (4 bytes).
    Removing board.o(.rrx_text), (6 bytes).
    Removing ffixi.o(.text), (50 bytes).

98 unused section(s) (total 3494 bytes) removed from the image.

==============================================================================

Image Symbol Table

    Local Symbols

    Symbol Name                              Value     Ov Type        Size  Object(Section)

    ../clib/../cmprslib/zerorunl2.c          0x00000000   Number         0  __dczerorl2.o ABSOLUTE
    ../clib/microlib/division.c              0x00000000   Number         0  uldiv.o ABSOLUTE
    ../clib/microlib/division.c              0x00000000   Number         0  uidiv.o ABSOLUTE
    ../clib/microlib/init/entry.s            0x00000000   Number         0  entry10b.o ABSOLUTE
    ../clib/microlib/init/entry.s            0x00000000   Number         0  entry9a.o ABSOLUTE
    ../clib/microlib/init/entry.s            0x00000000   Number         0  entry5.o ABSOLUTE
    ../clib/microlib/init/entry.s            0x00000000   Number         0  entry10a.o ABSOLUTE
    ../clib/microlib/init/entry.s            0x00000000   Number         0  entry11b.o ABSOLUTE
    ../clib/microlib/init/entry.s            0x00000000   Number         0  entry11a.o ABSOLUTE
    ../clib/microlib/init/entry.s            0x00000000   Number         0  entry.o ABSOLUTE
    ../clib/microlib/init/entry.s            0x00000000   Number         0  entry2.o ABSOLUTE
    ../clib/microlib/init/entry.s            0x00000000   Number         0  entry9b.o ABSOLUTE
    ../clib/microlib/init/entry.s            0x00000000   Number         0  entry8b.o ABSOLUTE
    ../clib/microlib/init/entry.s            0x00000000   Number         0  entry7a.o ABSOLUTE
    ../clib/microlib/init/entry.s            0x00000000   Number         0  entry7b.o ABSOLUTE
    ../clib/microlib/init/entry.s            0x00000000   Number         0  entry8a.o ABSOLUTE
    ../clib/microlib/longlong.c              0x00000000   Number         0  llsshr.o ABSOLUTE
    ../clib/microlib/longlong.c              0x00000000   Number         0  llushr.o ABSOLUTE
    ../clib/microlib/longlong.c              0x00000000   Number         0  llshl.o ABSOLUTE
    ../clib/microlib/malloc/malloc.c         0x00000000   Number         0  malloc.o ABSOLUTE
    ../clib/microlib/malloc/malloc.c         0x00000000   Number         0  mallocr.o ABSOLUTE
    ../clib/microlib/malloc/malloc.c         0x00000000   Number         0  mallocra.o ABSOLUTE
    ../clib/microlib/malloc/malloc.c         0x00000000   Number         0  malloca.o ABSOLUTE
    ../clib/microlib/malloc/mvars.c          0x00000000   Number         0  mvars.o ABSOLUTE
    ../clib/microlib/printf/printf.c         0x00000000   Number         0  printf8.o ABSOLUTE
    ../clib/microlib/printf/printf.c         0x00000000   Number         0  printfa.o ABSOLUTE
    ../clib/microlib/printf/printf.c         0x00000000   Number         0  printf2.o ABSOLUTE
    ../clib/microlib/printf/printf.c         0x00000000   Number         0  printf1.o ABSOLUTE
    ../clib/microlib/printf/printf.c         0x00000000   Number         0  printf0.o ABSOLUTE
    ../clib/microlib/printf/printf.c         0x00000000   Number         0  printfb.o ABSOLUTE
    ../clib/microlib/printf/printf.c         0x00000000   Number         0  printf3.o ABSOLUTE
    ../clib/microlib/printf/printf.c         0x00000000   Number         0  printf4.o ABSOLUTE
    ../clib/microlib/printf/printf.c         0x00000000   Number         0  printf5.o ABSOLUTE
    ../clib/microlib/printf/printf.c         0x00000000   Number         0  printf6.o ABSOLUTE
    ../clib/microlib/printf/printf.c         0x00000000   Number         0  printf7.o ABSOLUTE
    ../clib/microlib/printf/stubs.s          0x00000000   Number         0  stubs.o ABSOLUTE
    ../clib/microlib/string/memcpy.c         0x00000000   Number         0  memcpya.o ABSOLUTE
    ../clib/microlib/string/memcpy.c         0x00000000   Number         0  memcpyb.o ABSOLUTE
    ../clib/microlib/string/memset.c         0x00000000   Number         0  memseta.o ABSOLUTE
    ../clib/microlib/stubs.s                 0x00000000   Number         0  iusefp.o ABSOLUTE
    ../fplib/microlib/f2d.c                  0x00000000   Number         0  f2d.o ABSOLUTE
    ../fplib/microlib/fpadd.c                0x00000000   Number         0  dadd.o ABSOLUTE
    ../fplib/microlib/fpadd.c                0x00000000   Number         0  fadd.o ABSOLUTE
    ../fplib/microlib/fpdiv.c                0x00000000   Number         0  ddiv.o ABSOLUTE
    ../fplib/microlib/fpdiv.c                0x00000000   Number         0  fdiv.o ABSOLUTE
    ../fplib/microlib/fpepilogue.c           0x00000000   Number         0  fepilogue.o ABSOLUTE
    ../fplib/microlib/fpepilogue.c           0x00000000   Number         0  depilogue.o ABSOLUTE
    ../fplib/microlib/fpfix.c                0x00000000   Number         0  dfixul.o ABSOLUTE
    ../fplib/microlib/fpfix.c                0x00000000   Number         0  ffixi.o ABSOLUTE
    ../fplib/microlib/fpfix.c                0x00000000   Number         0  ffixui.o ABSOLUTE
    ../fplib/microlib/fpflt.c                0x00000000   Number         0  ffltui.o ABSOLUTE
    ../fplib/microlib/fpflt.c                0x00000000   Number         0  fflti.o ABSOLUTE
    ../fplib/microlib/fpmul.c                0x00000000   Number         0  fmul.o ABSOLUTE
    ../fplib/microlib/fpmul.c                0x00000000   Number         0  dmul.o ABSOLUTE
    C:\keil32\ARM\PACK\rt-thread\rtthread\3.0.3\libcpu\arm\cortex-m3\context_rvds.S 0x00000000   Number         0  context_rvds.o ABSOLUTE
    C:\keil32\ARM\PACK\rt-thread\rtthread\3.0.3\libcpu\arm\cortex-m3\cpuport.c 0x00000000   Number         0  cpuport.o ABSOLUTE
    C:\keil32\ARM\PACK\rt-thread\rtthread\3.0.3\src\clock.c 0x00000000   Number         0  clock.o ABSOLUTE
    C:\keil32\ARM\PACK\rt-thread\rtthread\3.0.3\src\components.c 0x00000000   Number         0  components.o ABSOLUTE
    C:\keil32\ARM\PACK\rt-thread\rtthread\3.0.3\src\device.c 0x00000000   Number         0  device.o ABSOLUTE
    C:\keil32\ARM\PACK\rt-thread\rtthread\3.0.3\src\idle.c 0x00000000   Number         0  idle.o ABSOLUTE
    C:\keil32\ARM\PACK\rt-thread\rtthread\3.0.3\src\ipc.c 0x00000000   Number         0  ipc.o ABSOLUTE
    C:\keil32\ARM\PACK\rt-thread\rtthread\3.0.3\src\irq.c 0x00000000   Number         0  irq.o ABSOLUTE
    C:\keil32\ARM\PACK\rt-thread\rtthread\3.0.3\src\kservice.c 0x00000000   Number         0  kservice.o ABSOLUTE
    C:\keil32\ARM\PACK\rt-thread\rtthread\3.0.3\src\mem.c 0x00000000   Number         0  mem.o ABSOLUTE
    C:\keil32\ARM\PACK\rt-thread\rtthread\3.0.3\src\object.c 0x00000000   Number         0  object.o ABSOLUTE
    C:\keil32\ARM\PACK\rt-thread\rtthread\3.0.3\src\scheduler.c 0x00000000   Number         0  scheduler.o ABSOLUTE
    C:\keil32\ARM\PACK\rt-thread\rtthread\3.0.3\src\thread.c 0x00000000   Number         0  thread.o ABSOLUTE
    C:\keil32\ARM\PACK\rt-thread\rtthread\3.0.3\src\timer.c 0x00000000   Number         0  timer.o ABSOLUTE
    RTE\Device\STM32F103C8\startup_stm32f10x_md.s 0x00000000   Number         0  startup_stm32f10x_md.o ABSOLUTE
    RTE\Device\STM32F103C8\system_stm32f10x.c 0x00000000   Number         0  system_stm32f10x.o ABSOLUTE
    RTE\RTOS\board.c                         0x00000000   Number         0  board.o ABSOLUTE
    RTE\\Device\\STM32F103C8\\system_stm32f10x.c 0x00000000   Number         0  system_stm32f10x.o ABSOLUTE
    RTE\\RTOS\\board.c                       0x00000000   Number         0  board.o ABSOLUTE
    USER\\src\\JY901.c                       0x00000000   Number         0  jy901.o ABSOLUTE
    USER\\src\\encoder.c                     0x00000000   Number         0  encoder.o ABSOLUTE
    USER\\src\\mian.c                        0x00000000   Number         0  mian.o ABSOLUTE
    USER\\src\\motor.c                       0x00000000   Number         0  motor.o ABSOLUTE
    USER\\src\\thread_mw.c                   0x00000000   Number         0  thread_mw.o ABSOLUTE
    USER\\src\\usart1.c                      0x00000000   Number         0  usart1.o ABSOLUTE
    USER\\src\\usart2.c                      0x00000000   Number         0  usart2.o ABSOLUTE
    USER\\src\\usart3.c                      0x00000000   Number         0  usart3.o ABSOLUTE
    USER\\src\\xnumx.c                       0x00000000   Number         0  xnumx.o ABSOLUTE
    USER\src\JY901.c                         0x00000000   Number         0  jy901.o ABSOLUTE
    USER\src\encoder.c                       0x00000000   Number         0  encoder.o ABSOLUTE
    USER\src\mian.c                          0x00000000   Number         0  mian.o ABSOLUTE
    USER\src\motor.c                         0x00000000   Number         0  motor.o ABSOLUTE
    USER\src\thread_mw.c                     0x00000000   Number         0  thread_mw.o ABSOLUTE
    USER\src\usart1.c                        0x00000000   Number         0  usart1.o ABSOLUTE
    USER\src\usart2.c                        0x00000000   Number         0  usart2.o ABSOLUTE
    USER\src\usart3.c                        0x00000000   Number         0  usart3.o ABSOLUTE
    USER\src\xnumx.c                         0x00000000   Number         0  xnumx.o ABSOLUTE
    cdrcmple.s                               0x00000000   Number         0  cdrcmple.o ABSOLUTE
    dc.s                                     0x00000000   Number         0  dc.o ABSOLUTE
    handlers.s                               0x00000000   Number         0  handlers.o ABSOLUTE
    init.s                                   0x00000000   Number         0  init.o ABSOLUTE
    RESET                                    0x08000000   Section      236  startup_stm32f10x_md.o(RESET)
    .ARM.Collect$$$$00000000                 0x080000ec   Section        0  entry.o(.ARM.Collect$$$$00000000)
    .ARM.Collect$$$$00000001                 0x080000ec   Section        4  entry2.o(.ARM.Collect$$$$00000001)
    .ARM.Collect$$$$00000004                 0x080000f0   Section        4  entry5.o(.ARM.Collect$$$$00000004)
    .ARM.Collect$$$$00000008                 0x080000f4   Section        0  entry7b.o(.ARM.Collect$$$$00000008)
    .ARM.Collect$$$$0000000A                 0x080000f4   Section        0  entry8b.o(.ARM.Collect$$$$0000000A)
    .ARM.Collect$$$$0000000B                 0x080000f4   Section        8  entry9a.o(.ARM.Collect$$$$0000000B)
    .ARM.Collect$$$$0000000D                 0x080000fc   Section        0  entry10a.o(.ARM.Collect$$$$0000000D)
    .ARM.Collect$$$$0000000F                 0x080000fc   Section        0  entry11a.o(.ARM.Collect$$$$0000000F)
    .ARM.Collect$$$$00002712                 0x080000fc   Section        4  entry2.o(.ARM.Collect$$$$00002712)
    __lit__00000000                          0x080000fc   Data           4  entry2.o(.ARM.Collect$$$$00002712)
    .text                                    0x08000100   Section       36  startup_stm32f10x_md.o(.text)
    .text                                    0x08000124   Section      240  context_rvds.o(.text)
    .text                                    0x08000214   Section        0  memcpya.o(.text)
    .text                                    0x08000238   Section        0  memseta.o(.text)
    .text                                    0x0800025c   Section        0  fadd.o(.text)
    .text                                    0x0800030c   Section        0  fmul.o(.text)
    .text                                    0x08000370   Section        0  fdiv.o(.text)
    .text                                    0x080003ec   Section        0  fflti.o(.text)
    .text                                    0x080003fe   Section        0  ffltui.o(.text)
    .text                                    0x08000408   Section        0  ffixui.o(.text)
    .text                                    0x08000430   Section        0  f2d.o(.text)
    .text                                    0x08000456   Section        0  uidiv.o(.text)
    .text                                    0x08000482   Section        0  uldiv.o(.text)
    .text                                    0x080004e4   Section        0  fepilogue.o(.text)
    .text                                    0x080004e4   Section        0  iusefp.o(.text)
    .text                                    0x08000552   Section        0  dadd.o(.text)
    .text                                    0x080006a0   Section        0  dmul.o(.text)
    .text                                    0x08000784   Section        0  ddiv.o(.text)
    .text                                    0x08000862   Section        0  dfixul.o(.text)
    .text                                    0x08000894   Section       48  cdrcmple.o(.text)
    .text                                    0x080008c4   Section       36  init.o(.text)
    .text                                    0x080008e8   Section        0  llshl.o(.text)
    .text                                    0x08000906   Section        0  llushr.o(.text)
    .text                                    0x08000926   Section        0  llsshr.o(.text)
    .text                                    0x0800094a   Section        0  depilogue.o(.text)
    .text                                    0x08000a04   Section        0  __dczerorl2.o(.text)
    i.$Sub$$main                             0x08000a5a   Section        0  components.o(i.$Sub$$main)
    i.CharToLong                             0x08000a68   Section        0  jy901.o(i.CharToLong)
    i.CopeSerialData                         0x08000a7c   Section        0  jy901.o(i.CopeSerialData)
    i.Encoder_Init_TIM2                      0x08000d0c   Section        0  encoder.o(i.Encoder_Init_TIM2)
    i.Encoder_Init_TIM4                      0x08000d88   Section        0  encoder.o(i.Encoder_Init_TIM4)
    i.PWM_Init_TIM1                          0x08000e24   Section        0  motor.o(i.PWM_Init_TIM1)
    i.PcTx_Byte                              0x08000f40   Section        0  usart1.o(i.PcTx_Byte)
    i.PcTx_String                            0x08000f5c   Section        0  usart1.o(i.PcTx_String)
    i.Read_Encoder                           0x08000f74   Section        0  encoder.o(i.Read_Encoder)
    i.SetSysClock                            0x08000fac   Section        0  system_stm32f10x.o(i.SetSysClock)
    SetSysClock                              0x08000fad   Thumb Code     8  system_stm32f10x.o(i.SetSysClock)
    i.SetSysClockTo72                        0x08000fb4   Section        0  system_stm32f10x.o(i.SetSysClockTo72)
    SetSysClockTo72                          0x08000fb5   Thumb Code   214  system_stm32f10x.o(i.SetSysClockTo72)
    i.SysTick_Handler                        0x08001094   Section        0  board.o(i.SysTick_Handler)
    i.SystemCoreClockUpdate                  0x080010a4   Section        0  system_stm32f10x.o(i.SystemCoreClockUpdate)
    i.SystemInit                             0x08001148   Section        0  system_stm32f10x.o(i.SystemInit)
    i.Task_Pc3                               0x080011a8   Section        0  usart3.o(i.Task_Pc3)
    i.USART2_IRQHandler                      0x0800123c   Section        0  usart2.o(i.USART2_IRQHandler)
    i.USART3_IRQHandler                      0x0800125c   Section        0  usart3.o(i.USART3_IRQHandler)
    i._SysTick_Config                        0x080012ac   Section        0  board.o(i._SysTick_Config)
    _SysTick_Config                          0x080012ad   Thumb Code    44  board.o(i._SysTick_Config)
    i.__0printf                              0x080012dc   Section        0  printfa.o(i.__0printf)
    i.__rt_ffs                               0x080012fc   Section        0  kservice.o(i.__rt_ffs)
    i.__scatterload_copy                     0x08001348   Section       14  handlers.o(i.__scatterload_copy)
    i.__scatterload_null                     0x08001356   Section        2  handlers.o(i.__scatterload_null)
    i.__scatterload_zeroinit                 0x08001358   Section       14  handlers.o(i.__scatterload_zeroinit)
    i._fp_digits                             0x08001368   Section        0  printfa.o(i._fp_digits)
    _fp_digits                               0x08001369   Thumb Code   366  printfa.o(i._fp_digits)
    i._has_defunct_thread                    0x080014ec   Section        0  idle.o(i._has_defunct_thread)
    _has_defunct_thread                      0x080014ed   Thumb Code    16  idle.o(i._has_defunct_thread)
    i._printf_core                           0x08001500   Section        0  printfa.o(i._printf_core)
    _printf_core                             0x08001501   Thumb Code  1744  printfa.o(i._printf_core)
    i._printf_post_padding                   0x08001bdc   Section        0  printfa.o(i._printf_post_padding)
    _printf_post_padding                     0x08001bdd   Thumb Code    36  printfa.o(i._printf_post_padding)
    i._printf_pre_padding                    0x08001c00   Section        0  printfa.o(i._printf_pre_padding)
    _printf_pre_padding                      0x08001c01   Thumb Code    46  printfa.o(i._printf_pre_padding)
    i._rt_thread_init                        0x08001c30   Section        0  thread.o(i._rt_thread_init)
    _rt_thread_init                          0x08001c31   Thumb Code   124  thread.o(i._rt_thread_init)
    i._rt_timer_init                         0x08001cb4   Section        0  timer.o(i._rt_timer_init)
    _rt_timer_init                           0x08001cb5   Thumb Code    66  timer.o(i._rt_timer_init)
    i._rt_timer_remove                       0x08001cf6   Section        0  timer.o(i._rt_timer_remove)
    _rt_timer_remove                         0x08001cf7   Thumb Code    46  timer.o(i._rt_timer_remove)
    i.controlMotor                           0x08001d24   Section        0  thread_mw.o(i.controlMotor)
    i.findFirstChar                          0x08001d40   Section        0  xnumx.o(i.findFirstChar)
    i.findLastChar                           0x08001d5c   Section        0  xnumx.o(i.findLastChar)
    i.fputc                                  0x08001d80   Section        0  usart3.o(i.fputc)
    i.free                                   0x08001d9c   Section        0  malloc.o(i.free)
    i.main                                   0x08001dec   Section        0  mian.o(i.main)
    i.main_thread_entry                      0x08001f70   Section        0  components.o(i.main_thread_entry)
    i.malloc                                 0x08001f80   Section        0  malloc.o(i.malloc)
    i.plug_holes                             0x08001fec   Section        0  mem.o(i.plug_holes)
    plug_holes                               0x08001fed   Thumb Code   108  mem.o(i.plug_holes)
    i.print_number                           0x08002064   Section        0  kservice.o(i.print_number)
    print_number                             0x08002065   Thumb Code   388  kservice.o(i.print_number)
    i.readEncode                             0x080021f0   Section        0  thread_mw.o(i.readEncode)
    i.rt_application_init                    0x08002238   Section        0  components.o(i.rt_application_init)
    i.rt_components_board_init               0x08002264   Section        0  components.o(i.rt_components_board_init)
    i.rt_components_init                     0x08002280   Section        0  components.o(i.rt_components_init)
    i.rt_enter_critical                      0x0800229c   Section        0  scheduler.o(i.rt_enter_critical)
    i.rt_exit_critical                       0x080022bc   Section        0  scheduler.o(i.rt_exit_critical)
    i.rt_free                                0x080022f8   Section        0  mem.o(i.rt_free)
    i.rt_heap_begin_get                      0x080023d8   Section        0  board.o(i.rt_heap_begin_get)
    i.rt_heap_end_get                        0x080023e0   Section        0  board.o(i.rt_heap_end_get)
    i.rt_hw_board_init                       0x080023e8   Section        0  board.o(i.rt_hw_board_init)
    i.rt_hw_console_output                   0x08002424   Section        0  board.o(i.rt_hw_console_output)
    i.rt_hw_hard_fault_exception             0x08002438   Section        0  cpuport.o(i.rt_hw_hard_fault_exception)
    i.rt_hw_stack_init                       0x08002638   Section        0  cpuport.o(i.rt_hw_stack_init)
    i.rt_interrupt_enter                     0x08002684   Section        0  irq.o(i.rt_interrupt_enter)
    i.rt_interrupt_leave                     0x080026a4   Section        0  irq.o(i.rt_interrupt_leave)
    i.rt_ipc_list_resume                     0x080026c4   Section        0  ipc.o(i.rt_ipc_list_resume)
    rt_ipc_list_resume                       0x080026c5   Thumb Code    20  ipc.o(i.rt_ipc_list_resume)
    i.rt_ipc_list_suspend                    0x080026d8   Section        0  ipc.o(i.rt_ipc_list_suspend)
    rt_ipc_list_suspend                      0x080026d9   Thumb Code   108  ipc.o(i.rt_ipc_list_suspend)
    i.rt_ipc_object_init                     0x08002744   Section        0  ipc.o(i.rt_ipc_object_init)
    rt_ipc_object_init                       0x08002745   Thumb Code    16  ipc.o(i.rt_ipc_object_init)
    i.rt_kprintf                             0x08002754   Section        0  kservice.o(i.rt_kprintf)
    i.rt_list_init                           0x08002784   Section        0  ipc.o(i.rt_list_init)
    rt_list_init                             0x08002785   Thumb Code     6  ipc.o(i.rt_list_init)
    i.rt_list_init                           0x0800278a   Section        0  scheduler.o(i.rt_list_init)
    rt_list_init                             0x0800278b   Thumb Code     6  scheduler.o(i.rt_list_init)
    i.rt_list_init                           0x08002790   Section        0  timer.o(i.rt_list_init)
    rt_list_init                             0x08002791   Thumb Code     6  timer.o(i.rt_list_init)
    i.rt_list_insert_after                   0x08002796   Section        0  object.o(i.rt_list_insert_after)
    rt_list_insert_after                     0x08002797   Thumb Code    14  object.o(i.rt_list_insert_after)
    i.rt_list_insert_after                   0x080027a4   Section        0  thread.o(i.rt_list_insert_after)
    rt_list_insert_after                     0x080027a5   Thumb Code    14  thread.o(i.rt_list_insert_after)
    i.rt_list_insert_after                   0x080027b2   Section        0  timer.o(i.rt_list_insert_after)
    rt_list_insert_after                     0x080027b3   Thumb Code    14  timer.o(i.rt_list_insert_after)
    i.rt_list_insert_before                  0x080027c0   Section        0  ipc.o(i.rt_list_insert_before)
    rt_list_insert_before                    0x080027c1   Thumb Code    14  ipc.o(i.rt_list_insert_before)
    i.rt_list_isempty                        0x080027ce   Section        0  ipc.o(i.rt_list_isempty)
    rt_list_isempty                          0x080027cf   Thumb Code    16  ipc.o(i.rt_list_isempty)
    i.rt_list_isempty                        0x080027de   Section        0  timer.o(i.rt_list_isempty)
    rt_list_isempty                          0x080027df   Thumb Code    16  timer.o(i.rt_list_isempty)
    i.rt_list_remove                         0x080027ee   Section        0  object.o(i.rt_list_remove)
    rt_list_remove                           0x080027ef   Thumb Code    18  object.o(i.rt_list_remove)
    i.rt_list_remove                         0x08002800   Section        0  thread.o(i.rt_list_remove)
    rt_list_remove                           0x08002801   Thumb Code    18  thread.o(i.rt_list_remove)
    i.rt_malloc                              0x08002814   Section        0  mem.o(i.rt_malloc)
    i.rt_memset                              0x08002980   Section        0  kservice.o(i.rt_memset)
    i.rt_object_allocate                     0x080029c8   Section        0  object.o(i.rt_object_allocate)
    i.rt_object_delete                       0x08002a12   Section        0  object.o(i.rt_object_delete)
    i.rt_object_detach                       0x08002a32   Section        0  object.o(i.rt_object_detach)
    i.rt_object_get_information              0x08002a4c   Section        0  object.o(i.rt_object_get_information)
    i.rt_object_init                         0x08002a74   Section        0  object.o(i.rt_object_init)
    i.rt_object_is_systemobject              0x08002ab0   Section        0  object.o(i.rt_object_is_systemobject)
    i.rt_schedule                            0x08002ac4   Section        0  scheduler.o(i.rt_schedule)
    i.rt_schedule_insert_thread              0x08002b54   Section        0  scheduler.o(i.rt_schedule_insert_thread)
    i.rt_schedule_remove_thread              0x08002ba4   Section        0  scheduler.o(i.rt_schedule_remove_thread)
    i.rt_sem_init                            0x08002bf8   Section        0  ipc.o(i.rt_sem_init)
    i.rt_sem_release                         0x08002c1e   Section        0  ipc.o(i.rt_sem_release)
    i.rt_sem_take                            0x08002c58   Section        0  ipc.o(i.rt_sem_take)
    i.rt_show_version                        0x08002ccc   Section        0  kservice.o(i.rt_show_version)
    i.rt_strlen                              0x08002d7c   Section        0  kservice.o(i.rt_strlen)
    i.rt_strncpy                             0x08002d8e   Section        0  kservice.o(i.rt_strncpy)
    i.rt_system_heap_init                    0x08002dc4   Section        0  mem.o(i.rt_system_heap_init)
    i.rt_system_scheduler_init               0x08002ebc   Section        0  scheduler.o(i.rt_system_scheduler_init)
    i.rt_system_scheduler_start              0x08002f08   Section        0  scheduler.o(i.rt_system_scheduler_start)
    i.rt_system_timer_init                   0x08002f38   Section        0  timer.o(i.rt_system_timer_init)
    i.rt_system_timer_thread_init            0x08002f54   Section        0  timer.o(i.rt_system_timer_thread_init)
    i.rt_thread_create                       0x08002f56   Section        0  thread.o(i.rt_thread_create)
    i.rt_thread_delay                        0x08002fa6   Section        0  thread.o(i.rt_thread_delay)
    i.rt_thread_exit                         0x08002fb4   Section        0  thread.o(i.rt_thread_exit)
    i.rt_thread_idle_entry                   0x08003008   Section        0  idle.o(i.rt_thread_idle_entry)
    rt_thread_idle_entry                     0x08003009   Thumb Code     8  idle.o(i.rt_thread_idle_entry)
    i.rt_thread_idle_excute                  0x08003010   Section        0  idle.o(i.rt_thread_idle_excute)
    i.rt_thread_idle_init                    0x08003094   Section        0  idle.o(i.rt_thread_idle_init)
    i.rt_thread_init                         0x080030d0   Section        0  thread.o(i.rt_thread_init)
    i.rt_thread_resume                       0x08003104   Section        0  thread.o(i.rt_thread_resume)
    i.rt_thread_self                         0x08003140   Section        0  thread.o(i.rt_thread_self)
    i.rt_thread_sleep                        0x0800314c   Section        0  thread.o(i.rt_thread_sleep)
    i.rt_thread_startup                      0x08003190   Section        0  thread.o(i.rt_thread_startup)
    i.rt_thread_suspend                      0x080031bc   Section        0  thread.o(i.rt_thread_suspend)
    i.rt_thread_timeout                      0x08003200   Section        0  thread.o(i.rt_thread_timeout)
    i.rt_thread_yield                        0x08003220   Section        0  thread.o(i.rt_thread_yield)
    i.rt_tick_get                            0x08003284   Section        0  clock.o(i.rt_tick_get)
    i.rt_tick_increase                       0x08003290   Section        0  clock.o(i.rt_tick_increase)
    i.rt_timer_check                         0x080032c0   Section        0  timer.o(i.rt_timer_check)
    i.rt_timer_control                       0x0800333c   Section        0  timer.o(i.rt_timer_control)
    i.rt_timer_create                        0x08003374   Section        0  timer.o(i.rt_timer_create)
    i.rt_timer_detach                        0x080033aa   Section        0  timer.o(i.rt_timer_detach)
    i.rt_timer_init                          0x080033ca   Section        0  timer.o(i.rt_timer_init)
    i.rt_timer_start                         0x080033f8   Section        0  timer.o(i.rt_timer_start)
    i.rt_timer_stop                          0x080034f0   Section        0  timer.o(i.rt_timer_stop)
    i.rt_vsnprintf                           0x08003520   Section        0  kservice.o(i.rt_vsnprintf)
    i.rti_board_end                          0x08003848   Section        0  components.o(i.rti_board_end)
    rti_board_end                            0x08003849   Thumb Code     4  components.o(i.rti_board_end)
    i.rti_board_start                        0x0800384c   Section        0  components.o(i.rti_board_start)
    rti_board_start                          0x0800384d   Thumb Code     4  components.o(i.rti_board_start)
    i.rti_end                                0x08003850   Section        0  components.o(i.rti_end)
    rti_end                                  0x08003851   Thumb Code     4  components.o(i.rti_end)
    i.rti_start                              0x08003854   Section        0  components.o(i.rti_start)
    rti_start                                0x08003855   Thumb Code     4  components.o(i.rti_start)
    i.rtthread_startup                       0x08003858   Section        0  components.o(i.rtthread_startup)
    i.sendData                               0x08003884   Section        0  thread_mw.o(i.sendData)
    i.skip_atoi                              0x080038a4   Section        0  kservice.o(i.skip_atoi)
    skip_atoi                                0x080038a5   Thumb Code    38  kservice.o(i.skip_atoi)
    i.time_thread                            0x080038cc   Section        0  thread_mw.o(i.time_thread)
    i.timer1_f                               0x080039bc   Section        0  thread_mw.o(i.timer1_f)
    i.usart2_init                            0x080039dc   Section        0  usart2.o(i.usart2_init)
    i.usart3_init                            0x08003b7c   Section        0  usart3.o(i.usart3_init)
    i.usart_init                             0x08003d20   Section        0  usart1.o(i.usart_init)
    i.xnumx                                  0x08003ec4   Section        0  xnumx.o(i.xnumx)
    .constdata                               0x08004024   Section       40  xnumx.o(.constdata)
    .constdata                               0x0800404c   Section      290  kservice.o(.constdata)
    small_digits                             0x0800414c   Data          17  kservice.o(.constdata)
    large_digits                             0x0800415d   Data          17  kservice.o(.constdata)
    .conststring                             0x08004170   Section       95  thread_mw.o(.conststring)
    .rti_fn.0                                0x080041d0   Section        4  components.o(.rti_fn.0)
    __tagsym$$used                           0x080041d0   Number         0  components.o(.rti_fn.0)
    .rti_fn.0.end                            0x080041d4   Section        4  components.o(.rti_fn.0.end)
    __tagsym$$used                           0x080041d4   Number         0  components.o(.rti_fn.0.end)
    .rti_fn.1.end                            0x080041d8   Section        4  components.o(.rti_fn.1.end)
    __tagsym$$used                           0x080041d8   Number         0  components.o(.rti_fn.1.end)
    .rti_fn.6.end                            0x080041dc   Section        4  components.o(.rti_fn.6.end)
    __tagsym$$used                           0x080041dc   Number         0  components.o(.rti_fn.6.end)
    .data                                    0x20000000   Section       20  mian.o(.data)
    .data                                    0x20000014   Section       12  usart3.o(.data)
    .data                                    0x20000020   Section       20  thread_mw.o(.data)
    .data                                    0x20000034   Section       73  jy901.o(.data)
    ucRxCnt                                  0x2000007c   Data           1  jy901.o(.data)
    .data                                    0x20000080   Section       20  system_stm32f10x.o(.data)
    .data                                    0x20000094   Section       16  cpuport.o(.data)
    rt_exception_hook                        0x200000a0   Data           4  cpuport.o(.data)
    .data                                    0x200000a4   Section        4  clock.o(.data)
    rt_tick                                  0x200000a4   Data           4  clock.o(.data)
    .data                                    0x200000a8   Section        1  irq.o(.data)
    .data                                    0x200000ac   Section       24  mem.o(.data)
    heap_ptr                                 0x200000ac   Data           4  mem.o(.data)
    heap_end                                 0x200000b0   Data           4  mem.o(.data)
    lfree                                    0x200000b4   Data           4  mem.o(.data)
    mem_size_aligned                         0x200000b8   Data           4  mem.o(.data)
    used_mem                                 0x200000bc   Data           4  mem.o(.data)
    max_mem                                  0x200000c0   Data           4  mem.o(.data)
    .data                                    0x200000c4   Section       64  object.o(.data)
    rt_object_container                      0x200000c4   Data          64  object.o(.data)
    .data                                    0x20000104   Section       24  scheduler.o(.data)
    rt_scheduler_lock_nest                   0x20000104   Data           2  scheduler.o(.data)
    .data                                    0x2000011c   Section       12  timer.o(.data)
    rt_timer_list                            0x2000011c   Data           8  timer.o(.data)
    random_nr                                0x20000124   Data           4  timer.o(.data)
    .data                                    0x20000128   Section        4  mvars.o(.data)
    .data                                    0x2000012c   Section        4  mvars.o(.data)
    .bss                                     0x20000130   Section      512  usart3.o(.bss)
    .bss                                     0x20000330   Section       12  jy901.o(.bss)
    ucRxBuffer                               0x20000330   Data          12  jy901.o(.bss)
    .bss                                     0x2000033c   Section      376  idle.o(.bss)
    idle                                     0x2000033c   Data         120  idle.o(.bss)
    rt_thread_stack                          0x200003b4   Data         256  idle.o(.bss)
    .bss                                     0x200004b4   Section      128  kservice.o(.bss)
    rt_log_buf                               0x200004b4   Data         128  kservice.o(.bss)
    .bss                                     0x20000534   Section       32  mem.o(.bss)
    heap_sem                                 0x20000534   Data          32  mem.o(.bss)
    .bss                                     0x20000554   Section       64  scheduler.o(.bss)
    .bss                                     0x20000594   Section     4096  board.o(.bss)
    rt_heap                                  0x20000594   Data        4096  board.o(.bss)
    HEAP                                     0x20001598   Section      512  startup_stm32f10x_md.o(HEAP)
    STACK                                    0x20001798   Section     1024  startup_stm32f10x_md.o(STACK)

    Global Symbols

    Symbol Name                              Value     Ov Type        Size  Object(Section)

    BuildAttributes$$THM_ISAv4$P$D$K$B$S$PE$A:L22UL41UL21$X:L11$S22US41US21$IEEE1$IW$USESV6$~STKCKD$USESV7$~SHL$OTIME$ROPI$EBA8$MICROLIB$REQ8$PRES8$EABIv2 0x00000000   Number         0  anon$$obj.o ABSOLUTE
    __ARM_use_no_argv                        0x00000000   Number         0  mian.o ABSOLUTE
    _printf_a                                0x00000000   Number         0  stubs.o ABSOLUTE
    _printf_c                                0x00000000   Number         0  stubs.o ABSOLUTE
    _printf_charcount                        0x00000000   Number         0  stubs.o ABSOLUTE
    _printf_d                                0x00000000   Number         0  stubs.o ABSOLUTE
    _printf_e                                0x00000000   Number         0  stubs.o ABSOLUTE
    _printf_f                                0x00000000   Number         0  stubs.o ABSOLUTE
    _printf_flags                            0x00000000   Number         0  stubs.o ABSOLUTE
    _printf_fp_dec                           0x00000000   Number         0  stubs.o ABSOLUTE
    _printf_fp_hex                           0x00000000   Number         0  stubs.o ABSOLUTE
    _printf_g                                0x00000000   Number         0  stubs.o ABSOLUTE
    _printf_i                                0x00000000   Number         0  stubs.o ABSOLUTE
    _printf_int_dec                          0x00000000   Number         0  stubs.o ABSOLUTE
    _printf_l                                0x00000000   Number         0  stubs.o ABSOLUTE
    _printf_lc                               0x00000000   Number         0  stubs.o ABSOLUTE
    _printf_ll                               0x00000000   Number         0  stubs.o ABSOLUTE
    _printf_lld                              0x00000000   Number         0  stubs.o ABSOLUTE
    _printf_lli                              0x00000000   Number         0  stubs.o ABSOLUTE
    _printf_llo                              0x00000000   Number         0  stubs.o ABSOLUTE
    _printf_llu                              0x00000000   Number         0  stubs.o ABSOLUTE
    _printf_llx                              0x00000000   Number         0  stubs.o ABSOLUTE
    _printf_longlong_dec                     0x00000000   Number         0  stubs.o ABSOLUTE
    _printf_longlong_hex                     0x00000000   Number         0  stubs.o ABSOLUTE
    _printf_longlong_oct                     0x00000000   Number         0  stubs.o ABSOLUTE
    _printf_ls                               0x00000000   Number         0  stubs.o ABSOLUTE
    _printf_mbtowc                           0x00000000   Number         0  stubs.o ABSOLUTE
    _printf_n                                0x00000000   Number         0  stubs.o ABSOLUTE
    _printf_o                                0x00000000   Number         0  stubs.o ABSOLUTE
    _printf_p                                0x00000000   Number         0  stubs.o ABSOLUTE
    _printf_percent                          0x00000000   Number         0  stubs.o ABSOLUTE
    _printf_pre_padding                      0x00000000   Number         0  stubs.o ABSOLUTE
    _printf_return_value                     0x00000000   Number         0  stubs.o ABSOLUTE
    _printf_s                                0x00000000   Number         0  stubs.o ABSOLUTE
    _printf_sizespec                         0x00000000   Number         0  stubs.o ABSOLUTE
    _printf_str                              0x00000000   Number         0  stubs.o ABSOLUTE
    _printf_truncate_signed                  0x00000000   Number         0  stubs.o ABSOLUTE
    _printf_truncate_unsigned                0x00000000   Number         0  stubs.o ABSOLUTE
    _printf_u                                0x00000000   Number         0  stubs.o ABSOLUTE
    _printf_wc                               0x00000000   Number         0  stubs.o ABSOLUTE
    _printf_wctomb                           0x00000000   Number         0  stubs.o ABSOLUTE
    _printf_widthprec                        0x00000000   Number         0  stubs.o ABSOLUTE
    _printf_x                                0x00000000   Number         0  stubs.o ABSOLUTE
    __cpp_initialize__aeabi_                  - Undefined Weak Reference
    __cxa_finalize                            - Undefined Weak Reference
    _clock_init                               - Undefined Weak Reference
    _microlib_exit                            - Undefined Weak Reference
    __Vectors_Size                           0x000000ec   Number         0  startup_stm32f10x_md.o ABSOLUTE
    __Vectors                                0x08000000   Data           4  startup_stm32f10x_md.o(RESET)
    __Vectors_End                            0x080000ec   Data           0  startup_stm32f10x_md.o(RESET)
    __main                                   0x080000ed   Thumb Code     0  entry.o(.ARM.Collect$$$$00000000)
    _main_stk                                0x080000ed   Thumb Code     0  entry2.o(.ARM.Collect$$$$00000001)
    _main_scatterload                        0x080000f1   Thumb Code     0  entry5.o(.ARM.Collect$$$$00000004)
    __main_after_scatterload                 0x080000f5   Thumb Code     0  entry5.o(.ARM.Collect$$$$00000004)
    _main_clock                              0x080000f5   Thumb Code     0  entry7b.o(.ARM.Collect$$$$00000008)
    _main_cpp_init                           0x080000f5   Thumb Code     0  entry8b.o(.ARM.Collect$$$$0000000A)
    _main_init                               0x080000f5   Thumb Code     0  entry9a.o(.ARM.Collect$$$$0000000B)
    __rt_final_cpp                           0x080000fd   Thumb Code     0  entry10a.o(.ARM.Collect$$$$0000000D)
    __rt_final_exit                          0x080000fd   Thumb Code     0  entry11a.o(.ARM.Collect$$$$0000000F)
    Reset_Handler                            0x08000101   Thumb Code     8  startup_stm32f10x_md.o(.text)
    NMI_Handler                              0x08000109   Thumb Code     2  startup_stm32f10x_md.o(.text)
    MemManage_Handler                        0x0800010d   Thumb Code     2  startup_stm32f10x_md.o(.text)
    BusFault_Handler                         0x0800010f   Thumb Code     2  startup_stm32f10x_md.o(.text)
    UsageFault_Handler                       0x08000111   Thumb Code     2  startup_stm32f10x_md.o(.text)
    SVC_Handler                              0x08000113   Thumb Code     2  startup_stm32f10x_md.o(.text)
    DebugMon_Handler                         0x08000115   Thumb Code     2  startup_stm32f10x_md.o(.text)
    ADC1_2_IRQHandler                        0x0800011b   Thumb Code     0  startup_stm32f10x_md.o(.text)
    CAN1_RX1_IRQHandler                      0x0800011b   Thumb Code     0  startup_stm32f10x_md.o(.text)
    CAN1_SCE_IRQHandler                      0x0800011b   Thumb Code     0  startup_stm32f10x_md.o(.text)
    DMA1_Channel1_IRQHandler                 0x0800011b   Thumb Code     0  startup_stm32f10x_md.o(.text)
    DMA1_Channel2_IRQHandler                 0x0800011b   Thumb Code     0  startup_stm32f10x_md.o(.text)
    DMA1_Channel3_IRQHandler                 0x0800011b   Thumb Code     0  startup_stm32f10x_md.o(.text)
    DMA1_Channel4_IRQHandler                 0x0800011b   Thumb Code     0  startup_stm32f10x_md.o(.text)
    DMA1_Channel5_IRQHandler                 0x0800011b   Thumb Code     0  startup_stm32f10x_md.o(.text)
    DMA1_Channel6_IRQHandler                 0x0800011b   Thumb Code     0  startup_stm32f10x_md.o(.text)
    DMA1_Channel7_IRQHandler                 0x0800011b   Thumb Code     0  startup_stm32f10x_md.o(.text)
    EXTI0_IRQHandler                         0x0800011b   Thumb Code     0  startup_stm32f10x_md.o(.text)
    EXTI15_10_IRQHandler                     0x0800011b   Thumb Code     0  startup_stm32f10x_md.o(.text)
    EXTI1_IRQHandler                         0x0800011b   Thumb Code     0  startup_stm32f10x_md.o(.text)
    EXTI2_IRQHandler                         0x0800011b   Thumb Code     0  startup_stm32f10x_md.o(.text)
    EXTI3_IRQHandler                         0x0800011b   Thumb Code     0  startup_stm32f10x_md.o(.text)
    EXTI4_IRQHandler                         0x0800011b   Thumb Code     0  startup_stm32f10x_md.o(.text)
    EXTI9_5_IRQHandler                       0x0800011b   Thumb Code     0  startup_stm32f10x_md.o(.text)
    FLASH_IRQHandler                         0x0800011b   Thumb Code     0  startup_stm32f10x_md.o(.text)
    I2C1_ER_IRQHandler                       0x0800011b   Thumb Code     0  startup_stm32f10x_md.o(.text)
    I2C1_EV_IRQHandler                       0x0800011b   Thumb Code     0  startup_stm32f10x_md.o(.text)
    I2C2_ER_IRQHandler                       0x0800011b   Thumb Code     0  startup_stm32f10x_md.o(.text)
    I2C2_EV_IRQHandler                       0x0800011b   Thumb Code     0  startup_stm32f10x_md.o(.text)
    PVD_IRQHandler                           0x0800011b   Thumb Code     0  startup_stm32f10x_md.o(.text)
    RCC_IRQHandler                           0x0800011b   Thumb Code     0  startup_stm32f10x_md.o(.text)
    RTCAlarm_IRQHandler                      0x0800011b   Thumb Code     0  startup_stm32f10x_md.o(.text)
    RTC_IRQHandler                           0x0800011b   Thumb Code     0  startup_stm32f10x_md.o(.text)
    SPI1_IRQHandler                          0x0800011b   Thumb Code     0  startup_stm32f10x_md.o(.text)
    SPI2_IRQHandler                          0x0800011b   Thumb Code     0  startup_stm32f10x_md.o(.text)
    TAMPER_IRQHandler                        0x0800011b   Thumb Code     0  startup_stm32f10x_md.o(.text)
    TIM1_BRK_IRQHandler                      0x0800011b   Thumb Code     0  startup_stm32f10x_md.o(.text)
    TIM1_CC_IRQHandler                       0x0800011b   Thumb Code     0  startup_stm32f10x_md.o(.text)
    TIM1_TRG_COM_IRQHandler                  0x0800011b   Thumb Code     0  startup_stm32f10x_md.o(.text)
    TIM1_UP_IRQHandler                       0x0800011b   Thumb Code     0  startup_stm32f10x_md.o(.text)
    TIM2_IRQHandler                          0x0800011b   Thumb Code     0  startup_stm32f10x_md.o(.text)
    TIM3_IRQHandler                          0x0800011b   Thumb Code     0  startup_stm32f10x_md.o(.text)
    TIM4_IRQHandler                          0x0800011b   Thumb Code     0  startup_stm32f10x_md.o(.text)
    USART1_IRQHandler                        0x0800011b   Thumb Code     0  startup_stm32f10x_md.o(.text)
    USBWakeUp_IRQHandler                     0x0800011b   Thumb Code     0  startup_stm32f10x_md.o(.text)
    USB_HP_CAN1_TX_IRQHandler                0x0800011b   Thumb Code     0  startup_stm32f10x_md.o(.text)
    USB_LP_CAN1_RX0_IRQHandler               0x0800011b   Thumb Code     0  startup_stm32f10x_md.o(.text)
    WWDG_IRQHandler                          0x0800011b   Thumb Code     0  startup_stm32f10x_md.o(.text)
    rt_hw_interrupt_disable                  0x08000125   Thumb Code     8  context_rvds.o(.text)
    rt_hw_interrupt_enable                   0x0800012d   Thumb Code     6  context_rvds.o(.text)
    rt_hw_context_switch                     0x08000133   Thumb Code    32  context_rvds.o(.text)
    rt_hw_context_switch_interrupt           0x08000133   Thumb Code     0  context_rvds.o(.text)
    PendSV_Handler                           0x08000153   Thumb Code    60  context_rvds.o(.text)
    rt_hw_context_switch_to                  0x0800018f   Thumb Code    58  context_rvds.o(.text)
    rt_hw_interrupt_thread_switch            0x080001c9   Thumb Code     2  context_rvds.o(.text)
    HardFault_Handler                        0x080001cb   Thumb Code    48  context_rvds.o(.text)
    __aeabi_memcpy                           0x08000215   Thumb Code    36  memcpya.o(.text)
    __aeabi_memcpy4                          0x08000215   Thumb Code     0  memcpya.o(.text)
    __aeabi_memcpy8                          0x08000215   Thumb Code     0  memcpya.o(.text)
    __aeabi_memset                           0x08000239   Thumb Code    14  memseta.o(.text)
    __aeabi_memset4                          0x08000239   Thumb Code     0  memseta.o(.text)
    __aeabi_memset8                          0x08000239   Thumb Code     0  memseta.o(.text)
    __aeabi_memclr                           0x08000247   Thumb Code     4  memseta.o(.text)
    __aeabi_memclr4                          0x08000247   Thumb Code     0  memseta.o(.text)
    __aeabi_memclr8                          0x08000247   Thumb Code     0  memseta.o(.text)
    _memset$wrapper                          0x0800024b   Thumb Code    18  memseta.o(.text)
    __aeabi_fadd                             0x0800025d   Thumb Code   164  fadd.o(.text)
    __aeabi_fsub                             0x08000301   Thumb Code     6  fadd.o(.text)
    __aeabi_frsub                            0x08000307   Thumb Code     6  fadd.o(.text)
    __aeabi_fmul                             0x0800030d   Thumb Code   100  fmul.o(.text)
    __aeabi_fdiv                             0x08000371   Thumb Code   124  fdiv.o(.text)
    __aeabi_i2f                              0x080003ed   Thumb Code    18  fflti.o(.text)
    __aeabi_ui2f                             0x080003ff   Thumb Code    10  ffltui.o(.text)
    __aeabi_f2uiz                            0x08000409   Thumb Code    40  ffixui.o(.text)
    __aeabi_f2d                              0x08000431   Thumb Code    38  f2d.o(.text)
    __aeabi_uidiv                            0x08000457   Thumb Code     0  uidiv.o(.text)
    __aeabi_uidivmod                         0x08000457   Thumb Code    44  uidiv.o(.text)
    __aeabi_uldivmod                         0x08000483   Thumb Code    98  uldiv.o(.text)
    __I$use$fp                               0x080004e5   Thumb Code     0  iusefp.o(.text)
    _float_round                             0x080004e5   Thumb Code    18  fepilogue.o(.text)
    _float_epilogue                          0x080004f7   Thumb Code    92  fepilogue.o(.text)
    __aeabi_dadd                             0x08000553   Thumb Code   322  dadd.o(.text)
    __aeabi_dsub                             0x08000695   Thumb Code     6  dadd.o(.text)
    __aeabi_drsub                            0x0800069b   Thumb Code     6  dadd.o(.text)
    __aeabi_dmul                             0x080006a1   Thumb Code   228  dmul.o(.text)
    __aeabi_ddiv                             0x08000785   Thumb Code   222  ddiv.o(.text)
    __aeabi_d2ulz                            0x08000863   Thumb Code    48  dfixul.o(.text)
    __aeabi_cdrcmple                         0x08000895   Thumb Code    48  cdrcmple.o(.text)
    __scatterload                            0x080008c5   Thumb Code    28  init.o(.text)
    __scatterload_rt2                        0x080008c5   Thumb Code     0  init.o(.text)
    __aeabi_llsl                             0x080008e9   Thumb Code    30  llshl.o(.text)
    _ll_shift_l                              0x080008e9   Thumb Code     0  llshl.o(.text)
    __aeabi_llsr                             0x08000907   Thumb Code    32  llushr.o(.text)
    _ll_ushift_r                             0x08000907   Thumb Code     0  llushr.o(.text)
    __aeabi_lasr                             0x08000927   Thumb Code    36  llsshr.o(.text)
    _ll_sshift_r                             0x08000927   Thumb Code     0  llsshr.o(.text)
    _double_round                            0x0800094b   Thumb Code    30  depilogue.o(.text)
    _double_epilogue                         0x08000969   Thumb Code   156  depilogue.o(.text)
    __decompress                             0x08000a05   Thumb Code     0  __dczerorl2.o(.text)
    __decompress1                            0x08000a05   Thumb Code    86  __dczerorl2.o(.text)
    main                                     0x08000a5b   Thumb Code    14  components.o(i.$Sub$$main)
    CharToLong                               0x08000a69   Thumb Code    18  jy901.o(i.CharToLong)
    CopeSerialData                           0x08000a7d   Thumb Code   604  jy901.o(i.CopeSerialData)
    Encoder_Init_TIM2                        0x08000d0d   Thumb Code   114  encoder.o(i.Encoder_Init_TIM2)
    Encoder_Init_TIM4                        0x08000d89   Thumb Code   142  encoder.o(i.Encoder_Init_TIM4)
    PWM_Init_TIM1                            0x08000e25   Thumb Code   268  motor.o(i.PWM_Init_TIM1)
    PcTx_Byte                                0x08000f41   Thumb Code    22  usart1.o(i.PcTx_Byte)
    PcTx_String                              0x08000f5d   Thumb Code    22  usart1.o(i.PcTx_String)
    Read_Encoder                             0x08000f75   Thumb Code    52  encoder.o(i.Read_Encoder)
    SysTick_Handler                          0x08001095   Thumb Code    16  board.o(i.SysTick_Handler)
    SystemCoreClockUpdate                    0x080010a5   Thumb Code   142  system_stm32f10x.o(i.SystemCoreClockUpdate)
    SystemInit                               0x08001149   Thumb Code    78  system_stm32f10x.o(i.SystemInit)
    Task_Pc3                                 0x080011a9   Thumb Code   106  usart3.o(i.Task_Pc3)
    USART2_IRQHandler                        0x0800123d   Thumb Code    28  usart2.o(i.USART2_IRQHandler)
    USART3_IRQHandler                        0x0800125d   Thumb Code    58  usart3.o(i.USART3_IRQHandler)
    __0printf                                0x080012dd   Thumb Code    22  printfa.o(i.__0printf)
    __1printf                                0x080012dd   Thumb Code     0  printfa.o(i.__0printf)
    __2printf                                0x080012dd   Thumb Code     0  printfa.o(i.__0printf)
    __c89printf                              0x080012dd   Thumb Code     0  printfa.o(i.__0printf)
    printf                                   0x080012dd   Thumb Code     0  printfa.o(i.__0printf)
    __rt_ffs                                 0x080012fd   Thumb Code    70  kservice.o(i.__rt_ffs)
    __scatterload_copy                       0x08001349   Thumb Code    14  handlers.o(i.__scatterload_copy)
    __scatterload_null                       0x08001357   Thumb Code     2  handlers.o(i.__scatterload_null)
    __scatterload_zeroinit                   0x08001359   Thumb Code    14  handlers.o(i.__scatterload_zeroinit)
    controlMotor                             0x08001d25   Thumb Code    24  thread_mw.o(i.controlMotor)
    findFirstChar                            0x08001d41   Thumb Code    28  xnumx.o(i.findFirstChar)
    findLastChar                             0x08001d5d   Thumb Code    36  xnumx.o(i.findLastChar)
    fputc                                    0x08001d81   Thumb Code    24  usart3.o(i.fputc)
    free                                     0x08001d9d   Thumb Code    76  malloc.o(i.free)
    $Super$$main                             0x08001ded   Thumb Code   214  mian.o(i.main)
    main_thread_entry                        0x08001f71   Thumb Code    14  components.o(i.main_thread_entry)
    malloc                                   0x08001f81   Thumb Code    92  malloc.o(i.malloc)
    readEncode                               0x080021f1   Thumb Code    58  thread_mw.o(i.readEncode)
    rt_application_init                      0x08002239   Thumb Code    32  components.o(i.rt_application_init)
    rt_components_board_init                 0x08002265   Thumb Code    20  components.o(i.rt_components_board_init)
    rt_components_init                       0x08002281   Thumb Code    20  components.o(i.rt_components_init)
    rt_enter_critical                        0x0800229d   Thumb Code    28  scheduler.o(i.rt_enter_critical)
    rt_exit_critical                         0x080022bd   Thumb Code    54  scheduler.o(i.rt_exit_critical)
    rt_free                                  0x080022f9   Thumb Code   128  mem.o(i.rt_free)
    rt_heap_begin_get                        0x080023d9   Thumb Code     4  board.o(i.rt_heap_begin_get)
    rt_heap_end_get                          0x080023e1   Thumb Code     4  board.o(i.rt_heap_end_get)
    rt_hw_board_init                         0x080023e9   Thumb Code    56  board.o(i.rt_hw_board_init)
    rt_hw_console_output                     0x08002425   Thumb Code    20  board.o(i.rt_hw_console_output)
    rt_hw_hard_fault_exception               0x08002439   Thumb Code   190  cpuport.o(i.rt_hw_hard_fault_exception)
    rt_hw_stack_init                         0x08002639   Thumb Code    70  cpuport.o(i.rt_hw_stack_init)
    rt_interrupt_enter                       0x08002685   Thumb Code    26  irq.o(i.rt_interrupt_enter)
    rt_interrupt_leave                       0x080026a5   Thumb Code    26  irq.o(i.rt_interrupt_leave)
    rt_kprintf                               0x08002755   Thumb Code    44  kservice.o(i.rt_kprintf)
    rt_malloc                                0x08002815   Thumb Code   336  mem.o(i.rt_malloc)
    rt_memset                                0x08002981   Thumb Code    72  kservice.o(i.rt_memset)
    rt_object_allocate                       0x080029c9   Thumb Code    74  object.o(i.rt_object_allocate)
    rt_object_delete                         0x08002a13   Thumb Code    32  object.o(i.rt_object_delete)
    rt_object_detach                         0x08002a33   Thumb Code    26  object.o(i.rt_object_detach)
    rt_object_get_information                0x08002a4d   Thumb Code    36  object.o(i.rt_object_get_information)
    rt_object_init                           0x08002a75   Thumb Code    60  object.o(i.rt_object_init)
    rt_object_is_systemobject                0x08002ab1   Thumb Code    18  object.o(i.rt_object_is_systemobject)
    rt_schedule                              0x08002ac5   Thumb Code   118  scheduler.o(i.rt_schedule)
    rt_schedule_insert_thread                0x08002b55   Thumb Code    72  scheduler.o(i.rt_schedule_insert_thread)
    rt_schedule_remove_thread                0x08002ba5   Thumb Code    76  scheduler.o(i.rt_schedule_remove_thread)
    rt_sem_init                              0x08002bf9   Thumb Code    38  ipc.o(i.rt_sem_init)
    rt_sem_release                           0x08002c1f   Thumb Code    58  ipc.o(i.rt_sem_release)
    rt_sem_take                              0x08002c59   Thumb Code   116  ipc.o(i.rt_sem_take)
    rt_show_version                          0x08002ccd   Thumb Code    38  kservice.o(i.rt_show_version)
    rt_strlen                                0x08002d7d   Thumb Code    18  kservice.o(i.rt_strlen)
    rt_strncpy                               0x08002d8f   Thumb Code    52  kservice.o(i.rt_strncpy)
    rt_system_heap_init                      0x08002dc5   Thumb Code   160  mem.o(i.rt_system_heap_init)
    rt_system_scheduler_init                 0x08002ebd   Thumb Code    52  scheduler.o(i.rt_system_scheduler_init)
    rt_system_scheduler_start                0x08002f09   Thumb Code    36  scheduler.o(i.rt_system_scheduler_start)
    rt_system_timer_init                     0x08002f39   Thumb Code    24  timer.o(i.rt_system_timer_init)
    rt_system_timer_thread_init              0x08002f55   Thumb Code     2  timer.o(i.rt_system_timer_thread_init)
    rt_thread_create                         0x08002f57   Thumb Code    80  thread.o(i.rt_thread_create)
    rt_thread_delay                          0x08002fa7   Thumb Code    12  thread.o(i.rt_thread_delay)
    rt_thread_exit                           0x08002fb5   Thumb Code    76  thread.o(i.rt_thread_exit)
    rt_thread_idle_excute                    0x08003011   Thumb Code   128  idle.o(i.rt_thread_idle_excute)
    rt_thread_idle_init                      0x08003095   Thumb Code    38  idle.o(i.rt_thread_idle_init)
    rt_thread_init                           0x080030d1   Thumb Code    52  thread.o(i.rt_thread_init)
    rt_thread_resume                         0x08003105   Thumb Code    60  thread.o(i.rt_thread_resume)
    rt_thread_self                           0x08003141   Thumb Code     6  thread.o(i.rt_thread_self)
    rt_thread_sleep                          0x0800314d   Thumb Code    62  thread.o(i.rt_thread_sleep)
    rt_thread_startup                        0x08003191   Thumb Code    44  thread.o(i.rt_thread_startup)
    rt_thread_suspend                        0x080031bd   Thumb Code    68  thread.o(i.rt_thread_suspend)
    rt_thread_timeout                        0x08003201   Thumb Code    32  thread.o(i.rt_thread_timeout)
    rt_thread_yield                          0x08003221   Thumb Code    92  thread.o(i.rt_thread_yield)
    rt_tick_get                              0x08003285   Thumb Code     6  clock.o(i.rt_tick_get)
    rt_tick_increase                         0x08003291   Thumb Code    42  clock.o(i.rt_tick_increase)
    rt_timer_check                           0x080032c1   Thumb Code   118  timer.o(i.rt_timer_check)
    rt_timer_control                         0x0800333d   Thumb Code    56  timer.o(i.rt_timer_control)
    rt_timer_create                          0x08003375   Thumb Code    54  timer.o(i.rt_timer_create)
    rt_timer_detach                          0x080033ab   Thumb Code    32  timer.o(i.rt_timer_detach)
    rt_timer_init                            0x080033cb   Thumb Code    46  timer.o(i.rt_timer_init)
    rt_timer_start                           0x080033f9   Thumb Code   238  timer.o(i.rt_timer_start)
    rt_timer_stop                            0x080034f1   Thumb Code    48  timer.o(i.rt_timer_stop)
    rt_vsnprintf                             0x08003521   Thumb Code   800  kservice.o(i.rt_vsnprintf)
    rtthread_startup                         0x08003859   Thumb Code    42  components.o(i.rtthread_startup)
    sendData                                 0x08003885   Thumb Code    26  thread_mw.o(i.sendData)
    time_thread                              0x080038cd   Thumb Code   174  thread_mw.o(i.time_thread)
    timer1_f                                 0x080039bd   Thumb Code    28  thread_mw.o(i.timer1_f)
    usart2_init                              0x080039dd   Thumb Code   392  usart2.o(i.usart2_init)
    usart3_init                              0x08003b7d   Thumb Code   394  usart3.o(i.usart3_init)
    usart_init                               0x08003d21   Thumb Code   394  usart1.o(i.usart_init)
    xnumx                                    0x08003ec5   Thumb Code   346  xnumx.o(i.xnumx)
    __lowest_bit_bitmap                      0x0800404c   Data         256  kservice.o(.constdata)
    __rt_init_rti_start                      0x080041d0   Data           4  components.o(.rti_fn.0)
    __rt_init_rti_board_start                0x080041d4   Data           4  components.o(.rti_fn.0.end)
    __rt_init_rti_board_end                  0x080041d8   Data           4  components.o(.rti_fn.1.end)
    __rt_init_rti_end                        0x080041dc   Data           4  components.o(.rti_fn.6.end)
    Region$$Table$$Base                      0x080041e0   Number         0  anon$$obj.o(Region$$Table)
    Region$$Table$$Limit                     0x08004200   Number         0  anon$$obj.o(Region$$Table)
    tid1                                     0x20000000   Data           4  mian.o(.data)
    tid2                                     0x20000004   Data           4  mian.o(.data)
    tid3                                     0x20000008   Data           4  mian.o(.data)
    tid_time                                 0x2000000c   Data           4  mian.o(.data)
    timer1                                   0x20000010   Data           4  mian.o(.data)
    Rx_End3                                  0x20000014   Data           2  usart3.o(.data)
    Rx_Len3                                  0x20000016   Data           2  usart3.o(.data)
    Rx_Tm3                                   0x20000018   Data           2  usart3.o(.data)
    __stdout                                 0x2000001c   Data           4  usart3.o(.data)
    imuCorrectCount                          0x20000020   Data           2  thread_mw.o(.data)
    imuErrorCount                            0x20000022   Data           2  thread_mw.o(.data)
    readEncodeCount                          0x20000024   Data           2  thread_mw.o(.data)
    sendDataCount                            0x20000026   Data           2  thread_mw.o(.data)
    controlMotorCount                        0x20000028   Data           2  thread_mw.o(.data)
    leftEncoder                              0x2000002c   Data           4  thread_mw.o(.data)
    rightEncoder                             0x20000030   Data           4  thread_mw.o(.data)
    stcTime                                  0x20000034   Data           8  jy901.o(.data)
    stcAcc                                   0x2000003c   Data           8  jy901.o(.data)
    stcGyro                                  0x20000044   Data           8  jy901.o(.data)
    stcAngle                                 0x2000004c   Data           8  jy901.o(.data)
    stcMag                                   0x20000054   Data           8  jy901.o(.data)
    stcDStatus                               0x2000005c   Data           8  jy901.o(.data)
    stcPress                                 0x20000064   Data           8  jy901.o(.data)
    stcLonLat                                0x2000006c   Data           8  jy901.o(.data)
    stcGPSV                                  0x20000074   Data           8  jy901.o(.data)
    SystemCoreClock                          0x20000080   Data           4  system_stm32f10x.o(.data)
    AHBPrescTable                            0x20000084   Data          16  system_stm32f10x.o(.data)
    rt_interrupt_from_thread                 0x20000094   Data           4  cpuport.o(.data)
    rt_interrupt_to_thread                   0x20000098   Data           4  cpuport.o(.data)
    rt_thread_switch_interrupt_flag          0x2000009c   Data           4  cpuport.o(.data)
    rt_interrupt_nest                        0x200000a8   Data           1  irq.o(.data)
    rt_current_thread                        0x20000108   Data           4  scheduler.o(.data)
    rt_current_priority                      0x2000010c   Data           1  scheduler.o(.data)
    rt_thread_ready_priority_group           0x20000110   Data           4  scheduler.o(.data)
    rt_thread_defunct                        0x20000114   Data           8  scheduler.o(.data)
    __microlib_freelist                      0x20000128   Data           4  mvars.o(.data)
    __microlib_freelist_initialised          0x2000012c   Data           4  mvars.o(.data)
    Rx_Buf3                                  0x20000130   Data         512  usart3.o(.bss)
    rt_thread_priority_table                 0x20000554   Data          64  scheduler.o(.bss)
    __heap_base                              0x20001598   Data           0  startup_stm32f10x_md.o(HEAP)
    __heap_limit                             0x20001798   Data           0  startup_stm32f10x_md.o(HEAP)
    __initial_sp                             0x20001b98   Data           0  startup_stm32f10x_md.o(STACK)



==============================================================================

Memory Map of the image

  Image Entry point : 0x080000ed

  Load Region LR_IROM1 (Base: 0x08000000, Size: 0x00004330, Max: 0x00010000, ABSOLUTE, COMPRESSED[0x00004234])

    Execution Region ER_IROM1 (Exec base: 0x08000000, Load base: 0x08000000, Size: 0x00004200, Max: 0x00010000, ABSOLUTE)

    Exec Addr    Load Addr    Size         Type   Attr      Idx    E Section Name        Object

    0x08000000   0x08000000   0x000000ec   Data   RO          546    RESET               startup_stm32f10x_md.o
    0x080000ec   0x080000ec   0x00000000   Code   RO         1609  * .ARM.Collect$$$$00000000  mc_w.l(entry.o)
    0x080000ec   0x080000ec   0x00000004   Code   RO         1923    .ARM.Collect$$$$00000001  mc_w.l(entry2.o)
    0x080000f0   0x080000f0   0x00000004   Code   RO         1926    .ARM.Collect$$$$00000004  mc_w.l(entry5.o)
    0x080000f4   0x080000f4   0x00000000   Code   RO         1928    .ARM.Collect$$$$00000008  mc_w.l(entry7b.o)
    0x080000f4   0x080000f4   0x00000000   Code   RO         1930    .ARM.Collect$$$$0000000A  mc_w.l(entry8b.o)
    0x080000f4   0x080000f4   0x00000008   Code   RO         1931    .ARM.Collect$$$$0000000B  mc_w.l(entry9a.o)
    0x080000fc   0x080000fc   0x00000000   Code   RO         1933    .ARM.Collect$$$$0000000D  mc_w.l(entry10a.o)
    0x080000fc   0x080000fc   0x00000000   Code   RO         1935    .ARM.Collect$$$$0000000F  mc_w.l(entry11a.o)
    0x080000fc   0x080000fc   0x00000004   Code   RO         1924    .ARM.Collect$$$$00002712  mc_w.l(entry2.o)
    0x08000100   0x08000100   0x00000024   Code   RO          547    .text               startup_stm32f10x_md.o
    0x08000124   0x08000124   0x000000f0   Code   RO          597    .text               context_rvds.o
    0x08000214   0x08000214   0x00000024   Code   RO         1612    .text               mc_w.l(memcpya.o)
    0x08000238   0x08000238   0x00000024   Code   RO         1614    .text               mc_w.l(memseta.o)
    0x0800025c   0x0800025c   0x000000b0   Code   RO         1907    .text               mf_w.l(fadd.o)
    0x0800030c   0x0800030c   0x00000064   Code   RO         1909    .text               mf_w.l(fmul.o)
    0x08000370   0x08000370   0x0000007c   Code   RO         1911    .text               mf_w.l(fdiv.o)
    0x080003ec   0x080003ec   0x00000012   Code   RO         1913    .text               mf_w.l(fflti.o)
    0x080003fe   0x080003fe   0x0000000a   Code   RO         1915    .text               mf_w.l(ffltui.o)
    0x08000408   0x08000408   0x00000028   Code   RO         1919    .text               mf_w.l(ffixui.o)
    0x08000430   0x08000430   0x00000026   Code   RO         1921    .text               mf_w.l(f2d.o)
    0x08000456   0x08000456   0x0000002c   Code   RO         1937    .text               mc_w.l(uidiv.o)
    0x08000482   0x08000482   0x00000062   Code   RO         1939    .text               mc_w.l(uldiv.o)
    0x080004e4   0x080004e4   0x00000000   Code   RO         1943    .text               mc_w.l(iusefp.o)
    0x080004e4   0x080004e4   0x0000006e   Code   RO         1944    .text               mf_w.l(fepilogue.o)
    0x08000552   0x08000552   0x0000014e   Code   RO         1946    .text               mf_w.l(dadd.o)
    0x080006a0   0x080006a0   0x000000e4   Code   RO         1948    .text               mf_w.l(dmul.o)
    0x08000784   0x08000784   0x000000de   Code   RO         1950    .text               mf_w.l(ddiv.o)
    0x08000862   0x08000862   0x00000030   Code   RO         1952    .text               mf_w.l(dfixul.o)
    0x08000892   0x08000892   0x00000002   PAD
    0x08000894   0x08000894   0x00000030   Code   RO         1954    .text               mf_w.l(cdrcmple.o)
    0x080008c4   0x080008c4   0x00000024   Code   RO         1956    .text               mc_w.l(init.o)
    0x080008e8   0x080008e8   0x0000001e   Code   RO         1958    .text               mc_w.l(llshl.o)
    0x08000906   0x08000906   0x00000020   Code   RO         1960    .text               mc_w.l(llushr.o)
    0x08000926   0x08000926   0x00000024   Code   RO         1962    .text               mc_w.l(llsshr.o)
    0x0800094a   0x0800094a   0x000000ba   Code   RO         1964    .text               mf_w.l(depilogue.o)
    0x08000a04   0x08000a04   0x00000056   Code   RO         1974    .text               mc_w.l(__dczerorl2.o)
    0x08000a5a   0x08000a5a   0x0000000e   Code   RO          681    i.$Sub$$main        components.o
    0x08000a68   0x08000a68   0x00000012   Code   RO          432    i.CharToLong        jy901.o
    0x08000a7a   0x08000a7a   0x00000002   PAD
    0x08000a7c   0x08000a7c   0x00000290   Code   RO          433    i.CopeSerialData    jy901.o
    0x08000d0c   0x08000d0c   0x0000007c   Code   RO          146    i.Encoder_Init_TIM2  encoder.o
    0x08000d88   0x08000d88   0x0000009c   Code   RO          147    i.Encoder_Init_TIM4  encoder.o
    0x08000e24   0x08000e24   0x0000011c   Code   RO          182    i.PWM_Init_TIM1     motor.o
    0x08000f40   0x08000f40   0x0000001c   Code   RO          224    i.PcTx_Byte         usart1.o
    0x08000f5c   0x08000f5c   0x00000016   Code   RO          225    i.PcTx_String       usart1.o
    0x08000f72   0x08000f72   0x00000002   PAD
    0x08000f74   0x08000f74   0x00000038   Code   RO          148    i.Read_Encoder      encoder.o
    0x08000fac   0x08000fac   0x00000008   Code   RO          554    i.SetSysClock       system_stm32f10x.o
    0x08000fb4   0x08000fb4   0x000000e0   Code   RO          555    i.SetSysClockTo72   system_stm32f10x.o
    0x08001094   0x08001094   0x00000010   Code   RO         1550    i.SysTick_Handler   board.o
    0x080010a4   0x080010a4   0x000000a4   Code   RO          556    i.SystemCoreClockUpdate  system_stm32f10x.o
    0x08001148   0x08001148   0x00000060   Code   RO          557    i.SystemInit        system_stm32f10x.o
    0x080011a8   0x080011a8   0x00000094   Code   RO          308    i.Task_Pc3          usart3.o
    0x0800123c   0x0800123c   0x00000020   Code   RO          266    i.USART2_IRQHandler  usart2.o
    0x0800125c   0x0800125c   0x00000050   Code   RO          309    i.USART3_IRQHandler  usart3.o
    0x080012ac   0x080012ac   0x00000030   Code   RO         1551    i._SysTick_Config   board.o
    0x080012dc   0x080012dc   0x00000020   Code   RO         1851    i.__0printf         mc_w.l(printfa.o)
    0x080012fc   0x080012fc   0x0000004c   Code   RO          962    i.__rt_ffs          kservice.o
    0x08001348   0x08001348   0x0000000e   Code   RO         1968    i.__scatterload_copy  mc_w.l(handlers.o)
    0x08001356   0x08001356   0x00000002   Code   RO         1969    i.__scatterload_null  mc_w.l(handlers.o)
    0x08001358   0x08001358   0x0000000e   Code   RO         1970    i.__scatterload_zeroinit  mc_w.l(handlers.o)
    0x08001366   0x08001366   0x00000002   PAD
    0x08001368   0x08001368   0x00000184   Code   RO         1858    i._fp_digits        mc_w.l(printfa.o)
    0x080014ec   0x080014ec   0x00000014   Code   RO          755    i._has_defunct_thread  idle.o
    0x08001500   0x08001500   0x000006dc   Code   RO         1859    i._printf_core      mc_w.l(printfa.o)
    0x08001bdc   0x08001bdc   0x00000024   Code   RO         1860    i._printf_post_padding  mc_w.l(printfa.o)
    0x08001c00   0x08001c00   0x0000002e   Code   RO         1861    i._printf_pre_padding  mc_w.l(printfa.o)
    0x08001c2e   0x08001c2e   0x00000002   PAD
    0x08001c30   0x08001c30   0x00000084   Code   RO         1325    i._rt_thread_init   thread.o
    0x08001cb4   0x08001cb4   0x00000042   Code   RO         1440    i._rt_timer_init    timer.o
    0x08001cf6   0x08001cf6   0x0000002e   Code   RO         1441    i._rt_timer_remove  timer.o
    0x08001d24   0x08001d24   0x0000001c   Code   RO          377    i.controlMotor      thread_mw.o
    0x08001d40   0x08001d40   0x0000001c   Code   RO          494    i.findFirstChar     xnumx.o
    0x08001d5c   0x08001d5c   0x00000024   Code   RO          495    i.findLastChar      xnumx.o
    0x08001d80   0x08001d80   0x0000001c   Code   RO          311    i.fputc             usart3.o
    0x08001d9c   0x08001d9c   0x00000050   Code   RO         1879    i.free              mc_w.l(malloc.o)
    0x08001dec   0x08001dec   0x00000184   Code   RO            4    i.main              mian.o
    0x08001f70   0x08001f70   0x0000000e   Code   RO          682    i.main_thread_entry  components.o
    0x08001f7e   0x08001f7e   0x00000002   PAD
    0x08001f80   0x08001f80   0x0000006c   Code   RO         1880    i.malloc            mc_w.l(malloc.o)
    0x08001fec   0x08001fec   0x00000078   Code   RO         1139    i.plug_holes        mem.o
    0x08002064   0x08002064   0x0000018c   Code   RO          964    i.print_number      kservice.o
    0x080021f0   0x080021f0   0x00000048   Code   RO          378    i.readEncode        thread_mw.o
    0x08002238   0x08002238   0x0000002c   Code   RO          683    i.rt_application_init  components.o
    0x08002264   0x08002264   0x0000001c   Code   RO          684    i.rt_components_board_init  components.o
    0x08002280   0x08002280   0x0000001c   Code   RO          685    i.rt_components_init  components.o
    0x0800229c   0x0800229c   0x00000020   Code   RO         1259    i.rt_enter_critical  scheduler.o
    0x080022bc   0x080022bc   0x0000003c   Code   RO         1260    i.rt_exit_critical  scheduler.o
    0x080022f8   0x080022f8   0x000000e0   Code   RO         1141    i.rt_free           mem.o
    0x080023d8   0x080023d8   0x00000008   Code   RO         1552    i.rt_heap_begin_get  board.o
    0x080023e0   0x080023e0   0x00000008   Code   RO         1553    i.rt_heap_end_get   board.o
    0x080023e8   0x080023e8   0x0000003c   Code   RO         1554    i.rt_hw_board_init  board.o
    0x08002424   0x08002424   0x00000014   Code   RO         1555    i.rt_hw_console_output  board.o
    0x08002438   0x08002438   0x00000200   Code   RO          603    i.rt_hw_hard_fault_exception  cpuport.o
    0x08002638   0x08002638   0x0000004c   Code   RO          604    i.rt_hw_stack_init  cpuport.o
    0x08002684   0x08002684   0x00000020   Code   RO          935    i.rt_interrupt_enter  irq.o
    0x080026a4   0x080026a4   0x00000020   Code   RO          937    i.rt_interrupt_leave  irq.o
    0x080026c4   0x080026c4   0x00000014   Code   RO          795    i.rt_ipc_list_resume  ipc.o
    0x080026d8   0x080026d8   0x0000006c   Code   RO          797    i.rt_ipc_list_suspend  ipc.o
    0x08002744   0x08002744   0x00000010   Code   RO          798    i.rt_ipc_object_init  ipc.o
    0x08002754   0x08002754   0x00000030   Code   RO          968    i.rt_kprintf        kservice.o
    0x08002784   0x08002784   0x00000006   Code   RO          799    i.rt_list_init      ipc.o
    0x0800278a   0x0800278a   0x00000006   Code   RO         1261    i.rt_list_init      scheduler.o
    0x08002790   0x08002790   0x00000006   Code   RO         1442    i.rt_list_init      timer.o
    0x08002796   0x08002796   0x0000000e   Code   RO         1189    i.rt_list_insert_after  object.o
    0x080027a4   0x080027a4   0x0000000e   Code   RO         1326    i.rt_list_insert_after  thread.o
    0x080027b2   0x080027b2   0x0000000e   Code   RO         1443    i.rt_list_insert_after  timer.o
    0x080027c0   0x080027c0   0x0000000e   Code   RO          800    i.rt_list_insert_before  ipc.o
    0x080027ce   0x080027ce   0x00000010   Code   RO          801    i.rt_list_isempty   ipc.o
    0x080027de   0x080027de   0x00000010   Code   RO         1444    i.rt_list_isempty   timer.o
    0x080027ee   0x080027ee   0x00000012   Code   RO         1190    i.rt_list_remove    object.o
    0x08002800   0x08002800   0x00000012   Code   RO         1327    i.rt_list_remove    thread.o
    0x08002812   0x08002812   0x00000002   PAD
    0x08002814   0x08002814   0x0000016c   Code   RO         1142    i.rt_malloc         mem.o
    0x08002980   0x08002980   0x00000048   Code   RO          974    i.rt_memset         kservice.o
    0x080029c8   0x080029c8   0x0000004a   Code   RO         1191    i.rt_object_allocate  object.o
    0x08002a12   0x08002a12   0x00000020   Code   RO         1192    i.rt_object_delete  object.o
    0x08002a32   0x08002a32   0x0000001a   Code   RO         1193    i.rt_object_detach  object.o
    0x08002a4c   0x08002a4c   0x00000028   Code   RO         1195    i.rt_object_get_information  object.o
    0x08002a74   0x08002a74   0x0000003c   Code   RO         1196    i.rt_object_init    object.o
    0x08002ab0   0x08002ab0   0x00000012   Code   RO         1197    i.rt_object_is_systemobject  object.o
    0x08002ac2   0x08002ac2   0x00000002   PAD
    0x08002ac4   0x08002ac4   0x00000090   Code   RO         1262    i.rt_schedule       scheduler.o
    0x08002b54   0x08002b54   0x00000050   Code   RO         1263    i.rt_schedule_insert_thread  scheduler.o
    0x08002ba4   0x08002ba4   0x00000054   Code   RO         1264    i.rt_schedule_remove_thread  scheduler.o
    0x08002bf8   0x08002bf8   0x00000026   Code   RO          814    i.rt_sem_init       ipc.o
    0x08002c1e   0x08002c1e   0x0000003a   Code   RO          815    i.rt_sem_release    ipc.o
    0x08002c58   0x08002c58   0x00000074   Code   RO          816    i.rt_sem_take       ipc.o
    0x08002ccc   0x08002ccc   0x000000b0   Code   RO          976    i.rt_show_version   kservice.o
    0x08002d7c   0x08002d7c   0x00000012   Code   RO          982    i.rt_strlen         kservice.o
    0x08002d8e   0x08002d8e   0x00000034   Code   RO          984    i.rt_strncpy        kservice.o
    0x08002dc2   0x08002dc2   0x00000002   PAD
    0x08002dc4   0x08002dc4   0x000000f8   Code   RO         1145    i.rt_system_heap_init  mem.o
    0x08002ebc   0x08002ebc   0x0000004c   Code   RO         1265    i.rt_system_scheduler_init  scheduler.o
    0x08002f08   0x08002f08   0x00000030   Code   RO         1266    i.rt_system_scheduler_start  scheduler.o
    0x08002f38   0x08002f38   0x0000001c   Code   RO         1445    i.rt_system_timer_init  timer.o
    0x08002f54   0x08002f54   0x00000002   Code   RO         1446    i.rt_system_timer_thread_init  timer.o
    0x08002f56   0x08002f56   0x00000050   Code   RO         1329    i.rt_thread_create  thread.o
    0x08002fa6   0x08002fa6   0x0000000c   Code   RO         1330    i.rt_thread_delay   thread.o
    0x08002fb2   0x08002fb2   0x00000002   PAD
    0x08002fb4   0x08002fb4   0x00000054   Code   RO         1333    i.rt_thread_exit    thread.o
    0x08003008   0x08003008   0x00000008   Code   RO          756    i.rt_thread_idle_entry  idle.o
    0x08003010   0x08003010   0x00000084   Code   RO          757    i.rt_thread_idle_excute  idle.o
    0x08003094   0x08003094   0x0000003c   Code   RO          759    i.rt_thread_idle_init  idle.o
    0x080030d0   0x080030d0   0x00000034   Code   RO         1335    i.rt_thread_init    thread.o
    0x08003104   0x08003104   0x0000003c   Code   RO         1336    i.rt_thread_resume  thread.o
    0x08003140   0x08003140   0x0000000c   Code   RO         1337    i.rt_thread_self    thread.o
    0x0800314c   0x0800314c   0x00000044   Code   RO         1338    i.rt_thread_sleep   thread.o
    0x08003190   0x08003190   0x0000002c   Code   RO         1339    i.rt_thread_startup  thread.o
    0x080031bc   0x080031bc   0x00000044   Code   RO         1340    i.rt_thread_suspend  thread.o
    0x08003200   0x08003200   0x00000020   Code   RO         1341    i.rt_thread_timeout  thread.o
    0x08003220   0x08003220   0x00000064   Code   RO         1342    i.rt_thread_yield   thread.o
    0x08003284   0x08003284   0x0000000c   Code   RO          642    i.rt_tick_get       clock.o
    0x08003290   0x08003290   0x00000030   Code   RO          643    i.rt_tick_increase  clock.o
    0x080032c0   0x080032c0   0x0000007c   Code   RO         1447    i.rt_timer_check    timer.o
    0x0800333c   0x0800333c   0x00000038   Code   RO         1448    i.rt_timer_control  timer.o
    0x08003374   0x08003374   0x00000036   Code   RO         1449    i.rt_timer_create   timer.o
    0x080033aa   0x080033aa   0x00000020   Code   RO         1451    i.rt_timer_detach   timer.o
    0x080033ca   0x080033ca   0x0000002e   Code   RO         1452    i.rt_timer_init     timer.o
    0x080033f8   0x080033f8   0x000000f8   Code   RO         1455    i.rt_timer_start    timer.o
    0x080034f0   0x080034f0   0x00000030   Code   RO         1456    i.rt_timer_stop     timer.o
    0x08003520   0x08003520   0x00000328   Code   RO          987    i.rt_vsnprintf      kservice.o
    0x08003848   0x08003848   0x00000004   Code   RO          686    i.rti_board_end     components.o
    0x0800384c   0x0800384c   0x00000004   Code   RO          687    i.rti_board_start   components.o
    0x08003850   0x08003850   0x00000004   Code   RO          688    i.rti_end           components.o
    0x08003854   0x08003854   0x00000004   Code   RO          689    i.rti_start         components.o
    0x08003858   0x08003858   0x0000002a   Code   RO          690    i.rtthread_startup  components.o
    0x08003882   0x08003882   0x00000002   PAD
    0x08003884   0x08003884   0x00000020   Code   RO          379    i.sendData          thread_mw.o
    0x080038a4   0x080038a4   0x00000026   Code   RO          989    i.skip_atoi         kservice.o
    0x080038ca   0x080038ca   0x00000002   PAD
    0x080038cc   0x080038cc   0x000000f0   Code   RO          380    i.time_thread       thread_mw.o
    0x080039bc   0x080039bc   0x00000020   Code   RO          381    i.timer1_f          thread_mw.o
    0x080039dc   0x080039dc   0x000001a0   Code   RO          267    i.usart2_init       usart2.o
    0x08003b7c   0x08003b7c   0x000001a4   Code   RO          312    i.usart3_init       usart3.o
    0x08003d20   0x08003d20   0x000001a4   Code   RO          226    i.usart_init        usart1.o
    0x08003ec4   0x08003ec4   0x00000160   Code   RO          496    i.xnumx             xnumx.o
    0x08004024   0x08004024   0x00000028   Data   RO          497    .constdata          xnumx.o
    0x0800404c   0x0800404c   0x00000122   Data   RO          991    .constdata          kservice.o
    0x0800416e   0x0800416e   0x00000002   PAD
    0x08004170   0x08004170   0x0000005f   Data   RO          382    .conststring        thread_mw.o
    0x080041cf   0x080041cf   0x00000001   PAD
    0x080041d0   0x080041d0   0x00000004   Data   RO          691    .rti_fn.0           components.o
    0x080041d4   0x080041d4   0x00000004   Data   RO          692    .rti_fn.0.end       components.o
    0x080041d8   0x080041d8   0x00000004   Data   RO          693    .rti_fn.1.end       components.o
    0x080041dc   0x080041dc   0x00000004   Data   RO          694    .rti_fn.6.end       components.o
    0x080041e0   0x080041e0   0x00000020   Data   RO         1966    Region$$Table       anon$$obj.o


    Execution Region RW_IRAM1 (Exec base: 0x20000000, Load base: 0x08004200, Size: 0x00001b98, Max: 0x00005000, ABSOLUTE, COMPRESSED[0x00000034])

    Exec Addr    Load Addr    Size         Type   Attr      Idx    E Section Name        Object

    0x20000000   COMPRESSED   0x00000014   Data   RW            5    .data               mian.o
    0x20000014   COMPRESSED   0x0000000c   Data   RW          314    .data               usart3.o
    0x20000020   COMPRESSED   0x00000014   Data   RW          383    .data               thread_mw.o
    0x20000034   COMPRESSED   0x00000049   Data   RW          437    .data               jy901.o
    0x2000007d   COMPRESSED   0x00000003   PAD
    0x20000080   COMPRESSED   0x00000014   Data   RW          558    .data               system_stm32f10x.o
    0x20000094   COMPRESSED   0x00000010   Data   RW          605    .data               cpuport.o
    0x200000a4   COMPRESSED   0x00000004   Data   RW          645    .data               clock.o
    0x200000a8   COMPRESSED   0x00000001   Data   RW          938    .data               irq.o
    0x200000a9   COMPRESSED   0x00000003   PAD
    0x200000ac   COMPRESSED   0x00000018   Data   RW         1147    .data               mem.o
    0x200000c4   COMPRESSED   0x00000040   Data   RW         1199    .data               object.o
    0x20000104   COMPRESSED   0x00000018   Data   RW         1268    .data               scheduler.o
    0x2000011c   COMPRESSED   0x0000000c   Data   RW         1457    .data               timer.o
    0x20000128   COMPRESSED   0x00000004   Data   RW         1941    .data               mc_w.l(mvars.o)
    0x2000012c   COMPRESSED   0x00000004   Data   RW         1942    .data               mc_w.l(mvars.o)
    0x20000130        -       0x00000200   Zero   RW          313    .bss                usart3.o
    0x20000330        -       0x0000000c   Zero   RW          436    .bss                jy901.o
    0x2000033c        -       0x00000178   Zero   RW          760    .bss                idle.o
    0x200004b4        -       0x00000080   Zero   RW          990    .bss                kservice.o
    0x20000534        -       0x00000020   Zero   RW         1146    .bss                mem.o
    0x20000554        -       0x00000040   Zero   RW         1267    .bss                scheduler.o
    0x20000594        -       0x00001000   Zero   RW         1556    .bss                board.o
    0x20001594   COMPRESSED   0x00000004   PAD
    0x20001598        -       0x00000200   Zero   RW          545    HEAP                startup_stm32f10x_md.o
    0x20001798        -       0x00000400   Zero   RW          544    STACK               startup_stm32f10x_md.o


==============================================================================

Image component sizes


      Code (inc. data)   RO Data    RW Data    ZI Data      Debug   Object Name

       160         16          0          0       4096       3430   board.o
        60         12          0          4          0       1109   clock.o
       186         28         16          0          0       5560   components.o
       240         26          0          0          0        804   context_rvds.o
       588        328          0         16          0       3166   cpuport.o
       336         28          0          0          0       1427   encoder.o
       220         30          0          0        376       4922   idle.o
       392          0          0          0          0       7537   ipc.o
        64         12          0          1          0       1514   irq.o
       674         62          0         73         12       3357   jy901.o
      1684        164        290          0        128       8544   kservice.o
       956        224          0         24         32       3788   mem.o
       388        174          0         20          0     212744   mian.o
       284         16          0          0          0        540   motor.o
       282          4          0         64          0       7432   object.o
       530         88          0         24         64       7766   scheduler.o
        36          8        236          0       1536        792   startup_stm32f10x_md.o
       492         50          0         20          0       2769   system_stm32f10x.o
       776         36          0          0          0      11039   thread.o
       404         94         95         20          0       2885   thread_mw.o
       786         20          0         12          0      11158   timer.o
       470         32          0          0          0      27086   usart1.o
       448         28          0          0          0       1546   usart2.o
       676         94          0         12        512       4322   usart3.o
       416          6         40          0          0       2627   xnumx.o

    ----------------------------------------------------------------------
     11566       1580        712        296       6760     337864   Object Totals
         0          0         32          0          0          0   (incl. Generated)
        18          0          3          6          4          0   (incl. Padding)

    ----------------------------------------------------------------------

      Code (inc. data)   RO Data    RW Data    ZI Data      Debug   Library Member Name

        86          0          0          0          0          0   __dczerorl2.o
         0          0          0          0          0          0   entry.o
         0          0          0          0          0          0   entry10a.o
         0          0          0          0          0          0   entry11a.o
         8          4          0          0          0          0   entry2.o
         4          0          0          0          0          0   entry5.o
         0          0          0          0          0          0   entry7b.o
         0          0          0          0          0          0   entry8b.o
         8          4          0          0          0          0   entry9a.o
        30          0          0          0          0          0   handlers.o
        36          8          0          0          0         68   init.o
         0          0          0          0          0          0   iusefp.o
        30          0          0          0          0         68   llshl.o
        36          0          0          0          0         68   llsshr.o
        32          0          0          0          0         68   llushr.o
       188         20          0          0          0        160   malloc.o
        36          0          0          0          0         68   memcpya.o
        36          0          0          0          0        108   memseta.o
         0          0          0          8          0          0   mvars.o
      2258         90          0          0          0        452   printfa.o
        44          0          0          0          0         80   uidiv.o
        98          0          0          0          0         92   uldiv.o
        48          0          0          0          0         68   cdrcmple.o
       334          0          0          0          0        148   dadd.o
       222          0          0          0          0        100   ddiv.o
       186          0          0          0          0        176   depilogue.o
        48          0          0          0          0         68   dfixul.o
       228          0          0          0          0         96   dmul.o
        38          0          0          0          0         68   f2d.o
       176          0          0          0          0        140   fadd.o
       124          0          0          0          0         88   fdiv.o
       110          0          0          0          0        168   fepilogue.o
        40          0          0          0          0         68   ffixui.o
        18          0          0          0          0         68   fflti.o
        10          0          0          0          0         68   ffltui.o
       100          0          0          0          0         76   fmul.o

    ----------------------------------------------------------------------
      4618        126          0          8          0       2632   Library Totals
         6          0          0          0          0          0   (incl. Padding)

    ----------------------------------------------------------------------

      Code (inc. data)   RO Data    RW Data    ZI Data      Debug   Library Name

      2930        126          0          8          0       1232   mc_w.l
      1682          0          0          0          0       1400   mf_w.l

    ----------------------------------------------------------------------
      4618        126          0          8          0       2632   Library Totals

    ----------------------------------------------------------------------

==============================================================================


      Code (inc. data)   RO Data    RW Data    ZI Data      Debug   

     16184       1706        712        304       6760     333292   Grand Totals
     16184       1706        712         52       6760     333292   ELF Image Totals (compressed)
     16184       1706        712         52          0          0   ROM Totals

==============================================================================

    Total RO  Size (Code + RO Data)                16896 (  16.50kB)
    Total RW  Size (RW Data + ZI Data)              7064 (   6.90kB)
    Total ROM Size (Code + RO Data + RW Data)      16948 (  16.55kB)

==============================================================================

