<html>
<body>
<pre>
<h1>µVision Build Log</h1>
<h2>Tool Versions:</h2>
IDE-Version: ¦ÌVision V5.14.0.0
Copyright (C) 2015 ARM Ltd and ARM Germany GmbH. All rights reserved.
License Information: meetwit AutoBVT, Microsoft, LIC=4ZLPC-7NF39-GN1A5-G6L1U-UHXEI-LW856
 
Tool Versions:
Toolchain:       MDK-ARM Professional  Version: 5.14.0.0
Toolchain Path:  C:\Keil_v5\ARM\ARMCC\Bin
C Compiler:      Armcc.exe V5.05 update 1 (build 106)
Assembler:       Armasm.exe V5.05 update 1 (build 106)
Linker/Locator:  ArmLink.exe V5.05 update 1 (build 106)
Library Manager: ArmAr.exe V5.05 update 1 (build 106)
Hex Converter:   FromElf.exe V5.05 update 1 (build 106)
CPU DLL:         SARMCM3.DLL V5.14.0.0
Dialog DLL:      DCM.DLL V1.13.1.0
Target DLL:      Segger\JL2CM3.dll V2.99.13.0
Dialog DLL:      TCM.DLL V1.14.4.0
 
<h2>Project:</h2>
E:\git\BalancingCar\project\balancingCar.uvprojx
Project File Date:  03/06/2019

<h2>Output:</h2>
Build target 'balancingCar'
compiling thread_mw.c...
USER\src\thread_mw.c(50): warning:  #550-D: variable "temp3" was set but never used
        float temp1,temp2,temp3;
USER\src\thread_mw.c: 1 warning, 0 errors
linking...
Program Size: Code=17260 RO-data=712 RW-data=336 ZI-data=6840  
".\Objects\balancingCar.axf" - 0 Error(s), 1 Warning(s).

<h2>Software Packages used:</h2>

Package Vendor: ARM
                http://www.keil.com/pack/ARM.CMSIS.5.0.1.pack
                ARM::CMSIS:CORE:5.0.1
                CMSIS (Cortex Microcontroller Software Interface Standard)
   * Component: CORE Version: 5.0.1

Package Vendor: Keil
                http://www.keil.com/pack/Keil.STM32F1xx_DFP.1.1.0.pack
                Keil::Device:Startup:1.0.0
                STMicroelectronics STM32F1 Series Device Support, Drivers and Examples
   * Component: Startup Version: 1.0.0

Package Vendor: rt-thread
                http://www.rt-thread.org/download/mdk/rt-thread.rtthread.3.0.3.pack
                rt-thread.RT-Thread::RTOS:kernel:3.0.3
                RT-Thread Software Components
   * Component: kernel Version: 3.0.3

<h2>Collection of Component include folders:</h2>
  E:\git\BalancingCar\project\RTE
  E:\git\BalancingCar\project\RTE\Device\STM32F103C8
  E:\git\BalancingCar\project\RTE\RTOS
  C:\Keil_v5\ARM\PACK\ARM\CMSIS\5.0.1\CMSIS\Include
  C:\Keil_v5\ARM\PACK\Keil\STM32F1xx_DFP\1.1.0\Device\Include
  C:\Keil_v5\ARM\PACK\rt-thread\rtthread\3.0.3\include

<h2>Collection of Component Files used:</h2>

   * Component: ARM::CMSIS:CORE:5.0.1

   * Component: Keil::Device:Startup:1.0.0
      Source file:   Device\Source\ARM\STM32F1xx_OPT.s
      Source file:   Device\Source\ARM\startup_stm32f10x_md.s
      Source file:   Device\Source\system_stm32f10x.c
      Include file:  RTE_Driver\Config\RTE_Device.h

   * Component: rt-thread.RT-Thread::RTOS:kernel:3.0.3
      Include file:  bsp\rtconfig.h
      Source file:   bsp\board.c
      Source file:   src\clock.c
      Source file:   src\components.c
      Source file:   src\device.c
      Source file:   src\idle.c
      Source file:   src\ipc.c
      Source file:   src\irq.c
      Source file:   src\kservice.c
      Source file:   src\mem.c
      Source file:   src\object.c
      Source file:   src\scheduler.c
      Source file:   src\thread.c
      Source file:   src\timer.c
      Source file:   libcpu\arm\cortex-m3\cpuport.c
      Source file:   libcpu\arm\cortex-m3\context_rvds.S
</pre>
</body>
</html>
